Archive member included to satisfy reference by file (symbol)

C:/Software/EMBEDD~1/ARM_GCC/142BCE~1.3RE/bin/../lib/gcc/arm-none-eabi/14.3.1/../../../../arm-none-eabi/lib/thumb/v7e-m+fp/hard\libg_nano.a(libc_a-exit.o)
                              C:/Software/EMBEDD~1/ARM_GCC/142BCE~1.3RE/bin/../lib/gcc/arm-none-eabi/14.3.1/../../../../arm-none-eabi/lib/thumb/v7e-m+fp/hard/crt0.o (exit)
C:/Software/EMBEDD~1/ARM_GCC/142BCE~1.3RE/bin/../lib/gcc/arm-none-eabi/14.3.1/../../../../arm-none-eabi/lib/thumb/v7e-m+fp/hard\libg_nano.a(libc_a-findfp.o)
                              C:/Software/EMBEDD~1/ARM_GCC/142BCE~1.3RE/bin/../lib/gcc/arm-none-eabi/14.3.1/../../../../arm-none-eabi/lib/thumb/v7e-m+fp/hard\libg_nano.a(libc_a-exit.o) (__stdio_exit_handler)
C:/Software/EMBEDD~1/ARM_GCC/142BCE~1.3RE/bin/../lib/gcc/arm-none-eabi/14.3.1/../../../../arm-none-eabi/lib/thumb/v7e-m+fp/hard\libg_nano.a(libc_a-fwalk.o)
                              C:/Software/EMBEDD~1/ARM_GCC/142BCE~1.3RE/bin/../lib/gcc/arm-none-eabi/14.3.1/../../../../arm-none-eabi/lib/thumb/v7e-m+fp/hard\libg_nano.a(libc_a-findfp.o) (_fwalk_sglue)
C:/Software/EMBEDD~1/ARM_GCC/142BCE~1.3RE/bin/../lib/gcc/arm-none-eabi/14.3.1/../../../../arm-none-eabi/lib/thumb/v7e-m+fp/hard\libg_nano.a(libc_a-stdio.o)
                              C:/Software/EMBEDD~1/ARM_GCC/142BCE~1.3RE/bin/../lib/gcc/arm-none-eabi/14.3.1/../../../../arm-none-eabi/lib/thumb/v7e-m+fp/hard\libg_nano.a(libc_a-findfp.o) (__sread)
C:/Software/EMBEDD~1/ARM_GCC/142BCE~1.3RE/bin/../lib/gcc/arm-none-eabi/14.3.1/../../../../arm-none-eabi/lib/thumb/v7e-m+fp/hard\libg_nano.a(libc_a-memset.o)
                              C:/Software/EMBEDD~1/ARM_GCC/142BCE~1.3RE/bin/../lib/gcc/arm-none-eabi/14.3.1/../../../../arm-none-eabi/lib/thumb/v7e-m+fp/hard/crt0.o (memset)
C:/Software/EMBEDD~1/ARM_GCC/142BCE~1.3RE/bin/../lib/gcc/arm-none-eabi/14.3.1/../../../../arm-none-eabi/lib/thumb/v7e-m+fp/hard\libg_nano.a(libc_a-closer.o)
                              C:/Software/EMBEDD~1/ARM_GCC/142BCE~1.3RE/bin/../lib/gcc/arm-none-eabi/14.3.1/../../../../arm-none-eabi/lib/thumb/v7e-m+fp/hard\libg_nano.a(libc_a-stdio.o) (_close_r)
C:/Software/EMBEDD~1/ARM_GCC/142BCE~1.3RE/bin/../lib/gcc/arm-none-eabi/14.3.1/../../../../arm-none-eabi/lib/thumb/v7e-m+fp/hard\libg_nano.a(libc_a-reent.o)
                              C:/Software/EMBEDD~1/ARM_GCC/142BCE~1.3RE/bin/../lib/gcc/arm-none-eabi/14.3.1/../../../../arm-none-eabi/lib/thumb/v7e-m+fp/hard\libg_nano.a(libc_a-closer.o) (errno)
C:/Software/EMBEDD~1/ARM_GCC/142BCE~1.3RE/bin/../lib/gcc/arm-none-eabi/14.3.1/../../../../arm-none-eabi/lib/thumb/v7e-m+fp/hard\libg_nano.a(libc_a-impure.o)
                              C:/Software/EMBEDD~1/ARM_GCC/142BCE~1.3RE/bin/../lib/gcc/arm-none-eabi/14.3.1/../../../../arm-none-eabi/lib/thumb/v7e-m+fp/hard\libg_nano.a(libc_a-reent.o) (_impure_ptr)
C:/Software/EMBEDD~1/ARM_GCC/142BCE~1.3RE/bin/../lib/gcc/arm-none-eabi/14.3.1/../../../../arm-none-eabi/lib/thumb/v7e-m+fp/hard\libg_nano.a(libc_a-lseekr.o)
                              C:/Software/EMBEDD~1/ARM_GCC/142BCE~1.3RE/bin/../lib/gcc/arm-none-eabi/14.3.1/../../../../arm-none-eabi/lib/thumb/v7e-m+fp/hard\libg_nano.a(libc_a-stdio.o) (_lseek_r)
C:/Software/EMBEDD~1/ARM_GCC/142BCE~1.3RE/bin/../lib/gcc/arm-none-eabi/14.3.1/../../../../arm-none-eabi/lib/thumb/v7e-m+fp/hard\libg_nano.a(libc_a-readr.o)
                              C:/Software/EMBEDD~1/ARM_GCC/142BCE~1.3RE/bin/../lib/gcc/arm-none-eabi/14.3.1/../../../../arm-none-eabi/lib/thumb/v7e-m+fp/hard\libg_nano.a(libc_a-stdio.o) (_read_r)
C:/Software/EMBEDD~1/ARM_GCC/142BCE~1.3RE/bin/../lib/gcc/arm-none-eabi/14.3.1/../../../../arm-none-eabi/lib/thumb/v7e-m+fp/hard\libg_nano.a(libc_a-writer.o)
                              C:/Software/EMBEDD~1/ARM_GCC/142BCE~1.3RE/bin/../lib/gcc/arm-none-eabi/14.3.1/../../../../arm-none-eabi/lib/thumb/v7e-m+fp/hard\libg_nano.a(libc_a-stdio.o) (_write_r)
C:/Software/EMBEDD~1/ARM_GCC/142BCE~1.3RE/bin/../lib/gcc/arm-none-eabi/14.3.1/../../../../arm-none-eabi/lib/thumb/v7e-m+fp/hard\libg_nano.a(libc_a-errno.o)
                              CMakeFiles/ESC_G4.dir/Core/Src/sysmem.c.obj (__errno)
C:/Software/EMBEDD~1/ARM_GCC/142BCE~1.3RE/bin/../lib/gcc/arm-none-eabi/14.3.1/../../../../arm-none-eabi/lib/thumb/v7e-m+fp/hard\libg_nano.a(libc_a-init.o)
                              C:/Software/EMBEDD~1/ARM_GCC/142BCE~1.3RE/bin/../lib/gcc/arm-none-eabi/14.3.1/../../../../arm-none-eabi/lib/thumb/v7e-m+fp/hard/crt0.o (__libc_init_array)
C:/Software/EMBEDD~1/ARM_GCC/142BCE~1.3RE/bin/../lib/gcc/arm-none-eabi/14.3.1/../../../../arm-none-eabi/lib/thumb/v7e-m+fp/hard\libg_nano.a(libc_a-lock.o)
                              C:/Software/EMBEDD~1/ARM_GCC/142BCE~1.3RE/bin/../lib/gcc/arm-none-eabi/14.3.1/../../../../arm-none-eabi/lib/thumb/v7e-m+fp/hard\libg_nano.a(libc_a-findfp.o) (__retarget_lock_init_recursive)
[...]
Memory Configuration

Name             Origin             Length             Attributes
RAM              0x20000000         0x00008000         xrw
FLASH            0x08000000         0x00020000         xr
*default*        0x00000000         0xffffffff

Linker script and memory map

LOAD C:/Software/EMBEDD~1/ARM_GCC/142BCE~1.3RE/bin/../lib/gcc/arm-none-eabi/14.3.1/thumb/v7e-m+fp/hard/crti.o
LOAD C:/Software/EMBEDD~1/ARM_GCC/142BCE~1.3RE/bin/../lib/gcc/arm-none-eabi/14.3.1/thumb/v7e-m+fp/hard/crtbegin.o
LOAD C:/Software/EMBEDD~1/ARM_GCC/142BCE~1.3RE/bin/../lib/gcc/arm-none-eabi/14.3.1/../../../../arm-none-eabi/lib/thumb/v7e-m+fp/hard/crt0.o
LOAD cmake/stm32cubemx/CMakeFiles/STM32_Drivers.dir/__/__/Core/Src/system_stm32g4xx.c.obj
LOAD cmake/stm32cubemx/CMakeFiles/STM32_Drivers.dir/__/__/Drivers/STM32G4xx_HAL_Driver/Src/stm32g4xx_hal_pwr_ex.c.obj
LOAD cmake/stm32cubemx/CMakeFiles/STM32_Drivers.dir/__/__/Drivers/STM32G4xx_HAL_Driver/Src/stm32g4xx_hal.c.obj
LOAD cmake/stm32cubemx/CMakeFiles/STM32_Drivers.dir/__/__/Drivers/STM32G4xx_HAL_Driver/Src/stm32g4xx_hal_rcc.c.obj
LOAD cmake/stm32cubemx/CMakeFiles/STM32_Drivers.dir/__/__/Drivers/STM32G4xx_HAL_Driver/Src/stm32g4xx_hal_rcc_ex.c.obj
LOAD cmake/stm32cubemx/CMakeFiles/STM32_Drivers.dir/__/__/Drivers/STM32G4xx_HAL_Driver/Src/stm32g4xx_hal_flash.c.obj
LOAD cmake/stm32cubemx/CMakeFiles/STM32_Drivers.dir/__/__/Drivers/STM32G4xx_HAL_Driver/Src/stm32g4xx_hal_flash_ex.c.obj
LOAD cmake/stm32cubemx/CMakeFiles/STM32_Drivers.dir/__/__/Drivers/STM32G4xx_HAL_Driver/Src/stm32g4xx_hal_flash_ramfunc.c.obj
LOAD cmake/stm32cubemx/CMakeFiles/STM32_Drivers.dir/__/__/Drivers/STM32G4xx_HAL_Driver/Src/stm32g4xx_hal_gpio.c.obj
LOAD cmake/stm32cubemx/CMakeFiles/STM32_Drivers.dir/__/__/Drivers/STM32G4xx_HAL_Driver/Src/stm32g4xx_hal_exti.c.obj
LOAD cmake/stm32cubemx/CMakeFiles/STM32_Drivers.dir/__/__/Drivers/STM32G4xx_HAL_Driver/Src/stm32g4xx_hal_dma.c.obj
LOAD cmake/stm32cubemx/CMakeFiles/STM32_Drivers.dir/__/__/Drivers/STM32G4xx_HAL_Driver/Src/stm32g4xx_hal_dma_ex.c.obj
LOAD cmake/stm32cubemx/CMakeFiles/STM32_Drivers.dir/__/__/Drivers/STM32G4xx_HAL_Driver/Src/stm32g4xx_hal_pwr.c.obj
LOAD cmake/stm32cubemx/CMakeFiles/STM32_Drivers.dir/__/__/Drivers/STM32G4xx_HAL_Driver/Src/stm32g4xx_hal_cortex.c.obj
LOAD CMakeFiles/ESC_G4.dir/Core/Src/main.c.obj
LOAD CMakeFiles/ESC_G4.dir/Core/Src/gpio.c.obj
LOAD CMakeFiles/ESC_G4.dir/Core/Src/stm32g4xx_it.c.obj
LOAD CMakeFiles/ESC_G4.dir/Core/Src/stm32g4xx_hal_msp.c.obj
LOAD CMakeFiles/ESC_G4.dir/Core/Src/sysmem.c.obj
LOAD CMakeFiles/ESC_G4.dir/Core/Src/syscalls.c.obj
LOAD CMakeFiles/ESC_G4.dir/startup_stm32g431xx.s.obj
LOAD C:/Software/EMBEDD~1/ARM_GCC/142BCE~1.3RE/bin/../lib/gcc/arm-none-eabi/14.3.1/../../../../arm-none-eabi/lib/thumb/v7e-m+fp/hard\libm.a
START GROUP
LOAD C:/Software/EMBEDD~1/ARM_GCC/142BCE~1.3RE/bin/../lib/gcc/arm-none-eabi/14.3.1/thumb/v7e-m+fp/hard\libgcc.a
LOAD C:/Software/EMBEDD~1/ARM_GCC/142BCE~1.3RE/bin/../lib/gcc/arm-none-eabi/14.3.1/../../../../arm-none-eabi/lib/thumb/v7e-m+fp/hard\libg_nano.a
LOAD C:/Software/EMBEDD~1/ARM_GCC/142BCE~1.3RE/bin/../lib/gcc/arm-none-eabi/14.3.1/../../../../arm-none-eabi/lib/thumb/v7e-m+fp/hard\libc_nano.a
END GROUP
START GROUP
LOAD C:/Software/EMBEDD~1/ARM_GCC/142BCE~1.3RE/bin/../lib/gcc/arm-none-eabi/14.3.1/thumb/v7e-m+fp/hard\libgcc.a
LOAD C:/Software/EMBEDD~1/ARM_GCC/142BCE~1.3RE/bin/../lib/gcc/arm-none-eabi/14.3.1/../../../../arm-none-eabi/lib/thumb/v7e-m+fp/hard\libc_nano.a
END GROUP
LOAD C:/Software/EMBEDD~1/ARM_GCC/142BCE~1.3RE/bin/../lib/gcc/arm-none-eabi/14.3.1/thumb/v7e-m+fp/hard/crtend.o
LOAD C:/Software/EMBEDD~1/ARM_GCC/142BCE~1.3RE/bin/../lib/gcc/arm-none-eabi/14.3.1/thumb/v7e-m+fp/hard/crtn.o
                0x20008000                        _estack = (ORIGIN (RAM) + LENGTH (RAM))
                0x00000200                        _Min_Heap_Size = 0x200
                0x00000400                        _Min_Stack_Size = 0x400

.isr_vector     0x08000000      0x1d8
                0x08000000                        . = ALIGN (0x4)
 *(.isr_vector)
 .isr_vector    0x08000000      0x1d8 CMakeFiles/ESC_G4.dir/startup_stm32g431xx.s.obj
                0x08000000                g_pfnVectors
                0x080001d8                        . = ALIGN (0x4)

.text           0x080001d8     0x15ac
                0x080001d8                        . = ALIGN (0x4)
 *(.text)
 *(.text*)
 .text.deregister_tm_clones
                0x080001d8       0x1c C:/Software/EMBEDD~1/ARM_GCC/142BCE~1.3RE/bin/../lib/gcc/arm-none-eabi/14.3.1/thumb/v7e-m+fp/hard/crtbegin.o
 .text.register_tm_clones
                0x080001f4       0x24 C:/Software/EMBEDD~1/ARM_GCC/142BCE~1.3RE/bin/../lib/gcc/arm-none-eabi/14.3.1/thumb/v7e-m+fp/hard/crtbegin.o
 .text.__do_global_dtors_aux
                0x08000218       0x28 C:/Software/EMBEDD~1/ARM_GCC/142BCE~1.3RE/bin/../lib/gcc/arm-none-eabi/14.3.1/thumb/v7e-m+fp/hard/crtbegin.o
 .text.frame_dummy
                0x08000240       0x24 C:/Software/EMBEDD~1/ARM_GCC/142BCE~1.3RE/bin/../lib/gcc/arm-none-eabi/14.3.1/thumb/v7e-m+fp/hard/crtbegin.o
 .text.SystemInit
                0x08000264       0x24 cmake/stm32cubemx/CMakeFiles/STM32_Drivers.dir/__/__/Core/Src/system_stm32g4xx.c.obj
                0x08000264                SystemInit
 .text.HAL_PWREx_ControlVoltageScaling
                0x08000288      0x148 cmake/stm32cubemx/CMakeFiles/STM32_Drivers.dir/__/__/Drivers/STM32G4xx_HAL_Driver/Src/stm32g4xx_hal_pwr_ex.c.obj
                0x08000288                HAL_PWREx_ControlVoltageScaling
 .text.HAL_PWREx_DisableUCPDDeadBattery
                0x080003d0       0x20 cmake/stm32cubemx/CMakeFiles/STM32_Drivers.dir/__/__/Drivers/STM32G4xx_HAL_Driver/Src/stm32g4xx_hal_pwr_ex.c.obj
                0x080003d0                HAL_PWREx_DisableUCPDDeadBattery
 .text.HAL_Init
                0x080003f0       0x30 cmake/stm32cubemx/CMakeFiles/STM32_Drivers.dir/__/__/Drivers/STM32G4xx_HAL_Driver/Src/stm32g4xx_hal.c.obj
                0x080003f0                HAL_Init
 .text.HAL_InitTick
                0x08000420       0x74 cmake/stm32cubemx/CMakeFiles/STM32_Drivers.dir/__/__/Drivers/STM32G4xx_HAL_Driver/Src/stm32g4xx_hal.c.obj
                0x08000420                HAL_InitTick
 .text.HAL_IncTick
                0x08000494       0x24 cmake/stm32cubemx/CMakeFiles/STM32_Drivers.dir/__/__/Drivers/STM32G4xx_HAL_Driver/Src/stm32g4xx_hal.c.obj
                0x08000494                HAL_IncTick
 .text.HAL_GetTick
                0x080004b8       0x18 cmake/stm32cubemx/CMakeFiles/STM32_Drivers.dir/__/__/Drivers/STM32G4xx_HAL_Driver/Src/stm32g4xx_hal.c.obj
                0x080004b8                HAL_GetTick
 .text.HAL_Delay
                0x080004d0       0x44 cmake/stm32cubemx/CMakeFiles/STM32_Drivers.dir/__/__/Drivers/STM32G4xx_HAL_Driver/Src/stm32g4xx_hal.c.obj
                0x080004d0                HAL_Delay
 .text.HAL_RCC_OscConfig
                0x08000514      0x624 cmake/stm32cubemx/CMakeFiles/STM32_Drivers.dir/__/__/Drivers/STM32G4xx_HAL_Driver/Src/stm32g4xx_hal_rcc.c.obj
                0x08000514                HAL_RCC_OscConfig
 .text.HAL_RCC_ClockConfig
                0x08000b38      0x278 cmake/stm32cubemx/CMakeFiles/STM32_Drivers.dir/__/__/Drivers/STM32G4xx_HAL_Driver/Src/stm32g4xx_hal_rcc.c.obj
                0x08000b38                HAL_RCC_ClockConfig
 .text.HAL_RCC_GetSysClockFreq
                0x08000db0       0xc4 cmake/stm32cubemx/CMakeFiles/STM32_Drivers.dir/__/__/Drivers/STM32G4xx_HAL_Driver/Src/stm32g4xx_hal_rcc.c.obj
                0x08000db0                HAL_RCC_GetSysClockFreq
 .text.RCC_GetSysClockFreqFromPLLSource
                0x08000e74       0x8c cmake/stm32cubemx/CMakeFiles/STM32_Drivers.dir/__/__/Drivers/STM32G4xx_HAL_Driver/Src/stm32g4xx_hal_rcc.c.obj
 .text.HAL_GPIO_Init
                0x08000f00      0x304 cmake/stm32cubemx/CMakeFiles/STM32_Drivers.dir/__/__/Drivers/STM32G4xx_HAL_Driver/Src/stm32g4xx_hal_gpio.c.obj
                0x08000f00                HAL_GPIO_Init
 .text.HAL_GPIO_WritePin
                0x08001204       0x30 cmake/stm32cubemx/CMakeFiles/STM32_Drivers.dir/__/__/Drivers/STM32G4xx_HAL_Driver/Src/stm32g4xx_hal_gpio.c.obj
                0x08001204                HAL_GPIO_WritePin
 .text.HAL_GPIO_TogglePin
                0x08001234       0x34 cmake/stm32cubemx/CMakeFiles/STM32_Drivers.dir/__/__/Drivers/STM32G4xx_HAL_Driver/Src/stm32g4xx_hal_gpio.c.obj
                0x08001234                HAL_GPIO_TogglePin
 .text.__NVIC_SetPriorityGrouping
                0x08001268       0x48 cmake/stm32cubemx/CMakeFiles/STM32_Drivers.dir/__/__/Drivers/STM32G4xx_HAL_Driver/Src/stm32g4xx_hal_cortex.c.obj
 .text.__NVIC_GetPriorityGrouping
                0x080012b0       0x1c cmake/stm32cubemx/CMakeFiles/STM32_Drivers.dir/__/__/Drivers/STM32G4xx_HAL_Driver/Src/stm32g4xx_hal_cortex.c.obj
 .text.__NVIC_SetPriority
                0x080012cc       0x54 cmake/stm32cubemx/CMakeFiles/STM32_Drivers.dir/__/__/Drivers/STM32G4xx_HAL_Driver/Src/stm32g4xx_hal_cortex.c.obj
 .text.NVIC_EncodePriority
                0x08001320       0x66 cmake/stm32cubemx/CMakeFiles/STM32_Drivers.dir/__/__/Drivers/STM32G4xx_HAL_Driver/Src/stm32g4xx_hal_cortex.c.obj
 *fill*         0x08001386        0x2 
 .text.SysTick_Config
                0x08001388       0x44 cmake/stm32cubemx/CMakeFiles/STM32_Drivers.dir/__/__/Drivers/STM32G4xx_HAL_Driver/Src/stm32g4xx_hal_cortex.c.obj
 .text.HAL_NVIC_SetPriorityGrouping
                0x080013cc       0x16 cmake/stm32cubemx/CMakeFiles/STM32_Drivers.dir/__/__/Drivers/STM32G4xx_HAL_Driver/Src/stm32g4xx_hal_cortex.c.obj
                0x080013cc                HAL_NVIC_SetPriorityGrouping
 .text.HAL_NVIC_SetPriority
                0x080013e2       0x34 cmake/stm32cubemx/CMakeFiles/STM32_Drivers.dir/__/__/Drivers/STM32G4xx_HAL_Driver/Src/stm32g4xx_hal_cortex.c.obj
                0x080013e2                HAL_NVIC_SetPriority
 .text.HAL_SYSTICK_Config
                0x08001416       0x18 cmake/stm32cubemx/CMakeFiles/STM32_Drivers.dir/__/__/Drivers/STM32G4xx_HAL_Driver/Src/stm32g4xx_hal_cortex.c.obj
                0x08001416                HAL_SYSTICK_Config
 *fill*         0x0800142e        0x2 
 .text.main     0x08001430       0x50 CMakeFiles/ESC_G4.dir/Core/Src/main.c.obj
                0x08001430                main
 .text.SystemClock_Config
                0x08001480       0x92 CMakeFiles/ESC_G4.dir/Core/Src/main.c.obj
                0x08001480                SystemClock_Config
 .text.Error_Handler
                0x08001512        0xc CMakeFiles/ESC_G4.dir/Core/Src/main.c.obj
                0x08001512                Error_Handler
 *fill*         0x0800151e        0x2 
 .text.MX_GPIO_Init
                0x08001520       0xf8 CMakeFiles/ESC_G4.dir/Core/Src/gpio.c.obj
                0x08001520                MX_GPIO_Init
 .text.NMI_Handler
                0x08001618        0x8 CMakeFiles/ESC_G4.dir/Core/Src/stm32g4xx_it.c.obj
                0x08001618                NMI_Handler
 .text.HardFault_Handler
                0x08001620        0x8 CMakeFiles/ESC_G4.dir/Core/Src/stm32g4xx_it.c.obj
                0x08001620                HardFault_Handler
 .text.MemManage_Handler
                0x08001628        0x8 CMakeFiles/ESC_G4.dir/Core/Src/stm32g4xx_it.c.obj
                0x08001628                MemManage_Handler
 .text.BusFault_Handler
                0x08001630        0x8 CMakeFiles/ESC_G4.dir/Core/Src/stm32g4xx_it.c.obj
                0x08001630                BusFault_Handler
 .text.UsageFault_Handler
                0x08001638        0x8 CMakeFiles/ESC_G4.dir/Core/Src/stm32g4xx_it.c.obj
                0x08001638                UsageFault_Handler
 .text.SVC_Handler
                0x08001640        0xe CMakeFiles/ESC_G4.dir/Core/Src/stm32g4xx_it.c.obj
                0x08001640                SVC_Handler
 .text.DebugMon_Handler
                0x0800164e        0xe CMakeFiles/ESC_G4.dir/Core/Src/stm32g4xx_it.c.obj
                0x0800164e                DebugMon_Handler
 .text.PendSV_Handler
                0x0800165c        0xe CMakeFiles/ESC_G4.dir/Core/Src/stm32g4xx_it.c.obj
                0x0800165c                PendSV_Handler
 .text.SysTick_Handler
                0x0800166a        0xc CMakeFiles/ESC_G4.dir/Core/Src/stm32g4xx_it.c.obj
                0x0800166a                SysTick_Handler
 *fill*         0x08001676        0x2 
 .text.HAL_MspInit
                0x08001678       0x48 CMakeFiles/ESC_G4.dir/Core/Src/stm32g4xx_hal_msp.c.obj
                0x08001678                HAL_MspInit
 .text.Reset_Handler
                0x080016c0       0x50 CMakeFiles/ESC_G4.dir/startup_stm32g431xx.s.obj
                0x080016c0                Reset_Handler
 .text.Default_Handler
                0x08001710        0x2 CMakeFiles/ESC_G4.dir/startup_stm32g431xx.s.obj
                0x08001710                RTC_Alarm_IRQHandler
                0x08001710                EXTI2_IRQHandler
                0x08001710                TIM8_TRG_COM_IRQHandler
                0x08001710                TIM8_CC_IRQHandler
                0x08001710                TIM1_CC_IRQHandler
                0x08001710                USB_HP_IRQHandler
                0x08001710                CORDIC_IRQHandler
                0x08001710                EXTI3_IRQHandler
                0x08001710                I2C3_ER_IRQHandler
                0x08001710                EXTI0_IRQHandler
                0x08001710                I2C2_EV_IRQHandler
                0x08001710                FPU_IRQHandler
                0x08001710                FDCAN1_IT1_IRQHandler
                0x08001710                TIM1_UP_TIM16_IRQHandler
                0x08001710                ADC1_2_IRQHandler
                0x08001710                SPI1_IRQHandler
                0x08001710                TIM6_DAC_IRQHandler
                0x08001710                TIM8_UP_IRQHandler
                0x08001710                DMA2_Channel2_IRQHandler
                0x08001710                DMA1_Channel4_IRQHandler
                0x08001710                USART3_IRQHandler
                0x08001710                TIM4_IRQHandler
                0x08001710                DMA2_Channel1_IRQHandler
                0x08001710                I2C1_EV_IRQHandler
                0x08001710                DMA1_Channel6_IRQHandler
                0x08001710                UART4_IRQHandler
                0x08001710                DMA2_Channel4_IRQHandler
                0x08001710                TIM3_IRQHandler
                0x08001710                RCC_IRQHandler
                0x08001710                DMA1_Channel1_IRQHandler
                0x08001710                Default_Handler
                0x08001710                RTC_TAMP_LSECSS_IRQHandler
                0x08001710                FMAC_IRQHandler
                0x08001710                EXTI15_10_IRQHandler
                0x08001710                TIM7_IRQHandler
                0x08001710                UCPD1_IRQHandler
                0x08001710                I2C3_EV_IRQHandler
                0x08001710                EXTI9_5_IRQHandler
                0x08001710                RTC_WKUP_IRQHandler
                0x08001710                PVD_PVM_IRQHandler
                0x08001710                SPI2_IRQHandler
                0x08001710                DMA2_Channel5_IRQHandler
                0x08001710                CRS_IRQHandler
                0x08001710                DMA1_Channel5_IRQHandler
                0x08001710                USB_LP_IRQHandler
                0x08001710                EXTI4_IRQHandler
                0x08001710                RNG_IRQHandler
                0x08001710                TIM1_TRG_COM_TIM17_IRQHandler
                0x08001710                DMA1_Channel3_IRQHandler
                0x08001710                WWDG_IRQHandler
                0x08001710                LPUART1_IRQHandler
                0x08001710                DMA2_Channel6_IRQHandler
                0x08001710                FDCAN1_IT0_IRQHandler
                0x08001710                TIM2_IRQHandler
                0x08001710                COMP1_2_3_IRQHandler
                0x08001710                EXTI1_IRQHandler
                0x08001710                USART2_IRQHandler
                0x08001710                I2C2_ER_IRQHandler
                0x08001710                DMA1_Channel2_IRQHandler
                0x08001710                TIM8_BRK_IRQHandler
                0x08001710                FLASH_IRQHandler
                0x08001710                USART1_IRQHandler
                0x08001710                SPI3_IRQHandler
                0x08001710                I2C1_ER_IRQHandler
                0x08001710                LPTIM1_IRQHandler
                0x08001710                DMAMUX_OVR_IRQHandler
                0x08001710                USBWakeUp_IRQHandler
                0x08001710                SAI1_IRQHandler
                0x08001710                DMA2_Channel3_IRQHandler
                0x08001710                COMP4_IRQHandler
                0x08001710                TIM1_BRK_TIM15_IRQHandler
 .text.memset   0x08001712       0x10 C:/Software/EMBEDD~1/ARM_GCC/142BCE~1.3RE/bin/../lib/gcc/arm-none-eabi/14.3.1/../../../../arm-none-eabi/lib/thumb/v7e-m+fp/hard\libg_nano.a(libc_a-memset.o)
                0x08001712                memset
 *fill*         0x08001722        0x2 
 .text.__libc_init_array
                0x08001724       0x48 C:/Software/EMBEDD~1/ARM_GCC/142BCE~1.3RE/bin/../lib/gcc/arm-none-eabi/14.3.1/../../../../arm-none-eabi/lib/thumb/v7e-m+fp/hard\libg_nano.a(libc_a-init.o)
                0x08001724                __libc_init_array
 *(.glue_7)
 .glue_7        0x0800176c        0x0 linker stubs
 *(.glue_7t)
 .glue_7t       0x0800176c        0x0 linker stubs
 *(.eh_frame)
 .eh_frame      0x0800176c        0x0 C:/Software/EMBEDD~1/ARM_GCC/142BCE~1.3RE/bin/../lib/gcc/arm-none-eabi/14.3.1/thumb/v7e-m+fp/hard/crtbegin.o
 *(.init)
 .init          0x0800176c        0x4 C:/Software/EMBEDD~1/ARM_GCC/142BCE~1.3RE/bin/../lib/gcc/arm-none-eabi/14.3.1/thumb/v7e-m+fp/hard/crti.o
                0x0800176c                _init
 .init          0x08001770        0x8 C:/Software/EMBEDD~1/ARM_GCC/142BCE~1.3RE/bin/../lib/gcc/arm-none-eabi/14.3.1/thumb/v7e-m+fp/hard/crtn.o
 *(.fini)
 .fini          0x08001778        0x4 C:/Software/EMBEDD~1/ARM_GCC/142BCE~1.3RE/bin/../lib/gcc/arm-none-eabi/14.3.1/thumb/v7e-m+fp/hard/crti.o
                0x08001778                _fini
 .fini          0x0800177c        0x8 C:/Software/EMBEDD~1/ARM_GCC/142BCE~1.3RE/bin/../lib/gcc/arm-none-eabi/14.3.1/thumb/v7e-m+fp/hard/crtn.o
                0x08001784                        . = ALIGN (0x4)
                0x08001784                        _etext = .

.vfp11_veneer   0x08001784        0x0
 .vfp11_veneer  0x08001784        0x0 linker stubs

.v4_bx          0x08001784        0x0
 .v4_bx         0x08001784        0x0 linker stubs

.iplt           0x08001784        0x0
 .iplt          0x08001784        0x0 C:/Software/EMBEDD~1/ARM_GCC/142BCE~1.3RE/bin/../lib/gcc/arm-none-eabi/14.3.1/thumb/v7e-m+fp/hard/crtbegin.o

.rodata         0x08001784       0x10
                0x08001784                        . = ALIGN (0x4)
 *(.rodata)
 *(.rodata*)
 .rodata.AHBPrescTable
                0x08001784       0x10 cmake/stm32cubemx/CMakeFiles/STM32_Drivers.dir/__/__/Core/Src/system_stm32g4xx.c.obj
                0x08001784                AHBPrescTable
                0x08001794                        . = ALIGN (0x4)

.ARM.extab      0x08001794        0x0
                0x08001794                        . = ALIGN (0x4)
 *(.ARM.extab* .gnu.linkonce.armextab.*)
                0x08001794                        . = ALIGN (0x4)

.ARM            0x08001794        0x0
                0x08001794                        . = ALIGN (0x4)
                0x08001794                        __exidx_start = .
 *(.ARM.exidx*)
                0x08001794                        __exidx_end = .
                0x08001794                        . = ALIGN (0x4)

.preinit_array  0x08001794        0x0
                0x08001794                        . = ALIGN (0x4)
                0x08001794                        PROVIDE (__preinit_array_start = .)
 *(.preinit_array*)
                0x08001794                        PROVIDE (__preinit_array_end = .)
                0x08001794                        . = ALIGN (0x4)

.init_array     0x08001794        0x4
                0x08001794                        . = ALIGN (0x4)
                0x08001794                        PROVIDE (__init_array_start = .)
 *(SORT_BY_NAME(.init_array.*))
 *(.init_array*)
 .init_array    0x08001794        0x4 C:/Software/EMBEDD~1/ARM_GCC/142BCE~1.3RE/bin/../lib/gcc/arm-none-eabi/14.3.1/thumb/v7e-m+fp/hard/crtbegin.o
                0x08001798                        PROVIDE (__init_array_end = .)
                0x08001798                        . = ALIGN (0x4)

.fini_array     0x08001798        0x4
                0x08001798                        . = ALIGN (0x4)
                [!provide]                        PROVIDE (__fini_array_start = .)
 *(SORT_BY_NAME(.fini_array.*))
 *(.fini_array*)
 .fini_array    0x08001798        0x4 C:/Software/EMBEDD~1/ARM_GCC/142BCE~1.3RE/bin/../lib/gcc/arm-none-eabi/14.3.1/thumb/v7e-m+fp/hard/crtbegin.o
                [!provide]                        PROVIDE (__fini_array_end = .)
                0x0800179c                        . = ALIGN (0x4)
                0x0800179c                        _sidata = LOADADDR (.data)

.rel.dyn        0x0800179c        0x0
 .rel.iplt      0x0800179c        0x0 C:/Software/EMBEDD~1/ARM_GCC/142BCE~1.3RE/bin/../lib/gcc/arm-none-eabi/14.3.1/thumb/v7e-m+fp/hard/crtbegin.o

.data           0x20000000        0xc load address 0x0800179c
                0x20000000                        . = ALIGN (0x4)
                0x20000000                        _sdata = .
 *(.data)
 *(.data*)
 .data.SystemCoreClock
                0x20000000        0x4 cmake/stm32cubemx/CMakeFiles/STM32_Drivers.dir/__/__/Core/Src/system_stm32g4xx.c.obj
                0x20000000                SystemCoreClock
 .data.uwTickPrio
                0x20000004        0x4 cmake/stm32cubemx/CMakeFiles/STM32_Drivers.dir/__/__/Drivers/STM32G4xx_HAL_Driver/Src/stm32g4xx_hal.c.obj
                0x20000004                uwTickPrio
 .data.uwTickFreq
                0x20000008        0x4 cmake/stm32cubemx/CMakeFiles/STM32_Drivers.dir/__/__/Drivers/STM32G4xx_HAL_Driver/Src/stm32g4xx_hal.c.obj
                0x20000008                uwTickFreq
 *(.RamFunc)
 *(.RamFunc*)
                0x2000000c                        . = ALIGN (0x4)

.tm_clone_table
                0x2000000c        0x0 load address 0x080017a8
 .tm_clone_table
                0x2000000c        0x0 C:/Software/EMBEDD~1/ARM_GCC/142BCE~1.3RE/bin/../lib/gcc/arm-none-eabi/14.3.1/thumb/v7e-m+fp/hard/crtbegin.o
 .tm_clone_table
                0x2000000c        0x0 C:/Software/EMBEDD~1/ARM_GCC/142BCE~1.3RE/bin/../lib/gcc/arm-none-eabi/14.3.1/thumb/v7e-m+fp/hard/crtend.o

.igot.plt       0x2000000c        0x0 load address 0x080017a8
 .igot.plt      0x2000000c        0x0 C:/Software/EMBEDD~1/ARM_GCC/142BCE~1.3RE/bin/../lib/gcc/arm-none-eabi/14.3.1/thumb/v7e-m+fp/hard/crtbegin.o

.tdata          0x2000000c        0x0 load address 0x080017a8
 *(.tdata .tdata.* .gnu.linkonce.td.*)
                0x2000000c                        . = ALIGN (0x4)
                0x2000000c                        _edata = .
                [!provide]                        PROVIDE (__data_end = .)
                [!provide]                        PROVIDE (__tdata_end = .)
                [!provide]                        PROVIDE (__tdata_start = ADDR (.tdata))
                [!provide]                        PROVIDE (__tdata_size = (__tdata_end - __tdata_start))
                [!provide]                        PROVIDE (__data_start = ADDR (.data))
                [!provide]                        PROVIDE (__data_size = (__data_end - __data_start))
                [!provide]                        PROVIDE (__tdata_source = LOADADDR (.tdata))
                [!provide]                        PROVIDE (__tdata_source_end = (LOADADDR (.tdata) + SIZEOF (.tdata)))
                [!provide]                        PROVIDE (__tdata_source_size = (__tdata_source_end - __tdata_source))
                [!provide]                        PROVIDE (__data_source = LOADADDR (.data))
                [!provide]                        PROVIDE (__data_source_end = __tdata_source_end)
                [!provide]                        PROVIDE (__data_source_size = (__data_source_end - __data_source))

.tbss           0x2000000c        0x0 load address 0x080017a8
                0x2000000c                        _sbss = .
                0x2000000c                        __bss_start__ = _sbss
 *(.tbss .tbss.*)
                0x2000000c                        . = ALIGN (0x4)
                [!provide]                        PROVIDE (__tbss_end = .)
                [!provide]                        PROVIDE (__tbss_start = ADDR (.tbss))
                [!provide]                        PROVIDE (__tbss_size = (__tbss_end - __tbss_start))
                [!provide]                        PROVIDE (__tbss_offset = (ADDR (.tbss) - ADDR (.tdata)))
                [!provide]                        PROVIDE (__tls_base = __tdata_start)
                [!provide]                        PROVIDE (__tls_end = __tbss_end)
                [!provide]                        PROVIDE (__tls_size = (__tls_end - __tls_base))
                [!provide]                        PROVIDE (__tls_align = MAX (ALIGNOF (.tdata), ALIGNOF (.tbss)))
                [!provide]                        PROVIDE (__tls_size_align = (((__tls_size + __tls_align) - 0x1) & ~ ((__tls_align - 0x1))))
                [!provide]                        PROVIDE (__arm32_tls_tcb_offset = MAX (0x8, __tls_align))
                [!provide]                        PROVIDE (__arm64_tls_tcb_offset = MAX (0x10, __tls_align))

.bss            0x2000000c       0x20 load address 0x080017a8
 *(.bss)
 *(.bss*)
 .bss.completed.1
                0x2000000c        0x1 C:/Software/EMBEDD~1/ARM_GCC/142BCE~1.3RE/bin/../lib/gcc/arm-none-eabi/14.3.1/thumb/v7e-m+fp/hard/crtbegin.o
 *fill*         0x2000000d        0x3 
 .bss.object.0  0x20000010       0x18 C:/Software/EMBEDD~1/ARM_GCC/142BCE~1.3RE/bin/../lib/gcc/arm-none-eabi/14.3.1/thumb/v7e-m+fp/hard/crtbegin.o
 .bss.uwTick    0x20000028        0x4 cmake/stm32cubemx/CMakeFiles/STM32_Drivers.dir/__/__/Drivers/STM32G4xx_HAL_Driver/Src/stm32g4xx_hal.c.obj
                0x20000028                uwTick
 *(COMMON)
                0x2000002c                        . = ALIGN (0x4)
                0x2000002c                        _ebss = .
                0x2000002c                        __bss_end__ = _ebss
                [!provide]                        PROVIDE (__bss_end = .)
                [!provide]                        PROVIDE (__non_tls_bss_start = ADDR (.bss))
                [!provide]                        PROVIDE (__bss_start = __tbss_start)
                [!provide]                        PROVIDE (__bss_size = (__bss_end - __bss_start))

._user_heap_stack
                0x2000002c      0x604 load address 0x080017a8
                0x20000030                        . = ALIGN (0x8)
 *fill*         0x2000002c        0x4 
                [!provide]                        PROVIDE (end = .)
                0x20000030                        PROVIDE (_end = .)
                0x20000230                        . = (. + _Min_Heap_Size)
 *fill*         0x20000030      0x200 
                0x20000630                        . = (. + _Min_Stack_Size)
 *fill*         0x20000230      0x400 
                0x20000630                        . = ALIGN (0x8)

/DISCARD/
 libc.a:*(*)
 libm.a:*(*)
 libgcc.a:*(*)
OUTPUT(ESC_G4.elf elf32-littlearm)
LOAD linker stubs

.ARM.attributes
                0x00000000       0x30
 .ARM.attributes
                0x00000000       0x22 C:/Software/EMBEDD~1/ARM_GCC/142BCE~1.3RE/bin/../lib/gcc/arm-none-eabi/14.3.1/thumb/v7e-m+fp/hard/crti.o
 .ARM.attributes
                0x00000022       0x34 C:/Software/EMBEDD~1/ARM_GCC/142BCE~1.3RE/bin/../lib/gcc/arm-none-eabi/14.3.1/thumb/v7e-m+fp/hard/crtbegin.o
 .ARM.attributes
                0x00000056       0x34 cmake/stm32cubemx/CMakeFiles/STM32_Drivers.dir/__/__/Core/Src/system_stm32g4xx.c.obj
 .ARM.attributes
                0x0000008a       0x34 cmake/stm32cubemx/CMakeFiles/STM32_Drivers.dir/__/__/Drivers/STM32G4xx_HAL_Driver/Src/stm32g4xx_hal_pwr_ex.c.obj
 .ARM.attributes
                0x000000be       0x34 cmake/stm32cubemx/CMakeFiles/STM32_Drivers.dir/__/__/Drivers/STM32G4xx_HAL_Driver/Src/stm32g4xx_hal.c.obj
 .ARM.attributes
                0x000000f2       0x34 cmake/stm32cubemx/CMakeFiles/STM32_Drivers.dir/__/__/Drivers/STM32G4xx_HAL_Driver/Src/stm32g4xx_hal_rcc.c.obj
 .ARM.attributes
                0x00000126       0x34 cmake/stm32cubemx/CMakeFiles/STM32_Drivers.dir/__/__/Drivers/STM32G4xx_HAL_Driver/Src/stm32g4xx_hal_gpio.c.obj
 .ARM.attributes
                0x0000015a       0x34 cmake/stm32cubemx/CMakeFiles/STM32_Drivers.dir/__/__/Drivers/STM32G4xx_HAL_Driver/Src/stm32g4xx_hal_cortex.c.obj
 .ARM.attributes
                0x0000018e       0x34 CMakeFiles/ESC_G4.dir/Core/Src/main.c.obj
 .ARM.attributes
                0x000001c2       0x34 CMakeFiles/ESC_G4.dir/Core/Src/gpio.c.obj
 .ARM.attributes
                0x000001f6       0x34 CMakeFiles/ESC_G4.dir/Core/Src/stm32g4xx_it.c.obj
 .ARM.attributes
                0x0000022a       0x34 CMakeFiles/ESC_G4.dir/Core/Src/stm32g4xx_hal_msp.c.obj
 .ARM.attributes
                0x0000025e       0x21 CMakeFiles/ESC_G4.dir/startup_stm32g431xx.s.obj
 .ARM.attributes
                0x0000027f       0x34 C:/Software/EMBEDD~1/ARM_GCC/142BCE~1.3RE/bin/../lib/gcc/arm-none-eabi/14.3.1/../../../../arm-none-eabi/lib/thumb/v7e-m+fp/hard\libg_nano.a(libc_a-memset.o)
 .ARM.attributes
                0x000002b3       0x34 C:/Software/EMBEDD~1/ARM_GCC/142BCE~1.3RE/bin/../lib/gcc/arm-none-eabi/14.3.1/../../../../arm-none-eabi/lib/thumb/v7e-m+fp/hard\libg_nano.a(libc_a-init.o)
 .ARM.attributes
                0x000002e7       0x34 C:/Software/EMBEDD~1/ARM_GCC/142BCE~1.3RE/bin/../lib/gcc/arm-none-eabi/14.3.1/thumb/v7e-m+fp/hard/crtend.o
 .ARM.attributes
                0x0000031b       0x22 C:/Software/EMBEDD~1/ARM_GCC/142BCE~1.3RE/bin/../lib/gcc/arm-none-eabi/14.3.1/thumb/v7e-m+fp/hard/crtn.o

.comment        0x00000000       0x46
 .comment       0x00000000       0x46 cmake/stm32cubemx/CMakeFiles/STM32_Drivers.dir/__/__/Core/Src/system_stm32g4xx.c.obj
                                 0x47 (size before relaxing)
 .comment       0x00000046       0x47 cmake/stm32cubemx/CMakeFiles/STM32_Drivers.dir/__/__/Drivers/STM32G4xx_HAL_Driver/Src/stm32g4xx_hal_pwr_ex.c.obj
 .comment       0x00000046       0x47 cmake/stm32cubemx/CMakeFiles/STM32_Drivers.dir/__/__/Drivers/STM32G4xx_HAL_Driver/Src/stm32g4xx_hal.c.obj
 .comment       0x00000046       0x47 cmake/stm32cubemx/CMakeFiles/STM32_Drivers.dir/__/__/Drivers/STM32G4xx_HAL_Driver/Src/stm32g4xx_hal_rcc.c.obj
 .comment       0x00000046       0x47 cmake/stm32cubemx/CMakeFiles/STM32_Drivers.dir/__/__/Drivers/STM32G4xx_HAL_Driver/Src/stm32g4xx_hal_gpio.c.obj
 .comment       0x00000046       0x47 cmake/stm32cubemx/CMakeFiles/STM32_Drivers.dir/__/__/Drivers/STM32G4xx_HAL_Driver/Src/stm32g4xx_hal_cortex.c.obj
 .comment       0x00000046       0x47 CMakeFiles/ESC_G4.dir/Core/Src/main.c.obj
 .comment       0x00000046       0x47 CMakeFiles/ESC_G4.dir/Core/Src/gpio.c.obj
 .comment       0x00000046       0x47 CMakeFiles/ESC_G4.dir/Core/Src/stm32g4xx_it.c.obj
 .comment       0x00000046       0x47 CMakeFiles/ESC_G4.dir/Core/Src/stm32g4xx_hal_msp.c.obj

.debug_info     0x00000000     0x47b3
 .debug_info    0x00000000      0x58e cmake/stm32cubemx/CMakeFiles/STM32_Drivers.dir/__/__/Core/Src/system_stm32g4xx.c.obj
 .debug_info    0x0000058e      0x93f cmake/stm32cubemx/CMakeFiles/STM32_Drivers.dir/__/__/Drivers/STM32G4xx_HAL_Driver/Src/stm32g4xx_hal_pwr_ex.c.obj
 .debug_info    0x00000ecd      0xadb cmake/stm32cubemx/CMakeFiles/STM32_Drivers.dir/__/__/Drivers/STM32G4xx_HAL_Driver/Src/stm32g4xx_hal.c.obj
 .debug_info    0x000019a8      0xb82 cmake/stm32cubemx/CMakeFiles/STM32_Drivers.dir/__/__/Drivers/STM32G4xx_HAL_Driver/Src/stm32g4xx_hal_rcc.c.obj
 .debug_info    0x0000252a      0x763 cmake/stm32cubemx/CMakeFiles/STM32_Drivers.dir/__/__/Drivers/STM32G4xx_HAL_Driver/Src/stm32g4xx_hal_gpio.c.obj
 .debug_info    0x00002c8d      0xd3f cmake/stm32cubemx/CMakeFiles/STM32_Drivers.dir/__/__/Drivers/STM32G4xx_HAL_Driver/Src/stm32g4xx_hal_cortex.c.obj
 .debug_info    0x000039cc      0x54b CMakeFiles/ESC_G4.dir/Core/Src/main.c.obj
 .debug_info    0x00003f17      0x47f CMakeFiles/ESC_G4.dir/Core/Src/gpio.c.obj
 .debug_info    0x00004396      0x113 CMakeFiles/ESC_G4.dir/Core/Src/stm32g4xx_it.c.obj
 .debug_info    0x000044a9      0x2da CMakeFiles/ESC_G4.dir/Core/Src/stm32g4xx_hal_msp.c.obj
 .debug_info    0x00004783       0x30 CMakeFiles/ESC_G4.dir/startup_stm32g431xx.s.obj

.debug_abbrev   0x00000000     0x122a
 .debug_abbrev  0x00000000      0x11a cmake/stm32cubemx/CMakeFiles/STM32_Drivers.dir/__/__/Core/Src/system_stm32g4xx.c.obj
 .debug_abbrev  0x0000011a      0x22c cmake/stm32cubemx/CMakeFiles/STM32_Drivers.dir/__/__/Drivers/STM32G4xx_HAL_Driver/Src/stm32g4xx_hal_pwr_ex.c.obj
 .debug_abbrev  0x00000346      0x271 cmake/stm32cubemx/CMakeFiles/STM32_Drivers.dir/__/__/Drivers/STM32G4xx_HAL_Driver/Src/stm32g4xx_hal.c.obj
 .debug_abbrev  0x000005b7      0x2c9 cmake/stm32cubemx/CMakeFiles/STM32_Drivers.dir/__/__/Drivers/STM32G4xx_HAL_Driver/Src/stm32g4xx_hal_rcc.c.obj
 .debug_abbrev  0x00000880      0x1cb cmake/stm32cubemx/CMakeFiles/STM32_Drivers.dir/__/__/Drivers/STM32G4xx_HAL_Driver/Src/stm32g4xx_hal_gpio.c.obj
 .debug_abbrev  0x00000a4b      0x31c cmake/stm32cubemx/CMakeFiles/STM32_Drivers.dir/__/__/Drivers/STM32G4xx_HAL_Driver/Src/stm32g4xx_hal_cortex.c.obj
 .debug_abbrev  0x00000d67      0x201 CMakeFiles/ESC_G4.dir/Core/Src/main.c.obj
 .debug_abbrev  0x00000f68      0x152 CMakeFiles/ESC_G4.dir/Core/Src/gpio.c.obj
 .debug_abbrev  0x000010ba       0x73 CMakeFiles/ESC_G4.dir/Core/Src/stm32g4xx_it.c.obj
 .debug_abbrev  0x0000112d       0xd9 CMakeFiles/ESC_G4.dir/Core/Src/stm32g4xx_hal_msp.c.obj
 .debug_abbrev  0x00001206       0x24 CMakeFiles/ESC_G4.dir/startup_stm32g431xx.s.obj

.debug_aranges  0x00000000      0x5c8
 .debug_aranges
                0x00000000       0x28 cmake/stm32cubemx/CMakeFiles/STM32_Drivers.dir/__/__/Core/Src/system_stm32g4xx.c.obj
 .debug_aranges
                0x00000028      0x140 cmake/stm32cubemx/CMakeFiles/STM32_Drivers.dir/__/__/Drivers/STM32G4xx_HAL_Driver/Src/stm32g4xx_hal_pwr_ex.c.obj
 .debug_aranges
                0x00000168      0x148 cmake/stm32cubemx/CMakeFiles/STM32_Drivers.dir/__/__/Drivers/STM32G4xx_HAL_Driver/Src/stm32g4xx_hal.c.obj
 .debug_aranges
                0x000002b0       0x98 cmake/stm32cubemx/CMakeFiles/STM32_Drivers.dir/__/__/Drivers/STM32G4xx_HAL_Driver/Src/stm32g4xx_hal_rcc.c.obj
 .debug_aranges
                0x00000348       0x58 cmake/stm32cubemx/CMakeFiles/STM32_Drivers.dir/__/__/Drivers/STM32G4xx_HAL_Driver/Src/stm32g4xx_hal_gpio.c.obj
 .debug_aranges
                0x000003a0      0x128 cmake/stm32cubemx/CMakeFiles/STM32_Drivers.dir/__/__/Drivers/STM32G4xx_HAL_Driver/Src/stm32g4xx_hal_cortex.c.obj
 .debug_aranges
                0x000004c8       0x38 CMakeFiles/ESC_G4.dir/Core/Src/main.c.obj
 .debug_aranges
                0x00000500       0x20 CMakeFiles/ESC_G4.dir/Core/Src/gpio.c.obj
 .debug_aranges
                0x00000520       0x60 CMakeFiles/ESC_G4.dir/Core/Src/stm32g4xx_it.c.obj
 .debug_aranges
                0x00000580       0x20 CMakeFiles/ESC_G4.dir/Core/Src/stm32g4xx_hal_msp.c.obj
 .debug_aranges
                0x000005a0       0x28 CMakeFiles/ESC_G4.dir/startup_stm32g431xx.s.obj

.debug_rnglists
                0x00000000      0x432
 .debug_rnglists
                0x00000000       0x1a cmake/stm32cubemx/CMakeFiles/STM32_Drivers.dir/__/__/Core/Src/system_stm32g4xx.c.obj
 .debug_rnglists
                0x0000001a       0xf1 cmake/stm32cubemx/CMakeFiles/STM32_Drivers.dir/__/__/Drivers/STM32G4xx_HAL_Driver/Src/stm32g4xx_hal_pwr_ex.c.obj
 .debug_rnglists
                0x0000010b       0xf1 cmake/stm32cubemx/CMakeFiles/STM32_Drivers.dir/__/__/Drivers/STM32G4xx_HAL_Driver/Src/stm32g4xx_hal.c.obj
 .debug_rnglists
                0x000001fc       0x74 cmake/stm32cubemx/CMakeFiles/STM32_Drivers.dir/__/__/Drivers/STM32G4xx_HAL_Driver/Src/stm32g4xx_hal_rcc.c.obj
 .debug_rnglists
                0x00000270       0x3f cmake/stm32cubemx/CMakeFiles/STM32_Drivers.dir/__/__/Drivers/STM32G4xx_HAL_Driver/Src/stm32g4xx_hal_gpio.c.obj
 .debug_rnglists
                0x000002af       0xda cmake/stm32cubemx/CMakeFiles/STM32_Drivers.dir/__/__/Drivers/STM32G4xx_HAL_Driver/Src/stm32g4xx_hal_cortex.c.obj
 .debug_rnglists
                0x00000389       0x26 CMakeFiles/ESC_G4.dir/Core/Src/main.c.obj
 .debug_rnglists
                0x000003af       0x14 CMakeFiles/ESC_G4.dir/Core/Src/gpio.c.obj
 .debug_rnglists
                0x000003c3       0x43 CMakeFiles/ESC_G4.dir/Core/Src/stm32g4xx_it.c.obj
 .debug_rnglists
                0x00000406       0x13 CMakeFiles/ESC_G4.dir/Core/Src/stm32g4xx_hal_msp.c.obj
 .debug_rnglists
                0x00000419       0x19 CMakeFiles/ESC_G4.dir/startup_stm32g431xx.s.obj

.debug_macro    0x00000000    0x1f78d
 .debug_macro   0x00000000      0x210 cmake/stm32cubemx/CMakeFiles/STM32_Drivers.dir/__/__/Core/Src/system_stm32g4xx.c.obj
 .debug_macro   0x00000210      0xad8 cmake/stm32cubemx/CMakeFiles/STM32_Drivers.dir/__/__/Core/Src/system_stm32g4xx.c.obj
 .debug_macro   0x00000ce8       0x2e cmake/stm32cubemx/CMakeFiles/STM32_Drivers.dir/__/__/Core/Src/system_stm32g4xx.c.obj
 .debug_macro   0x00000d16       0x28 cmake/stm32cubemx/CMakeFiles/STM32_Drivers.dir/__/__/Core/Src/system_stm32g4xx.c.obj
 .debug_macro   0x00000d3e       0x22 cmake/stm32cubemx/CMakeFiles/STM32_Drivers.dir/__/__/Core/Src/system_stm32g4xx.c.obj
 .debug_macro   0x00000d60       0x8e cmake/stm32cubemx/CMakeFiles/STM32_Drivers.dir/__/__/Core/Src/system_stm32g4xx.c.obj
 .debug_macro   0x00000dee       0x51 cmake/stm32cubemx/CMakeFiles/STM32_Drivers.dir/__/__/Core/Src/system_stm32g4xx.c.obj
 .debug_macro   0x00000e3f      0x103 cmake/stm32cubemx/CMakeFiles/STM32_Drivers.dir/__/__/Core/Src/system_stm32g4xx.c.obj
 .debug_macro   0x00000f42       0x6a cmake/stm32cubemx/CMakeFiles/STM32_Drivers.dir/__/__/Core/Src/system_stm32g4xx.c.obj
 .debug_macro   0x00000fac      0x1df cmake/stm32cubemx/CMakeFiles/STM32_Drivers.dir/__/__/Core/Src/system_stm32g4xx.c.obj
 .debug_macro   0x0000118b       0x1c cmake/stm32cubemx/CMakeFiles/STM32_Drivers.dir/__/__/Core/Src/system_stm32g4xx.c.obj
 .debug_macro   0x000011a7       0x22 cmake/stm32cubemx/CMakeFiles/STM32_Drivers.dir/__/__/Core/Src/system_stm32g4xx.c.obj
 .debug_macro   0x000011c9       0xfb cmake/stm32cubemx/CMakeFiles/STM32_Drivers.dir/__/__/Core/Src/system_stm32g4xx.c.obj
 .debug_macro   0x000012c4     0x1011 cmake/stm32cubemx/CMakeFiles/STM32_Drivers.dir/__/__/Core/Src/system_stm32g4xx.c.obj
 .debug_macro   0x000022d5      0x11f cmake/stm32cubemx/CMakeFiles/STM32_Drivers.dir/__/__/Core/Src/system_stm32g4xx.c.obj
 .debug_macro   0x000023f4    0x1138f cmake/stm32cubemx/CMakeFiles/STM32_Drivers.dir/__/__/Core/Src/system_stm32g4xx.c.obj
 .debug_macro   0x00013783       0x6d cmake/stm32cubemx/CMakeFiles/STM32_Drivers.dir/__/__/Core/Src/system_stm32g4xx.c.obj
 .debug_macro   0x000137f0      0x16d cmake/stm32cubemx/CMakeFiles/STM32_Drivers.dir/__/__/Core/Src/system_stm32g4xx.c.obj
 .debug_macro   0x0001395d     0x3558 cmake/stm32cubemx/CMakeFiles/STM32_Drivers.dir/__/__/Core/Src/system_stm32g4xx.c.obj
 .debug_macro   0x00016eb5      0x190 cmake/stm32cubemx/CMakeFiles/STM32_Drivers.dir/__/__/Core/Src/system_stm32g4xx.c.obj
 .debug_macro   0x00017045       0x5c cmake/stm32cubemx/CMakeFiles/STM32_Drivers.dir/__/__/Core/Src/system_stm32g4xx.c.obj
 .debug_macro   0x000170a1     0x141d cmake/stm32cubemx/CMakeFiles/STM32_Drivers.dir/__/__/Core/Src/system_stm32g4xx.c.obj
 .debug_macro   0x000184be      0x535 cmake/stm32cubemx/CMakeFiles/STM32_Drivers.dir/__/__/Core/Src/system_stm32g4xx.c.obj
 .debug_macro   0x000189f3      0x1b6 cmake/stm32cubemx/CMakeFiles/STM32_Drivers.dir/__/__/Core/Src/system_stm32g4xx.c.obj
 .debug_macro   0x00018ba9      0x288 cmake/stm32cubemx/CMakeFiles/STM32_Drivers.dir/__/__/Core/Src/system_stm32g4xx.c.obj
 .debug_macro   0x00018e31      0x41d cmake/stm32cubemx/CMakeFiles/STM32_Drivers.dir/__/__/Core/Src/system_stm32g4xx.c.obj
 .debug_macro   0x0001924e      0x18b cmake/stm32cubemx/CMakeFiles/STM32_Drivers.dir/__/__/Core/Src/system_stm32g4xx.c.obj
 .debug_macro   0x000193d9       0x43 cmake/stm32cubemx/CMakeFiles/STM32_Drivers.dir/__/__/Core/Src/system_stm32g4xx.c.obj
 .debug_macro   0x0001941c      0x23d cmake/stm32cubemx/CMakeFiles/STM32_Drivers.dir/__/__/Core/Src/system_stm32g4xx.c.obj
 .debug_macro   0x00019659     0x1112 cmake/stm32cubemx/CMakeFiles/STM32_Drivers.dir/__/__/Core/Src/system_stm32g4xx.c.obj
 .debug_macro   0x0001a76b      0x72e cmake/stm32cubemx/CMakeFiles/STM32_Drivers.dir/__/__/Core/Src/system_stm32g4xx.c.obj
 .debug_macro   0x0001ae99      0x391 cmake/stm32cubemx/CMakeFiles/STM32_Drivers.dir/__/__/Core/Src/system_stm32g4xx.c.obj
 .debug_macro   0x0001b22a      0x211 cmake/stm32cubemx/CMakeFiles/STM32_Drivers.dir/__/__/Core/Src/system_stm32g4xx.c.obj
 .debug_macro   0x0001b43b      0x6bd cmake/stm32cubemx/CMakeFiles/STM32_Drivers.dir/__/__/Core/Src/system_stm32g4xx.c.obj
 .debug_macro   0x0001baf8      0x401 cmake/stm32cubemx/CMakeFiles/STM32_Drivers.dir/__/__/Core/Src/system_stm32g4xx.c.obj
 .debug_macro   0x0001bef9      0x107 cmake/stm32cubemx/CMakeFiles/STM32_Drivers.dir/__/__/Core/Src/system_stm32g4xx.c.obj
 .debug_macro   0x0001c000      0x122 cmake/stm32cubemx/CMakeFiles/STM32_Drivers.dir/__/__/Core/Src/system_stm32g4xx.c.obj
 .debug_macro   0x0001c122      0x3d1 cmake/stm32cubemx/CMakeFiles/STM32_Drivers.dir/__/__/Core/Src/system_stm32g4xx.c.obj
 .debug_macro   0x0001c4f3      0x2fe cmake/stm32cubemx/CMakeFiles/STM32_Drivers.dir/__/__/Core/Src/system_stm32g4xx.c.obj
 .debug_macro   0x0001c7f1      0xbda cmake/stm32cubemx/CMakeFiles/STM32_Drivers.dir/__/__/Core/Src/system_stm32g4xx.c.obj
 .debug_macro   0x0001d3cb      0x47e cmake/stm32cubemx/CMakeFiles/STM32_Drivers.dir/__/__/Core/Src/system_stm32g4xx.c.obj
 .debug_macro   0x0001d849      0x693 cmake/stm32cubemx/CMakeFiles/STM32_Drivers.dir/__/__/Core/Src/system_stm32g4xx.c.obj
 .debug_macro   0x0001dedc       0xa6 cmake/stm32cubemx/CMakeFiles/STM32_Drivers.dir/__/__/Core/Src/system_stm32g4xx.c.obj
 .debug_macro   0x0001df82      0x306 cmake/stm32cubemx/CMakeFiles/STM32_Drivers.dir/__/__/Core/Src/system_stm32g4xx.c.obj
 .debug_macro   0x0001e288      0x23a cmake/stm32cubemx/CMakeFiles/STM32_Drivers.dir/__/__/Drivers/STM32G4xx_HAL_Driver/Src/stm32g4xx_hal_pwr_ex.c.obj
 .debug_macro   0x0001e4c2      0x25e cmake/stm32cubemx/CMakeFiles/STM32_Drivers.dir/__/__/Drivers/STM32G4xx_HAL_Driver/Src/stm32g4xx_hal.c.obj
 .debug_macro   0x0001e720      0x252 cmake/stm32cubemx/CMakeFiles/STM32_Drivers.dir/__/__/Drivers/STM32G4xx_HAL_Driver/Src/stm32g4xx_hal_rcc.c.obj
 .debug_macro   0x0001e972      0x217 cmake/stm32cubemx/CMakeFiles/STM32_Drivers.dir/__/__/Drivers/STM32G4xx_HAL_Driver/Src/stm32g4xx_hal_gpio.c.obj
 .debug_macro   0x0001eb89      0x210 cmake/stm32cubemx/CMakeFiles/STM32_Drivers.dir/__/__/Drivers/STM32G4xx_HAL_Driver/Src/stm32g4xx_hal_cortex.c.obj
 .debug_macro   0x0001ed99      0x25f CMakeFiles/ESC_G4.dir/Core/Src/main.c.obj
 .debug_macro   0x0001eff8      0x124 CMakeFiles/ESC_G4.dir/Core/Src/main.c.obj
 .debug_macro   0x0001f11c      0x229 CMakeFiles/ESC_G4.dir/Core/Src/gpio.c.obj
 .debug_macro   0x0001f345      0x229 CMakeFiles/ESC_G4.dir/Core/Src/stm32g4xx_it.c.obj
 .debug_macro   0x0001f56e      0x21f CMakeFiles/ESC_G4.dir/Core/Src/stm32g4xx_hal_msp.c.obj

.debug_line     0x00000000     0x5b95
 .debug_line    0x00000000      0x67e cmake/stm32cubemx/CMakeFiles/STM32_Drivers.dir/__/__/Core/Src/system_stm32g4xx.c.obj
 .debug_line    0x0000067e      0xba9 cmake/stm32cubemx/CMakeFiles/STM32_Drivers.dir/__/__/Drivers/STM32G4xx_HAL_Driver/Src/stm32g4xx_hal_pwr_ex.c.obj
 .debug_line    0x00001227      0xa4a cmake/stm32cubemx/CMakeFiles/STM32_Drivers.dir/__/__/Drivers/STM32G4xx_HAL_Driver/Src/stm32g4xx_hal.c.obj
 .debug_line    0x00001c71      0xecd cmake/stm32cubemx/CMakeFiles/STM32_Drivers.dir/__/__/Drivers/STM32G4xx_HAL_Driver/Src/stm32g4xx_hal_rcc.c.obj
 .debug_line    0x00002b3e      0xa23 cmake/stm32cubemx/CMakeFiles/STM32_Drivers.dir/__/__/Drivers/STM32G4xx_HAL_Driver/Src/stm32g4xx_hal_gpio.c.obj
 .debug_line    0x00003561      0xbaf cmake/stm32cubemx/CMakeFiles/STM32_Drivers.dir/__/__/Drivers/STM32G4xx_HAL_Driver/Src/stm32g4xx_hal_cortex.c.obj
 .debug_line    0x00004110      0x6ff CMakeFiles/ESC_G4.dir/Core/Src/main.c.obj
 .debug_line    0x0000480f      0x639 CMakeFiles/ESC_G4.dir/Core/Src/gpio.c.obj
 .debug_line    0x00004e48      0x6c0 CMakeFiles/ESC_G4.dir/Core/Src/stm32g4xx_it.c.obj
 .debug_line    0x00005508      0x612 CMakeFiles/ESC_G4.dir/Core/Src/stm32g4xx_hal_msp.c.obj
 .debug_line    0x00005b1a       0x7b CMakeFiles/ESC_G4.dir/startup_stm32g431xx.s.obj

.debug_str      0x00000000    0xd9143
 .debug_str     0x00000000    0xd9143 cmake/stm32cubemx/CMakeFiles/STM32_Drivers.dir/__/__/Core/Src/system_stm32g4xx.c.obj
                              0xd72b4 (size before relaxing)
 .debug_str     0x000d9143    0xd77a2 cmake/stm32cubemx/CMakeFiles/STM32_Drivers.dir/__/__/Drivers/STM32G4xx_HAL_Driver/Src/stm32g4xx_hal_pwr_ex.c.obj
 .debug_str     0x000d9143    0xd7df3 cmake/stm32cubemx/CMakeFiles/STM32_Drivers.dir/__/__/Drivers/STM32G4xx_HAL_Driver/Src/stm32g4xx_hal.c.obj
 .debug_str     0x000d9143    0xd79ad cmake/stm32cubemx/CMakeFiles/STM32_Drivers.dir/__/__/Drivers/STM32G4xx_HAL_Driver/Src/stm32g4xx_hal_rcc.c.obj
 .debug_str     0x000d9143    0xd743f cmake/stm32cubemx/CMakeFiles/STM32_Drivers.dir/__/__/Drivers/STM32G4xx_HAL_Driver/Src/stm32g4xx_hal_gpio.c.obj
 .debug_str     0x000d9143    0xd7aaf cmake/stm32cubemx/CMakeFiles/STM32_Drivers.dir/__/__/Drivers/STM32G4xx_HAL_Driver/Src/stm32g4xx_hal_cortex.c.obj
 .debug_str     0x000d9143    0xd795f CMakeFiles/ESC_G4.dir/Core/Src/main.c.obj
 .debug_str     0x000d9143    0xd7735 CMakeFiles/ESC_G4.dir/Core/Src/gpio.c.obj
 .debug_str     0x000d9143    0xd759a CMakeFiles/ESC_G4.dir/Core/Src/stm32g4xx_it.c.obj
 .debug_str     0x000d9143    0xd768b CMakeFiles/ESC_G4.dir/Core/Src/stm32g4xx_hal_msp.c.obj
 .debug_str     0x000d9143       0x62 CMakeFiles/ESC_G4.dir/startup_stm32g431xx.s.obj

.debug_frame    0x00000000     0x1508
 .debug_frame   0x00000000       0x58 cmake/stm32cubemx/CMakeFiles/STM32_Drivers.dir/__/__/Core/Src/system_stm32g4xx.c.obj
 .debug_frame   0x00000058      0x4fc cmake/stm32cubemx/CMakeFiles/STM32_Drivers.dir/__/__/Drivers/STM32G4xx_HAL_Driver/Src/stm32g4xx_hal_pwr_ex.c.obj
 .debug_frame   0x00000554      0x500 cmake/stm32cubemx/CMakeFiles/STM32_Drivers.dir/__/__/Drivers/STM32G4xx_HAL_Driver/Src/stm32g4xx_hal.c.obj
 .debug_frame   0x00000a54      0x23c cmake/stm32cubemx/CMakeFiles/STM32_Drivers.dir/__/__/Drivers/STM32G4xx_HAL_Driver/Src/stm32g4xx_hal_rcc.c.obj
 .debug_frame   0x00000c90      0x14c cmake/stm32cubemx/CMakeFiles/STM32_Drivers.dir/__/__/Drivers/STM32G4xx_HAL_Driver/Src/stm32g4xx_hal_gpio.c.obj
 .debug_frame   0x00000ddc      0x4e8 cmake/stm32cubemx/CMakeFiles/STM32_Drivers.dir/__/__/Drivers/STM32G4xx_HAL_Driver/Src/stm32g4xx_hal_cortex.c.obj
 .debug_frame   0x000012c4       0x8c CMakeFiles/ESC_G4.dir/Core/Src/main.c.obj
 .debug_frame   0x00001350       0x34 CMakeFiles/ESC_G4.dir/Core/Src/gpio.c.obj
 .debug_frame   0x00001384      0x104 CMakeFiles/ESC_G4.dir/Core/Src/stm32g4xx_it.c.obj
 .debug_frame   0x00001488       0x34 CMakeFiles/ESC_G4.dir/Core/Src/stm32g4xx_hal_msp.c.obj
 .debug_frame   0x000014bc       0x20 C:/Software/EMBEDD~1/ARM_GCC/142BCE~1.3RE/bin/../lib/gcc/arm-none-eabi/14.3.1/../../../../arm-none-eabi/lib/thumb/v7e-m+fp/hard\libg_nano.a(libc_a-memset.o)
 .debug_frame   0x000014dc       0x2c C:/Software/EMBEDD~1/ARM_GCC/142BCE~1.3RE/bin/../lib/gcc/arm-none-eabi/14.3.1/../../../../arm-none-eabi/lib/thumb/v7e-m+fp/hard\libg_nano.a(libc_a-init.o)

.debug_line_str
                0x00000000       0x46
 .debug_line_str
                0x00000000       0x46 CMakeFiles/ESC_G4.dir/startup_stm32g431xx.s.obj
