Archive member included to satisfy reference by file (symbol)

C:/Software/EMBEDD~1/ARM_GCC/142BCE~1.3RE/bin/../lib/gcc/arm-none-eabi/14.3.1/../../../../arm-none-eabi/lib/thumb/v7e-m+fp/hard\libm.a(libm_a-sf_cos.o)
                              CMakeFiles/ESC_G4.dir/Library/Src/FOC.c.obj (cosf)
C:/Software/EMBEDD~1/ARM_GCC/142BCE~1.3RE/bin/../lib/gcc/arm-none-eabi/14.3.1/../../../../arm-none-eabi/lib/thumb/v7e-m+fp/hard\libm.a(libm_a-sf_sin.o)
                              CMakeFiles/ESC_G4.dir/Library/Src/FOC.c.obj (sinf)
C:/Software/EMBEDD~1/ARM_GCC/142BCE~1.3RE/bin/../lib/gcc/arm-none-eabi/14.3.1/../../../../arm-none-eabi/lib/thumb/v7e-m+fp/hard\libm.a(libm_a-kf_cos.o)
                              C:/Software/EMBEDD~1/ARM_GCC/142BCE~1.3RE/bin/../lib/gcc/arm-none-eabi/14.3.1/../../../../arm-none-eabi/lib/thumb/v7e-m+fp/hard\libm.a(libm_a-sf_cos.o) (__kernel_cosf)
C:/Software/EMBEDD~1/ARM_GCC/142BCE~1.3RE/bin/../lib/gcc/arm-none-eabi/14.3.1/../../../../arm-none-eabi/lib/thumb/v7e-m+fp/hard\libm.a(libm_a-kf_sin.o)
                              C:/Software/EMBEDD~1/ARM_GCC/142BCE~1.3RE/bin/../lib/gcc/arm-none-eabi/14.3.1/../../../../arm-none-eabi/lib/thumb/v7e-m+fp/hard\libm.a(libm_a-sf_cos.o) (__kernel_sinf)
C:/Software/EMBEDD~1/ARM_GCC/142BCE~1.3RE/bin/../lib/gcc/arm-none-eabi/14.3.1/../../../../arm-none-eabi/lib/thumb/v7e-m+fp/hard\libm.a(libm_a-ef_rem_pio2.o)
                              C:/Software/EMBEDD~1/ARM_GCC/142BCE~1.3RE/bin/../lib/gcc/arm-none-eabi/14.3.1/../../../../arm-none-eabi/lib/thumb/v7e-m+fp/hard\libm.a(libm_a-sf_cos.o) (__ieee754_rem_pio2f)
C:/Software/EMBEDD~1/ARM_GCC/142BCE~1.3RE/bin/../lib/gcc/arm-none-eabi/14.3.1/../../../../arm-none-eabi/lib/thumb/v7e-m+fp/hard\libm.a(libm_a-sf_fabs.o)
                              C:/Software/EMBEDD~1/ARM_GCC/142BCE~1.3RE/bin/../lib/gcc/arm-none-eabi/14.3.1/../../../../arm-none-eabi/lib/thumb/v7e-m+fp/hard\libm.a(libm_a-ef_rem_pio2.o) (fabsf)
C:/Software/EMBEDD~1/ARM_GCC/142BCE~1.3RE/bin/../lib/gcc/arm-none-eabi/14.3.1/../../../../arm-none-eabi/lib/thumb/v7e-m+fp/hard\libm.a(libm_a-kf_rem_pio2.o)
                              C:/Software/EMBEDD~1/ARM_GCC/142BCE~1.3RE/bin/../lib/gcc/arm-none-eabi/14.3.1/../../../../arm-none-eabi/lib/thumb/v7e-m+fp/hard\libm.a(libm_a-ef_rem_pio2.o) (__kernel_rem_pio2f)
C:/Software/EMBEDD~1/ARM_GCC/142BCE~1.3RE/bin/../lib/gcc/arm-none-eabi/14.3.1/../../../../arm-none-eabi/lib/thumb/v7e-m+fp/hard\libm.a(libm_a-sf_scalbn.o)
                              C:/Software/EMBEDD~1/ARM_GCC/142BCE~1.3RE/bin/../lib/gcc/arm-none-eabi/14.3.1/../../../../arm-none-eabi/lib/thumb/v7e-m+fp/hard\libm.a(libm_a-kf_rem_pio2.o) (scalbnf)
C:/Software/EMBEDD~1/ARM_GCC/142BCE~1.3RE/bin/../lib/gcc/arm-none-eabi/14.3.1/../../../../arm-none-eabi/lib/thumb/v7e-m+fp/hard\libm.a(libm_a-sf_floor.o)
                              C:/Software/EMBEDD~1/ARM_GCC/142BCE~1.3RE/bin/../lib/gcc/arm-none-eabi/14.3.1/../../../../arm-none-eabi/lib/thumb/v7e-m+fp/hard\libm.a(libm_a-kf_rem_pio2.o) (floorf)
C:/Software/EMBEDD~1/ARM_GCC/142BCE~1.3RE/bin/../lib/gcc/arm-none-eabi/14.3.1/thumb/v7e-m+fp/hard\libgcc.a(_arm_muldf3.o)
                              CMakeFiles/ESC_G4.dir/Library/Src/FOC.c.obj (__aeabi_dmul)
C:/Software/EMBEDD~1/ARM_GCC/142BCE~1.3RE/bin/../lib/gcc/arm-none-eabi/14.3.1/thumb/v7e-m+fp/hard\libgcc.a(_arm_addsubdf3.o)
                              CMakeFiles/ESC_G4.dir/Library/Src/FOC.c.obj (__aeabi_dsub)
C:/Software/EMBEDD~1/ARM_GCC/142BCE~1.3RE/bin/../lib/gcc/arm-none-eabi/14.3.1/thumb/v7e-m+fp/hard\libgcc.a(_arm_truncdfsf2.o)
                              CMakeFiles/ESC_G4.dir/Library/Src/FOC.c.obj (__aeabi_d2f)
C:/Software/EMBEDD~1/ARM_GCC/142BCE~1.3RE/bin/../lib/gcc/arm-none-eabi/14.3.1/thumb/v7e-m+fp/hard\libgcc.a(_aeabi_uldivmod.o)
                              cmake/stm32cubemx/CMakeFiles/STM32_Drivers.dir/__/__/Drivers/STM32G4xx_HAL_Driver/Src/stm32g4xx_hal_uart.c.obj (__aeabi_uldivmod)
C:/Software/EMBEDD~1/ARM_GCC/142BCE~1.3RE/bin/../lib/gcc/arm-none-eabi/14.3.1/thumb/v7e-m+fp/hard\libgcc.a(_udivmoddi4.o)
                              C:/Software/EMBEDD~1/ARM_GCC/142BCE~1.3RE/bin/../lib/gcc/arm-none-eabi/14.3.1/thumb/v7e-m+fp/hard\libgcc.a(_aeabi_uldivmod.o) (__udivmoddi4)
C:/Software/EMBEDD~1/ARM_GCC/142BCE~1.3RE/bin/../lib/gcc/arm-none-eabi/14.3.1/thumb/v7e-m+fp/hard\libgcc.a(_dvmd_tls.o)
                              C:/Software/EMBEDD~1/ARM_GCC/142BCE~1.3RE/bin/../lib/gcc/arm-none-eabi/14.3.1/thumb/v7e-m+fp/hard\libgcc.a(_aeabi_uldivmod.o) (__aeabi_ldiv0)
C:/Software/EMBEDD~1/ARM_GCC/142BCE~1.3RE/bin/../lib/gcc/arm-none-eabi/14.3.1/../../../../arm-none-eabi/lib/thumb/v7e-m+fp/hard\libg_nano.a(libc_a-exit.o)
                              C:/Software/EMBEDD~1/ARM_GCC/142BCE~1.3RE/bin/../lib/gcc/arm-none-eabi/14.3.1/../../../../arm-none-eabi/lib/thumb/v7e-m+fp/hard/crt0.o (exit)
C:/Software/EMBEDD~1/ARM_GCC/142BCE~1.3RE/bin/../lib/gcc/arm-none-eabi/14.3.1/../../../../arm-none-eabi/lib/thumb/v7e-m+fp/hard\libg_nano.a(libc_a-findfp.o)
[...]
Memory Configuration

Name             Origin             Length             Attributes
RAM              0x20000000         0x00008000         xrw
FLASH            0x08000000         0x00020000         xr
*default*        0x00000000         0xffffffff

Linker script and memory map

LOAD C:/Software/EMBEDD~1/ARM_GCC/142BCE~1.3RE/bin/../lib/gcc/arm-none-eabi/14.3.1/thumb/v7e-m+fp/hard/crti.o
LOAD C:/Software/EMBEDD~1/ARM_GCC/142BCE~1.3RE/bin/../lib/gcc/arm-none-eabi/14.3.1/thumb/v7e-m+fp/hard/crtbegin.o
LOAD C:/Software/EMBEDD~1/ARM_GCC/142BCE~1.3RE/bin/../lib/gcc/arm-none-eabi/14.3.1/../../../../arm-none-eabi/lib/thumb/v7e-m+fp/hard/crt0.o
LOAD cmake/stm32cubemx/CMakeFiles/STM32_Drivers.dir/__/__/Core/Src/system_stm32g4xx.c.obj
LOAD cmake/stm32cubemx/CMakeFiles/STM32_Drivers.dir/__/__/Drivers/STM32G4xx_HAL_Driver/Src/stm32g4xx_hal_adc.c.obj
LOAD cmake/stm32cubemx/CMakeFiles/STM32_Drivers.dir/__/__/Drivers/STM32G4xx_HAL_Driver/Src/stm32g4xx_hal_adc_ex.c.obj
LOAD cmake/stm32cubemx/CMakeFiles/STM32_Drivers.dir/__/__/Drivers/STM32G4xx_HAL_Driver/Src/stm32g4xx_ll_adc.c.obj
LOAD cmake/stm32cubemx/CMakeFiles/STM32_Drivers.dir/__/__/Drivers/STM32G4xx_HAL_Driver/Src/stm32g4xx_hal.c.obj
LOAD cmake/stm32cubemx/CMakeFiles/STM32_Drivers.dir/__/__/Drivers/STM32G4xx_HAL_Driver/Src/stm32g4xx_hal_rcc.c.obj
LOAD cmake/stm32cubemx/CMakeFiles/STM32_Drivers.dir/__/__/Drivers/STM32G4xx_HAL_Driver/Src/stm32g4xx_hal_rcc_ex.c.obj
LOAD cmake/stm32cubemx/CMakeFiles/STM32_Drivers.dir/__/__/Drivers/STM32G4xx_HAL_Driver/Src/stm32g4xx_hal_flash.c.obj
LOAD cmake/stm32cubemx/CMakeFiles/STM32_Drivers.dir/__/__/Drivers/STM32G4xx_HAL_Driver/Src/stm32g4xx_hal_flash_ex.c.obj
LOAD cmake/stm32cubemx/CMakeFiles/STM32_Drivers.dir/__/__/Drivers/STM32G4xx_HAL_Driver/Src/stm32g4xx_hal_flash_ramfunc.c.obj
LOAD cmake/stm32cubemx/CMakeFiles/STM32_Drivers.dir/__/__/Drivers/STM32G4xx_HAL_Driver/Src/stm32g4xx_hal_gpio.c.obj
LOAD cmake/stm32cubemx/CMakeFiles/STM32_Drivers.dir/__/__/Drivers/STM32G4xx_HAL_Driver/Src/stm32g4xx_hal_exti.c.obj
LOAD cmake/stm32cubemx/CMakeFiles/STM32_Drivers.dir/__/__/Drivers/STM32G4xx_HAL_Driver/Src/stm32g4xx_hal_dma.c.obj
LOAD cmake/stm32cubemx/CMakeFiles/STM32_Drivers.dir/__/__/Drivers/STM32G4xx_HAL_Driver/Src/stm32g4xx_hal_dma_ex.c.obj
LOAD cmake/stm32cubemx/CMakeFiles/STM32_Drivers.dir/__/__/Drivers/STM32G4xx_HAL_Driver/Src/stm32g4xx_hal_pwr.c.obj
LOAD cmake/stm32cubemx/CMakeFiles/STM32_Drivers.dir/__/__/Drivers/STM32G4xx_HAL_Driver/Src/stm32g4xx_hal_pwr_ex.c.obj
LOAD cmake/stm32cubemx/CMakeFiles/STM32_Drivers.dir/__/__/Drivers/STM32G4xx_HAL_Driver/Src/stm32g4xx_hal_cortex.c.obj
LOAD cmake/stm32cubemx/CMakeFiles/STM32_Drivers.dir/__/__/Drivers/STM32G4xx_HAL_Driver/Src/stm32g4xx_hal_fdcan.c.obj
LOAD cmake/stm32cubemx/CMakeFiles/STM32_Drivers.dir/__/__/Drivers/STM32G4xx_HAL_Driver/Src/stm32g4xx_hal_spi.c.obj
LOAD cmake/stm32cubemx/CMakeFiles/STM32_Drivers.dir/__/__/Drivers/STM32G4xx_HAL_Driver/Src/stm32g4xx_hal_spi_ex.c.obj
LOAD cmake/stm32cubemx/CMakeFiles/STM32_Drivers.dir/__/__/Drivers/STM32G4xx_HAL_Driver/Src/stm32g4xx_hal_tim.c.obj
LOAD cmake/stm32cubemx/CMakeFiles/STM32_Drivers.dir/__/__/Drivers/STM32G4xx_HAL_Driver/Src/stm32g4xx_hal_tim_ex.c.obj
LOAD cmake/stm32cubemx/CMakeFiles/STM32_Drivers.dir/__/__/Drivers/STM32G4xx_HAL_Driver/Src/stm32g4xx_hal_uart.c.obj
LOAD cmake/stm32cubemx/CMakeFiles/STM32_Drivers.dir/__/__/Drivers/STM32G4xx_HAL_Driver/Src/stm32g4xx_hal_uart_ex.c.obj
LOAD cmake/stm32cubemx/CMakeFiles/FreeRTOS.dir/__/__/Middlewares/Third_Party/FreeRTOS/Source/croutine.c.obj
LOAD cmake/stm32cubemx/CMakeFiles/FreeRTOS.dir/__/__/Middlewares/Third_Party/FreeRTOS/Source/event_groups.c.obj
LOAD cmake/stm32cubemx/CMakeFiles/FreeRTOS.dir/__/__/Middlewares/Third_Party/FreeRTOS/Source/list.c.obj
LOAD cmake/stm32cubemx/CMakeFiles/FreeRTOS.dir/__/__/Middlewares/Third_Party/FreeRTOS/Source/queue.c.obj
LOAD cmake/stm32cubemx/CMakeFiles/FreeRTOS.dir/__/__/Middlewares/Third_Party/FreeRTOS/Source/stream_buffer.c.obj
LOAD cmake/stm32cubemx/CMakeFiles/FreeRTOS.dir/__/__/Middlewares/Third_Party/FreeRTOS/Source/tasks.c.obj
LOAD cmake/stm32cubemx/CMakeFiles/FreeRTOS.dir/__/__/Middlewares/Third_Party/FreeRTOS/Source/timers.c.obj
LOAD cmake/stm32cubemx/CMakeFiles/FreeRTOS.dir/__/__/Middlewares/Third_Party/FreeRTOS/Source/CMSIS_RTOS_V2/cmsis_os2.c.obj
LOAD cmake/stm32cubemx/CMakeFiles/FreeRTOS.dir/__/__/Middlewares/Third_Party/FreeRTOS/Source/portable/MemMang/heap_4.c.obj
LOAD cmake/stm32cubemx/CMakeFiles/FreeRTOS.dir/__/__/Middlewares/Third_Party/FreeRTOS/Source/portable/GCC/ARM_CM4F/port.c.obj
LOAD CMakeFiles/ESC_G4.dir/Core/Src/main.c.obj
LOAD CMakeFiles/ESC_G4.dir/Core/Src/gpio.c.obj
LOAD CMakeFiles/ESC_G4.dir/Core/Src/app_freertos.c.obj
LOAD CMakeFiles/ESC_G4.dir/Core/Src/adc.c.obj
LOAD CMakeFiles/ESC_G4.dir/Core/Src/dma.c.obj
LOAD CMakeFiles/ESC_G4.dir/Core/Src/fdcan.c.obj
LOAD CMakeFiles/ESC_G4.dir/Core/Src/spi.c.obj
LOAD CMakeFiles/ESC_G4.dir/Core/Src/tim.c.obj
LOAD CMakeFiles/ESC_G4.dir/Core/Src/usart.c.obj
LOAD CMakeFiles/ESC_G4.dir/Core/Src/stm32g4xx_it.c.obj
LOAD CMakeFiles/ESC_G4.dir/Core/Src/stm32g4xx_hal_msp.c.obj
LOAD CMakeFiles/ESC_G4.dir/Core/Src/sysmem.c.obj
LOAD CMakeFiles/ESC_G4.dir/Core/Src/syscalls.c.obj
LOAD CMakeFiles/ESC_G4.dir/startup_stm32g431xx.s.obj
LOAD CMakeFiles/ESC_G4.dir/Library/Src/FOC.c.obj
LOAD CMakeFiles/ESC_G4.dir/Library/Src/FOC_Portable.c.obj
LOAD CMakeFiles/ESC_G4.dir/Library/Src/OS_Support.c.obj
LOAD CMakeFiles/ESC_G4.dir/OS_App/LIVE_task.c.obj
LOAD CMakeFiles/ESC_G4.dir/OS_App/BTN_Set_task.c.obj
LOAD CMakeFiles/ESC_G4.dir/OS_App/FOC_task.c.obj
LOAD CMakeFiles/ESC_G4.dir/OS_App/BusBar_task.c.obj
LOAD CMakeFiles/ESC_G4.dir/OS_App/ISR_Proc.c.obj
LOAD C:/Software/EMBEDD~1/ARM_GCC/142BCE~1.3RE/bin/../lib/gcc/arm-none-eabi/14.3.1/../../../../arm-none-eabi/lib/thumb/v7e-m+fp/hard\libm.a
START GROUP
LOAD C:/Software/EMBEDD~1/ARM_GCC/142BCE~1.3RE/bin/../lib/gcc/arm-none-eabi/14.3.1/thumb/v7e-m+fp/hard\libgcc.a
LOAD C:/Software/EMBEDD~1/ARM_GCC/142BCE~1.3RE/bin/../lib/gcc/arm-none-eabi/14.3.1/../../../../arm-none-eabi/lib/thumb/v7e-m+fp/hard\libg_nano.a
LOAD C:/Software/EMBEDD~1/ARM_GCC/142BCE~1.3RE/bin/../lib/gcc/arm-none-eabi/14.3.1/../../../../arm-none-eabi/lib/thumb/v7e-m+fp/hard\libc_nano.a
END GROUP
START GROUP
LOAD C:/Software/EMBEDD~1/ARM_GCC/142BCE~1.3RE/bin/../lib/gcc/arm-none-eabi/14.3.1/thumb/v7e-m+fp/hard\libgcc.a
LOAD C:/Software/EMBEDD~1/ARM_GCC/142BCE~1.3RE/bin/../lib/gcc/arm-none-eabi/14.3.1/../../../../arm-none-eabi/lib/thumb/v7e-m+fp/hard\libc_nano.a
END GROUP
LOAD C:/Software/EMBEDD~1/ARM_GCC/142BCE~1.3RE/bin/../lib/gcc/arm-none-eabi/14.3.1/thumb/v7e-m+fp/hard/crtend.o
LOAD C:/Software/EMBEDD~1/ARM_GCC/142BCE~1.3RE/bin/../lib/gcc/arm-none-eabi/14.3.1/thumb/v7e-m+fp/hard/crtn.o
                0x20008000                        _estack = (ORIGIN (RAM) + LENGTH (RAM))
                0x00000200                        _Min_Heap_Size = 0x200
                0x00000400                        _Min_Stack_Size = 0x400

.isr_vector     0x08000000      0x1d8
                0x08000000                        . = ALIGN (0x4)
 *(.isr_vector)
 .isr_vector    0x08000000      0x1d8 CMakeFiles/ESC_G4.dir/startup_stm32g431xx.s.obj
                0x08000000                g_pfnVectors
                0x080001d8                        . = ALIGN (0x4)

.text           0x080001e0     0xe200
                0x080001e0                        . = ALIGN (0x4)
 *(.text)
 .text          0x080001e0       0x30 C:/Software/EMBEDD~1/ARM_GCC/142BCE~1.3RE/bin/../lib/gcc/arm-none-eabi/14.3.1/thumb/v7e-m+fp/hard\libgcc.a(_aeabi_uldivmod.o)
                0x080001e0                __aeabi_uldivmod
 .text          0x08000210        0x4 C:/Software/EMBEDD~1/ARM_GCC/142BCE~1.3RE/bin/../lib/gcc/arm-none-eabi/14.3.1/thumb/v7e-m+fp/hard\libgcc.a(_dvmd_tls.o)
                0x08000210                __aeabi_idiv0
                0x08000210                __aeabi_ldiv0
 *(.text*)
 .text.deregister_tm_clones
                0x08000214       0x1c C:/Software/EMBEDD~1/ARM_GCC/142BCE~1.3RE/bin/../lib/gcc/arm-none-eabi/14.3.1/thumb/v7e-m+fp/hard/crtbegin.o
 .text.register_tm_clones
                0x08000230       0x24 C:/Software/EMBEDD~1/ARM_GCC/142BCE~1.3RE/bin/../lib/gcc/arm-none-eabi/14.3.1/thumb/v7e-m+fp/hard/crtbegin.o
 .text.__do_global_dtors_aux
                0x08000254       0x28 C:/Software/EMBEDD~1/ARM_GCC/142BCE~1.3RE/bin/../lib/gcc/arm-none-eabi/14.3.1/thumb/v7e-m+fp/hard/crtbegin.o
 .text.frame_dummy
                0x0800027c       0x24 C:/Software/EMBEDD~1/ARM_GCC/142BCE~1.3RE/bin/../lib/gcc/arm-none-eabi/14.3.1/thumb/v7e-m+fp/hard/crtbegin.o
 .text.SystemInit
                0x080002a0       0x24 cmake/stm32cubemx/CMakeFiles/STM32_Drivers.dir/__/__/Core/Src/system_stm32g4xx.c.obj
                0x080002a0                SystemInit
 .text.LL_ADC_SetCommonClock
                0x080002c4       0x26 cmake/stm32cubemx/CMakeFiles/STM32_Drivers.dir/__/__/Drivers/STM32G4xx_HAL_Driver/Src/stm32g4xx_hal_adc.c.obj
 .text.LL_ADC_SetCommonPathInternalCh
                0x080002ea       0x26 cmake/stm32cubemx/CMakeFiles/STM32_Drivers.dir/__/__/Drivers/STM32G4xx_HAL_Driver/Src/stm32g4xx_hal_adc.c.obj
 .text.LL_ADC_GetCommonPathInternalCh
                0x08000310       0x1c cmake/stm32cubemx/CMakeFiles/STM32_Drivers.dir/__/__/Drivers/STM32G4xx_HAL_Driver/Src/stm32g4xx_hal_adc.c.obj
 .text.LL_ADC_SetOffset
                0x0800032c       0x48 cmake/stm32cubemx/CMakeFiles/STM32_Drivers.dir/__/__/Drivers/STM32G4xx_HAL_Driver/Src/stm32g4xx_hal_adc.c.obj
 .text.LL_ADC_GetOffsetChannel
                0x08000374       0x2c cmake/stm32cubemx/CMakeFiles/STM32_Drivers.dir/__/__/Drivers/STM32G4xx_HAL_Driver/Src/stm32g4xx_hal_adc.c.obj
 .text.LL_ADC_SetOffsetState
                0x080003a0       0x36 cmake/stm32cubemx/CMakeFiles/STM32_Drivers.dir/__/__/Drivers/STM32G4xx_HAL_Driver/Src/stm32g4xx_hal_adc.c.obj
 .text.LL_ADC_SetOffsetSign
                0x080003d6       0x36 cmake/stm32cubemx/CMakeFiles/STM32_Drivers.dir/__/__/Drivers/STM32G4xx_HAL_Driver/Src/stm32g4xx_hal_adc.c.obj
 .text.LL_ADC_SetOffsetSaturation
                0x0800040c       0x36 cmake/stm32cubemx/CMakeFiles/STM32_Drivers.dir/__/__/Drivers/STM32G4xx_HAL_Driver/Src/stm32g4xx_hal_adc.c.obj
 .text.LL_ADC_SetSamplingTimeCommonConfig
                0x08000442       0x26 cmake/stm32cubemx/CMakeFiles/STM32_Drivers.dir/__/__/Drivers/STM32G4xx_HAL_Driver/Src/stm32g4xx_hal_adc.c.obj
 .text.LL_ADC_REG_IsTriggerSourceSWStart
                0x08000468       0x26 cmake/stm32cubemx/CMakeFiles/STM32_Drivers.dir/__/__/Drivers/STM32G4xx_HAL_Driver/Src/stm32g4xx_hal_adc.c.obj
 .text.LL_ADC_REG_SetSequencerRanks
                0x0800048e       0x58 cmake/stm32cubemx/CMakeFiles/STM32_Drivers.dir/__/__/Drivers/STM32G4xx_HAL_Driver/Src/stm32g4xx_hal_adc.c.obj
 .text.LL_ADC_INJ_IsTriggerSourceSWStart
                0x080004e6       0x26 cmake/stm32cubemx/CMakeFiles/STM32_Drivers.dir/__/__/Drivers/STM32G4xx_HAL_Driver/Src/stm32g4xx_hal_adc.c.obj
 .text.LL_ADC_SetChannelSamplingTime
                0x0800050c       0x56 cmake/stm32cubemx/CMakeFiles/STM32_Drivers.dir/__/__/Drivers/STM32G4xx_HAL_Driver/Src/stm32g4xx_hal_adc.c.obj
 *fill*         0x08000562        0x2 
 .text.LL_ADC_SetChannelSingleDiff
                0x08000564       0x48 cmake/stm32cubemx/CMakeFiles/STM32_Drivers.dir/__/__/Drivers/STM32G4xx_HAL_Driver/Src/stm32g4xx_hal_adc.c.obj
 .text.LL_ADC_GetMultimode
                0x080005ac       0x1c cmake/stm32cubemx/CMakeFiles/STM32_Drivers.dir/__/__/Drivers/STM32G4xx_HAL_Driver/Src/stm32g4xx_hal_adc.c.obj
 .text.LL_ADC_GetMultiDMATransfer
                0x080005c8       0x1c cmake/stm32cubemx/CMakeFiles/STM32_Drivers.dir/__/__/Drivers/STM32G4xx_HAL_Driver/Src/stm32g4xx_hal_adc.c.obj
 .text.LL_ADC_DisableDeepPowerDown
                0x080005e4       0x24 cmake/stm32cubemx/CMakeFiles/STM32_Drivers.dir/__/__/Drivers/STM32G4xx_HAL_Driver/Src/stm32g4xx_hal_adc.c.obj
 .text.LL_ADC_IsDeepPowerDownEnabled
                0x08000608       0x28 cmake/stm32cubemx/CMakeFiles/STM32_Drivers.dir/__/__/Drivers/STM32G4xx_HAL_Driver/Src/stm32g4xx_hal_adc.c.obj
 .text.LL_ADC_EnableInternalRegulator
                0x08000630       0x28 cmake/stm32cubemx/CMakeFiles/STM32_Drivers.dir/__/__/Drivers/STM32G4xx_HAL_Driver/Src/stm32g4xx_hal_adc.c.obj
 .text.LL_ADC_IsInternalRegulatorEnabled
                0x08000658       0x28 cmake/stm32cubemx/CMakeFiles/STM32_Drivers.dir/__/__/Drivers/STM32G4xx_HAL_Driver/Src/stm32g4xx_hal_adc.c.obj
 .text.LL_ADC_Enable
                0x08000680       0x28 cmake/stm32cubemx/CMakeFiles/STM32_Drivers.dir/__/__/Drivers/STM32G4xx_HAL_Driver/Src/stm32g4xx_hal_adc.c.obj
 .text.LL_ADC_IsEnabled
                0x080006a8       0x26 cmake/stm32cubemx/CMakeFiles/STM32_Drivers.dir/__/__/Drivers/STM32G4xx_HAL_Driver/Src/stm32g4xx_hal_adc.c.obj
 .text.LL_ADC_REG_StartConversion
                0x080006ce       0x28 cmake/stm32cubemx/CMakeFiles/STM32_Drivers.dir/__/__/Drivers/STM32G4xx_HAL_Driver/Src/stm32g4xx_hal_adc.c.obj
 .text.LL_ADC_REG_IsConversionOngoing
                0x080006f6       0x26 cmake/stm32cubemx/CMakeFiles/STM32_Drivers.dir/__/__/Drivers/STM32G4xx_HAL_Driver/Src/stm32g4xx_hal_adc.c.obj
 .text.LL_ADC_INJ_IsConversionOngoing
                0x0800071c       0x26 cmake/stm32cubemx/CMakeFiles/STM32_Drivers.dir/__/__/Drivers/STM32G4xx_HAL_Driver/Src/stm32g4xx_hal_adc.c.obj
 *fill*         0x08000742        0x2 
 .text.HAL_ADC_Init
                0x08000744      0x308 cmake/stm32cubemx/CMakeFiles/STM32_Drivers.dir/__/__/Drivers/STM32G4xx_HAL_Driver/Src/stm32g4xx_hal_adc.c.obj
                0x08000744                HAL_ADC_Init
 .text.HAL_ADC_Start_DMA
                0x08000a4c      0x168 cmake/stm32cubemx/CMakeFiles/STM32_Drivers.dir/__/__/Drivers/STM32G4xx_HAL_Driver/Src/stm32g4xx_hal_adc.c.obj
                0x08000a4c                HAL_ADC_Start_DMA
 .text.HAL_ADC_IRQHandler
                0x08000bb4      0x434 cmake/stm32cubemx/CMakeFiles/STM32_Drivers.dir/__/__/Drivers/STM32G4xx_HAL_Driver/Src/stm32g4xx_hal_adc.c.obj
                0x08000bb4                HAL_ADC_IRQHandler
 .text.HAL_ADC_ConvHalfCpltCallback
                0x08000fe8       0x14 cmake/stm32cubemx/CMakeFiles/STM32_Drivers.dir/__/__/Drivers/STM32G4xx_HAL_Driver/Src/stm32g4xx_hal_adc.c.obj
                0x08000fe8                HAL_ADC_ConvHalfCpltCallback
 .text.HAL_ADC_LevelOutOfWindowCallback
                0x08000ffc       0x14 cmake/stm32cubemx/CMakeFiles/STM32_Drivers.dir/__/__/Drivers/STM32G4xx_HAL_Driver/Src/stm32g4xx_hal_adc.c.obj
                0x08000ffc                HAL_ADC_LevelOutOfWindowCallback
 .text.HAL_ADC_ErrorCallback
                0x08001010       0x14 cmake/stm32cubemx/CMakeFiles/STM32_Drivers.dir/__/__/Drivers/STM32G4xx_HAL_Driver/Src/stm32g4xx_hal_adc.c.obj
                0x08001010                HAL_ADC_ErrorCallback
 .text.HAL_ADC_ConfigChannel
                0x08001024      0x7e0 cmake/stm32cubemx/CMakeFiles/STM32_Drivers.dir/__/__/Drivers/STM32G4xx_HAL_Driver/Src/stm32g4xx_hal_adc.c.obj
                0x08001024                HAL_ADC_ConfigChannel
 .text.ADC_Enable
                0x08001804      0x10c cmake/stm32cubemx/CMakeFiles/STM32_Drivers.dir/__/__/Drivers/STM32G4xx_HAL_Driver/Src/stm32g4xx_hal_adc.c.obj
                0x08001804                ADC_Enable
 .text.ADC_DMAConvCplt
                0x08001910       0xd8 cmake/stm32cubemx/CMakeFiles/STM32_Drivers.dir/__/__/Drivers/STM32G4xx_HAL_Driver/Src/stm32g4xx_hal_adc.c.obj
                0x08001910                ADC_DMAConvCplt
 .text.ADC_DMAHalfConvCplt
                0x080019e8       0x1c cmake/stm32cubemx/CMakeFiles/STM32_Drivers.dir/__/__/Drivers/STM32G4xx_HAL_Driver/Src/stm32g4xx_hal_adc.c.obj
                0x080019e8                ADC_DMAHalfConvCplt
 .text.ADC_DMAError
                0x08001a04       0x34 cmake/stm32cubemx/CMakeFiles/STM32_Drivers.dir/__/__/Drivers/STM32G4xx_HAL_Driver/Src/stm32g4xx_hal_adc.c.obj
                0x08001a04                ADC_DMAError
 .text.LL_ADC_SetCommonPathInternalCh
                0x08001a38       0x26 cmake/stm32cubemx/CMakeFiles/STM32_Drivers.dir/__/__/Drivers/STM32G4xx_HAL_Driver/Src/stm32g4xx_hal_adc_ex.c.obj
 .text.LL_ADC_GetCommonPathInternalCh
                0x08001a5e       0x1c cmake/stm32cubemx/CMakeFiles/STM32_Drivers.dir/__/__/Drivers/STM32G4xx_HAL_Driver/Src/stm32g4xx_hal_adc_ex.c.obj
 *fill*         0x08001a7a        0x2 
 .text.LL_ADC_SetOffset
                0x08001a7c       0x48 cmake/stm32cubemx/CMakeFiles/STM32_Drivers.dir/__/__/Drivers/STM32G4xx_HAL_Driver/Src/stm32g4xx_hal_adc_ex.c.obj
 .text.LL_ADC_GetOffsetChannel
                0x08001ac4       0x2c cmake/stm32cubemx/CMakeFiles/STM32_Drivers.dir/__/__/Drivers/STM32G4xx_HAL_Driver/Src/stm32g4xx_hal_adc_ex.c.obj
 .text.LL_ADC_SetOffsetState
                0x08001af0       0x36 cmake/stm32cubemx/CMakeFiles/STM32_Drivers.dir/__/__/Drivers/STM32G4xx_HAL_Driver/Src/stm32g4xx_hal_adc_ex.c.obj
 .text.LL_ADC_SetOffsetSign
                0x08001b26       0x36 cmake/stm32cubemx/CMakeFiles/STM32_Drivers.dir/__/__/Drivers/STM32G4xx_HAL_Driver/Src/stm32g4xx_hal_adc_ex.c.obj
 .text.LL_ADC_SetOffsetSaturation
                0x08001b5c       0x36 cmake/stm32cubemx/CMakeFiles/STM32_Drivers.dir/__/__/Drivers/STM32G4xx_HAL_Driver/Src/stm32g4xx_hal_adc_ex.c.obj
 .text.LL_ADC_SetSamplingTimeCommonConfig
                0x08001b92       0x26 cmake/stm32cubemx/CMakeFiles/STM32_Drivers.dir/__/__/Drivers/STM32G4xx_HAL_Driver/Src/stm32g4xx_hal_adc_ex.c.obj
 .text.LL_ADC_SetChannelSamplingTime
                0x08001bb8       0x56 cmake/stm32cubemx/CMakeFiles/STM32_Drivers.dir/__/__/Drivers/STM32G4xx_HAL_Driver/Src/stm32g4xx_hal_adc_ex.c.obj
 *fill*         0x08001c0e        0x2 
 .text.LL_ADC_SetChannelSingleDiff
                0x08001c10       0x48 cmake/stm32cubemx/CMakeFiles/STM32_Drivers.dir/__/__/Drivers/STM32G4xx_HAL_Driver/Src/stm32g4xx_hal_adc_ex.c.obj
 .text.LL_ADC_IsEnabled
                0x08001c58       0x26 cmake/stm32cubemx/CMakeFiles/STM32_Drivers.dir/__/__/Drivers/STM32G4xx_HAL_Driver/Src/stm32g4xx_hal_adc_ex.c.obj
 .text.LL_ADC_REG_IsConversionOngoing
                0x08001c7e       0x26 cmake/stm32cubemx/CMakeFiles/STM32_Drivers.dir/__/__/Drivers/STM32G4xx_HAL_Driver/Src/stm32g4xx_hal_adc_ex.c.obj
 .text.LL_ADC_INJ_IsConversionOngoing
                0x08001ca4       0x26 cmake/stm32cubemx/CMakeFiles/STM32_Drivers.dir/__/__/Drivers/STM32G4xx_HAL_Driver/Src/stm32g4xx_hal_adc_ex.c.obj
 .text.HAL_ADCEx_InjectedQueueOverflowCallback
                0x08001cca       0x14 cmake/stm32cubemx/CMakeFiles/STM32_Drivers.dir/__/__/Drivers/STM32G4xx_HAL_Driver/Src/stm32g4xx_hal_adc_ex.c.obj
                0x08001cca                HAL_ADCEx_InjectedQueueOverflowCallback
 .text.HAL_ADCEx_LevelOutOfWindow2Callback
                0x08001cde       0x14 cmake/stm32cubemx/CMakeFiles/STM32_Drivers.dir/__/__/Drivers/STM32G4xx_HAL_Driver/Src/stm32g4xx_hal_adc_ex.c.obj
                0x08001cde                HAL_ADCEx_LevelOutOfWindow2Callback
 .text.HAL_ADCEx_LevelOutOfWindow3Callback
                0x08001cf2       0x14 cmake/stm32cubemx/CMakeFiles/STM32_Drivers.dir/__/__/Drivers/STM32G4xx_HAL_Driver/Src/stm32g4xx_hal_adc_ex.c.obj
                0x08001cf2                HAL_ADCEx_LevelOutOfWindow3Callback
 .text.HAL_ADCEx_EndOfSamplingCallback
                0x08001d06       0x14 cmake/stm32cubemx/CMakeFiles/STM32_Drivers.dir/__/__/Drivers/STM32G4xx_HAL_Driver/Src/stm32g4xx_hal_adc_ex.c.obj
                0x08001d06                HAL_ADCEx_EndOfSamplingCallback
 *fill*         0x08001d1a        0x2 
 .text.HAL_ADCEx_InjectedConfigChannel
                0x08001d1c      0x9c0 cmake/stm32cubemx/CMakeFiles/STM32_Drivers.dir/__/__/Drivers/STM32G4xx_HAL_Driver/Src/stm32g4xx_hal_adc_ex.c.obj
                0x08001d1c                HAL_ADCEx_InjectedConfigChannel
 .text.HAL_ADCEx_MultiModeConfigChannel
                0x080026dc      0x148 cmake/stm32cubemx/CMakeFiles/STM32_Drivers.dir/__/__/Drivers/STM32G4xx_HAL_Driver/Src/stm32g4xx_hal_adc_ex.c.obj
                0x080026dc                HAL_ADCEx_MultiModeConfigChannel
 .text.HAL_Init
                0x08002824       0x30 cmake/stm32cubemx/CMakeFiles/STM32_Drivers.dir/__/__/Drivers/STM32G4xx_HAL_Driver/Src/stm32g4xx_hal.c.obj
                0x08002824                HAL_Init
 .text.HAL_InitTick
                0x08002854       0x74 cmake/stm32cubemx/CMakeFiles/STM32_Drivers.dir/__/__/Drivers/STM32G4xx_HAL_Driver/Src/stm32g4xx_hal.c.obj
                0x08002854                HAL_InitTick
 .text.HAL_IncTick
                0x080028c8       0x24 cmake/stm32cubemx/CMakeFiles/STM32_Drivers.dir/__/__/Drivers/STM32G4xx_HAL_Driver/Src/stm32g4xx_hal.c.obj
                0x080028c8                HAL_IncTick
 .text.HAL_GetTick
                0x080028ec       0x18 cmake/stm32cubemx/CMakeFiles/STM32_Drivers.dir/__/__/Drivers/STM32G4xx_HAL_Driver/Src/stm32g4xx_hal.c.obj
                0x080028ec                HAL_GetTick
 .text.HAL_Delay
                0x08002904       0x44 cmake/stm32cubemx/CMakeFiles/STM32_Drivers.dir/__/__/Drivers/STM32G4xx_HAL_Driver/Src/stm32g4xx_hal.c.obj
                0x08002904                HAL_Delay
 .text.HAL_RCC_OscConfig
                0x08002948      0x624 cmake/stm32cubemx/CMakeFiles/STM32_Drivers.dir/__/__/Drivers/STM32G4xx_HAL_Driver/Src/stm32g4xx_hal_rcc.c.obj
                0x08002948                HAL_RCC_OscConfig
 .text.HAL_RCC_ClockConfig
                0x08002f6c      0x278 cmake/stm32cubemx/CMakeFiles/STM32_Drivers.dir/__/__/Drivers/STM32G4xx_HAL_Driver/Src/stm32g4xx_hal_rcc.c.obj
                0x08002f6c                HAL_RCC_ClockConfig
 .text.HAL_RCC_GetSysClockFreq
                0x080031e4       0xc4 cmake/stm32cubemx/CMakeFiles/STM32_Drivers.dir/__/__/Drivers/STM32G4xx_HAL_Driver/Src/stm32g4xx_hal_rcc.c.obj
                0x080031e4                HAL_RCC_GetSysClockFreq
 .text.HAL_RCC_GetHCLKFreq
                0x080032a8       0x18 cmake/stm32cubemx/CMakeFiles/STM32_Drivers.dir/__/__/Drivers/STM32G4xx_HAL_Driver/Src/stm32g4xx_hal_rcc.c.obj
                0x080032a8                HAL_RCC_GetHCLKFreq
 .text.HAL_RCC_GetPCLK1Freq
                0x080032c0       0x2c cmake/stm32cubemx/CMakeFiles/STM32_Drivers.dir/__/__/Drivers/STM32G4xx_HAL_Driver/Src/stm32g4xx_hal_rcc.c.obj
                0x080032c0                HAL_RCC_GetPCLK1Freq
 .text.HAL_RCC_GetPCLK2Freq
                0x080032ec       0x2c cmake/stm32cubemx/CMakeFiles/STM32_Drivers.dir/__/__/Drivers/STM32G4xx_HAL_Driver/Src/stm32g4xx_hal_rcc.c.obj
                0x080032ec                HAL_RCC_GetPCLK2Freq
 .text.RCC_GetSysClockFreqFromPLLSource
                0x08003318       0x8c cmake/stm32cubemx/CMakeFiles/STM32_Drivers.dir/__/__/Drivers/STM32G4xx_HAL_Driver/Src/stm32g4xx_hal_rcc.c.obj
 .text.HAL_RCCEx_PeriphCLKConfig
                0x080033a4      0x3e0 cmake/stm32cubemx/CMakeFiles/STM32_Drivers.dir/__/__/Drivers/STM32G4xx_HAL_Driver/Src/stm32g4xx_hal_rcc_ex.c.obj
                0x080033a4                HAL_RCCEx_PeriphCLKConfig
 .text.HAL_GPIO_Init
                0x08003784      0x304 cmake/stm32cubemx/CMakeFiles/STM32_Drivers.dir/__/__/Drivers/STM32G4xx_HAL_Driver/Src/stm32g4xx_hal_gpio.c.obj
                0x08003784                HAL_GPIO_Init
 .text.HAL_GPIO_WritePin
                0x08003a88       0x30 cmake/stm32cubemx/CMakeFiles/STM32_Drivers.dir/__/__/Drivers/STM32G4xx_HAL_Driver/Src/stm32g4xx_hal_gpio.c.obj
                0x08003a88                HAL_GPIO_WritePin
 .text.HAL_GPIO_EXTI_IRQHandler
                0x08003ab8       0x30 cmake/stm32cubemx/CMakeFiles/STM32_Drivers.dir/__/__/Drivers/STM32G4xx_HAL_Driver/Src/stm32g4xx_hal_gpio.c.obj
                0x08003ab8                HAL_GPIO_EXTI_IRQHandler
 .text.HAL_DMA_Init
                0x08003ae8      0x150 cmake/stm32cubemx/CMakeFiles/STM32_Drivers.dir/__/__/Drivers/STM32G4xx_HAL_Driver/Src/stm32g4xx_hal_dma.c.obj
                0x08003ae8                HAL_DMA_Init
 .text.HAL_DMA_Start_IT
                0x08003c38       0xf6 cmake/stm32cubemx/CMakeFiles/STM32_Drivers.dir/__/__/Drivers/STM32G4xx_HAL_Driver/Src/stm32g4xx_hal_dma.c.obj
                0x08003c38                HAL_DMA_Start_IT
 .text.HAL_DMA_Abort
                0x08003d2e       0xb2 cmake/stm32cubemx/CMakeFiles/STM32_Drivers.dir/__/__/Drivers/STM32G4xx_HAL_Driver/Src/stm32g4xx_hal_dma.c.obj
                0x08003d2e                HAL_DMA_Abort
 .text.HAL_DMA_Abort_IT
                0x08003de0       0xce cmake/stm32cubemx/CMakeFiles/STM32_Drivers.dir/__/__/Drivers/STM32G4xx_HAL_Driver/Src/stm32g4xx_hal_dma.c.obj
                0x08003de0                HAL_DMA_Abort_IT
 .text.HAL_DMA_IRQHandler
                0x08003eae      0x15e cmake/stm32cubemx/CMakeFiles/STM32_Drivers.dir/__/__/Drivers/STM32G4xx_HAL_Driver/Src/stm32g4xx_hal_dma.c.obj
                0x08003eae                HAL_DMA_IRQHandler
 .text.DMA_SetConfig
                0x0800400c       0x7c cmake/stm32cubemx/CMakeFiles/STM32_Drivers.dir/__/__/Drivers/STM32G4xx_HAL_Driver/Src/stm32g4xx_hal_dma.c.obj
 .text.DMA_CalcDMAMUXChannelBaseAndMask
                0x08004088       0x7c cmake/stm32cubemx/CMakeFiles/STM32_Drivers.dir/__/__/Drivers/STM32G4xx_HAL_Driver/Src/stm32g4xx_hal_dma.c.obj
 .text.DMA_CalcDMAMUXRequestGenBaseAndMask
                0x08004104       0x48 cmake/stm32cubemx/CMakeFiles/STM32_Drivers.dir/__/__/Drivers/STM32G4xx_HAL_Driver/Src/stm32g4xx_hal_dma.c.obj
 .text.HAL_PWREx_ControlVoltageScaling
                0x0800414c      0x148 cmake/stm32cubemx/CMakeFiles/STM32_Drivers.dir/__/__/Drivers/STM32G4xx_HAL_Driver/Src/stm32g4xx_hal_pwr_ex.c.obj
                0x0800414c                HAL_PWREx_ControlVoltageScaling
 .text.HAL_PWREx_DisableUCPDDeadBattery
                0x08004294       0x20 cmake/stm32cubemx/CMakeFiles/STM32_Drivers.dir/__/__/Drivers/STM32G4xx_HAL_Driver/Src/stm32g4xx_hal_pwr_ex.c.obj
                0x08004294                HAL_PWREx_DisableUCPDDeadBattery
 .text.__NVIC_SetPriorityGrouping
                0x080042b4       0x48 cmake/stm32cubemx/CMakeFiles/STM32_Drivers.dir/__/__/Drivers/STM32G4xx_HAL_Driver/Src/stm32g4xx_hal_cortex.c.obj
 .text.__NVIC_GetPriorityGrouping
                0x080042fc       0x1c cmake/stm32cubemx/CMakeFiles/STM32_Drivers.dir/__/__/Drivers/STM32G4xx_HAL_Driver/Src/stm32g4xx_hal_cortex.c.obj
 .text.__NVIC_EnableIRQ
                0x08004318       0x3c cmake/stm32cubemx/CMakeFiles/STM32_Drivers.dir/__/__/Drivers/STM32G4xx_HAL_Driver/Src/stm32g4xx_hal_cortex.c.obj
 .text.__NVIC_SetPriority
                0x08004354       0x54 cmake/stm32cubemx/CMakeFiles/STM32_Drivers.dir/__/__/Drivers/STM32G4xx_HAL_Driver/Src/stm32g4xx_hal_cortex.c.obj
 .text.NVIC_EncodePriority
                0x080043a8       0x66 cmake/stm32cubemx/CMakeFiles/STM32_Drivers.dir/__/__/Drivers/STM32G4xx_HAL_Driver/Src/stm32g4xx_hal_cortex.c.obj
 *fill*         0x0800440e        0x2 
 .text.SysTick_Config
                0x08004410       0x44 cmake/stm32cubemx/CMakeFiles/STM32_Drivers.dir/__/__/Drivers/STM32G4xx_HAL_Driver/Src/stm32g4xx_hal_cortex.c.obj
 .text.HAL_NVIC_SetPriorityGrouping
                0x08004454       0x16 cmake/stm32cubemx/CMakeFiles/STM32_Drivers.dir/__/__/Drivers/STM32G4xx_HAL_Driver/Src/stm32g4xx_hal_cortex.c.obj
                0x08004454                HAL_NVIC_SetPriorityGrouping
 .text.HAL_NVIC_SetPriority
                0x0800446a       0x34 cmake/stm32cubemx/CMakeFiles/STM32_Drivers.dir/__/__/Drivers/STM32G4xx_HAL_Driver/Src/stm32g4xx_hal_cortex.c.obj
                0x0800446a                HAL_NVIC_SetPriority
 .text.HAL_NVIC_EnableIRQ
                0x0800449e       0x1c cmake/stm32cubemx/CMakeFiles/STM32_Drivers.dir/__/__/Drivers/STM32G4xx_HAL_Driver/Src/stm32g4xx_hal_cortex.c.obj
                0x0800449e                HAL_NVIC_EnableIRQ
 .text.HAL_SYSTICK_Config
                0x080044ba       0x18 cmake/stm32cubemx/CMakeFiles/STM32_Drivers.dir/__/__/Drivers/STM32G4xx_HAL_Driver/Src/stm32g4xx_hal_cortex.c.obj
                0x080044ba                HAL_SYSTICK_Config
 *fill*         0x080044d2        0x2 
 .text.HAL_FDCAN_Init
                0x080044d4      0x2b4 cmake/stm32cubemx/CMakeFiles/STM32_Drivers.dir/__/__/Drivers/STM32G4xx_HAL_Driver/Src/stm32g4xx_hal_fdcan.c.obj
                0x080044d4                HAL_FDCAN_Init
 .text.FDCAN_CalcultateRamBlockAddresses
                0x08004788       0xac cmake/stm32cubemx/CMakeFiles/STM32_Drivers.dir/__/__/Drivers/STM32G4xx_HAL_Driver/Src/stm32g4xx_hal_fdcan.c.obj
 .text.HAL_SPI_Init
                0x08004834      0x156 cmake/stm32cubemx/CMakeFiles/STM32_Drivers.dir/__/__/Drivers/STM32G4xx_HAL_Driver/Src/stm32g4xx_hal_spi.c.obj
                0x08004834                HAL_SPI_Init
 .text.HAL_TIM_Base_Init
                0x0800498a       0xae cmake/stm32cubemx/CMakeFiles/STM32_Drivers.dir/__/__/Drivers/STM32G4xx_HAL_Driver/Src/stm32g4xx_hal_tim.c.obj
                0x0800498a                HAL_TIM_Base_Init
 .text.HAL_TIM_Base_Start
                0x08004a38       0xc4 cmake/stm32cubemx/CMakeFiles/STM32_Drivers.dir/__/__/Drivers/STM32G4xx_HAL_Driver/Src/stm32g4xx_hal_tim.c.obj
                0x08004a38                HAL_TIM_Base_Start
 .text.HAL_TIM_Base_Stop
                0x08004afc       0x4e cmake/stm32cubemx/CMakeFiles/STM32_Drivers.dir/__/__/Drivers/STM32G4xx_HAL_Driver/Src/stm32g4xx_hal_tim.c.obj
                0x08004afc                HAL_TIM_Base_Stop
 .text.HAL_TIM_PWM_Init
                0x08004b4a       0xae cmake/stm32cubemx/CMakeFiles/STM32_Drivers.dir/__/__/Drivers/STM32G4xx_HAL_Driver/Src/stm32g4xx_hal_tim.c.obj
                0x08004b4a                HAL_TIM_PWM_Init
 .text.HAL_TIM_PWM_MspInit
                0x08004bf8       0x14 cmake/stm32cubemx/CMakeFiles/STM32_Drivers.dir/__/__/Drivers/STM32G4xx_HAL_Driver/Src/stm32g4xx_hal_tim.c.obj
                0x08004bf8                HAL_TIM_PWM_MspInit
 .text.HAL_TIM_PWM_Start
                0x08004c0c      0x200 cmake/stm32cubemx/CMakeFiles/STM32_Drivers.dir/__/__/Drivers/STM32G4xx_HAL_Driver/Src/stm32g4xx_hal_tim.c.obj
                0x08004c0c                HAL_TIM_PWM_Start
 .text.HAL_TIM_PWM_Stop
                0x08004e0c      0x12c cmake/stm32cubemx/CMakeFiles/STM32_Drivers.dir/__/__/Drivers/STM32G4xx_HAL_Driver/Src/stm32g4xx_hal_tim.c.obj
                0x08004e0c                HAL_TIM_PWM_Stop
 .text.HAL_TIM_IC_Init
                0x08004f38       0xae cmake/stm32cubemx/CMakeFiles/STM32_Drivers.dir/__/__/Drivers/STM32G4xx_HAL_Driver/Src/stm32g4xx_hal_tim.c.obj
                0x08004f38                HAL_TIM_IC_Init
 .text.HAL_TIM_IC_MspInit
                0x08004fe6       0x14 cmake/stm32cubemx/CMakeFiles/STM32_Drivers.dir/__/__/Drivers/STM32G4xx_HAL_Driver/Src/stm32g4xx_hal_tim.c.obj
                0x08004fe6                HAL_TIM_IC_MspInit
 .text.HAL_TIM_IRQHandler
                0x08004ffa      0x29e cmake/stm32cubemx/CMakeFiles/STM32_Drivers.dir/__/__/Drivers/STM32G4xx_HAL_Driver/Src/stm32g4xx_hal_tim.c.obj
                0x08004ffa                HAL_TIM_IRQHandler
 .text.HAL_TIM_IC_ConfigChannel
                0x08005298      0x138 cmake/stm32cubemx/CMakeFiles/STM32_Drivers.dir/__/__/Drivers/STM32G4xx_HAL_Driver/Src/stm32g4xx_hal_tim.c.obj
                0x08005298                HAL_TIM_IC_ConfigChannel
 .text.HAL_TIM_PWM_ConfigChannel
                0x080053d0      0x228 cmake/stm32cubemx/CMakeFiles/STM32_Drivers.dir/__/__/Drivers/STM32G4xx_HAL_Driver/Src/stm32g4xx_hal_tim.c.obj
                0x080053d0                HAL_TIM_PWM_ConfigChannel
 .text.HAL_TIM_ConfigClockSource
                0x080055f8      0x1f4 cmake/stm32cubemx/CMakeFiles/STM32_Drivers.dir/__/__/Drivers/STM32G4xx_HAL_Driver/Src/stm32g4xx_hal_tim.c.obj
                0x080055f8                HAL_TIM_ConfigClockSource
 .text.HAL_TIM_OC_DelayElapsedCallback
                0x080057ec       0x14 cmake/stm32cubemx/CMakeFiles/STM32_Drivers.dir/__/__/Drivers/STM32G4xx_HAL_Driver/Src/stm32g4xx_hal_tim.c.obj
                0x080057ec                HAL_TIM_OC_DelayElapsedCallback
 .text.HAL_TIM_IC_CaptureCallback
                0x08005800       0x14 cmake/stm32cubemx/CMakeFiles/STM32_Drivers.dir/__/__/Drivers/STM32G4xx_HAL_Driver/Src/stm32g4xx_hal_tim.c.obj
                0x08005800                HAL_TIM_IC_CaptureCallback
 .text.HAL_TIM_PWM_PulseFinishedCallback
                0x08005814       0x14 cmake/stm32cubemx/CMakeFiles/STM32_Drivers.dir/__/__/Drivers/STM32G4xx_HAL_Driver/Src/stm32g4xx_hal_tim.c.obj
                0x08005814                HAL_TIM_PWM_PulseFinishedCallback
 .text.HAL_TIM_TriggerCallback
                0x08005828       0x14 cmake/stm32cubemx/CMakeFiles/STM32_Drivers.dir/__/__/Drivers/STM32G4xx_HAL_Driver/Src/stm32g4xx_hal_tim.c.obj
                0x08005828                HAL_TIM_TriggerCallback
 .text.TIM_Base_SetConfig
                0x0800583c      0x138 cmake/stm32cubemx/CMakeFiles/STM32_Drivers.dir/__/__/Drivers/STM32G4xx_HAL_Driver/Src/stm32g4xx_hal_tim.c.obj
                0x0800583c                TIM_Base_SetConfig
 .text.TIM_OC1_SetConfig
                0x08005974      0x120 cmake/stm32cubemx/CMakeFiles/STM32_Drivers.dir/__/__/Drivers/STM32G4xx_HAL_Driver/Src/stm32g4xx_hal_tim.c.obj
 .text.TIM_OC2_SetConfig
                0x08005a94      0x114 cmake/stm32cubemx/CMakeFiles/STM32_Drivers.dir/__/__/Drivers/STM32G4xx_HAL_Driver/Src/stm32g4xx_hal_tim.c.obj
                0x08005a94                TIM_OC2_SetConfig
 .text.TIM_OC3_SetConfig
                0x08005ba8      0x110 cmake/stm32cubemx/CMakeFiles/STM32_Drivers.dir/__/__/Drivers/STM32G4xx_HAL_Driver/Src/stm32g4xx_hal_tim.c.obj
 .text.TIM_OC4_SetConfig
                0x08005cb8      0x114 cmake/stm32cubemx/CMakeFiles/STM32_Drivers.dir/__/__/Drivers/STM32G4xx_HAL_Driver/Src/stm32g4xx_hal_tim.c.obj
 .text.TIM_OC5_SetConfig
                0x08005dcc       0xc8 cmake/stm32cubemx/CMakeFiles/STM32_Drivers.dir/__/__/Drivers/STM32G4xx_HAL_Driver/Src/stm32g4xx_hal_tim.c.obj
 .text.TIM_OC6_SetConfig
                0x08005e94       0xcc cmake/stm32cubemx/CMakeFiles/STM32_Drivers.dir/__/__/Drivers/STM32G4xx_HAL_Driver/Src/stm32g4xx_hal_tim.c.obj
 .text.TIM_TI1_SetConfig
                0x08005f60       0xd0 cmake/stm32cubemx/CMakeFiles/STM32_Drivers.dir/__/__/Drivers/STM32G4xx_HAL_Driver/Src/stm32g4xx_hal_tim.c.obj
                0x08005f60                TIM_TI1_SetConfig
 .text.TIM_TI1_ConfigInputStage
                0x08006030       0x5e cmake/stm32cubemx/CMakeFiles/STM32_Drivers.dir/__/__/Drivers/STM32G4xx_HAL_Driver/Src/stm32g4xx_hal_tim.c.obj
 .text.TIM_TI2_SetConfig
                0x0800608e       0x7a cmake/stm32cubemx/CMakeFiles/STM32_Drivers.dir/__/__/Drivers/STM32G4xx_HAL_Driver/Src/stm32g4xx_hal_tim.c.obj
 .text.TIM_TI2_ConfigInputStage
                0x08006108       0x60 cmake/stm32cubemx/CMakeFiles/STM32_Drivers.dir/__/__/Drivers/STM32G4xx_HAL_Driver/Src/stm32g4xx_hal_tim.c.obj
 .text.TIM_TI3_SetConfig
                0x08006168       0x78 cmake/stm32cubemx/CMakeFiles/STM32_Drivers.dir/__/__/Drivers/STM32G4xx_HAL_Driver/Src/stm32g4xx_hal_tim.c.obj
 .text.TIM_TI4_SetConfig
                0x080061e0       0x7a cmake/stm32cubemx/CMakeFiles/STM32_Drivers.dir/__/__/Drivers/STM32G4xx_HAL_Driver/Src/stm32g4xx_hal_tim.c.obj
 .text.TIM_ITRx_SetConfig
                0x0800625a       0x3a cmake/stm32cubemx/CMakeFiles/STM32_Drivers.dir/__/__/Drivers/STM32G4xx_HAL_Driver/Src/stm32g4xx_hal_tim.c.obj
 .text.TIM_ETR_SetConfig
                0x08006294       0x40 cmake/stm32cubemx/CMakeFiles/STM32_Drivers.dir/__/__/Drivers/STM32G4xx_HAL_Driver/Src/stm32g4xx_hal_tim.c.obj
                0x08006294                TIM_ETR_SetConfig
 .text.TIM_CCxChannelCmd
                0x080062d4       0x4a cmake/stm32cubemx/CMakeFiles/STM32_Drivers.dir/__/__/Drivers/STM32G4xx_HAL_Driver/Src/stm32g4xx_hal_tim.c.obj
                0x080062d4                TIM_CCxChannelCmd
 *fill*         0x0800631e        0x2 
 .text.HAL_TIMEx_PWMN_Start
                0x08006320      0x168 cmake/stm32cubemx/CMakeFiles/STM32_Drivers.dir/__/__/Drivers/STM32G4xx_HAL_Driver/Src/stm32g4xx_hal_tim_ex.c.obj
                0x08006320                HAL_TIMEx_PWMN_Start
 .text.HAL_TIMEx_PWMN_Stop
                0x08006488       0xba cmake/stm32cubemx/CMakeFiles/STM32_Drivers.dir/__/__/Drivers/STM32G4xx_HAL_Driver/Src/stm32g4xx_hal_tim_ex.c.obj
                0x08006488                HAL_TIMEx_PWMN_Stop
 *fill*         0x08006542        0x2 
 .text.HAL_TIMEx_MasterConfigSynchronization
                0x08006544      0x104 cmake/stm32cubemx/CMakeFiles/STM32_Drivers.dir/__/__/Drivers/STM32G4xx_HAL_Driver/Src/stm32g4xx_hal_tim_ex.c.obj
                0x08006544                HAL_TIMEx_MasterConfigSynchronization
 .text.HAL_TIMEx_ConfigBreakDeadTime
                0x08006648      0x118 cmake/stm32cubemx/CMakeFiles/STM32_Drivers.dir/__/__/Drivers/STM32G4xx_HAL_Driver/Src/stm32g4xx_hal_tim_ex.c.obj
                0x08006648                HAL_TIMEx_ConfigBreakDeadTime
 .text.HAL_TIMEx_CommutCallback
                0x08006760       0x14 cmake/stm32cubemx/CMakeFiles/STM32_Drivers.dir/__/__/Drivers/STM32G4xx_HAL_Driver/Src/stm32g4xx_hal_tim_ex.c.obj
                0x08006760                HAL_TIMEx_CommutCallback
 .text.HAL_TIMEx_BreakCallback
                0x08006774       0x14 cmake/stm32cubemx/CMakeFiles/STM32_Drivers.dir/__/__/Drivers/STM32G4xx_HAL_Driver/Src/stm32g4xx_hal_tim_ex.c.obj
                0x08006774                HAL_TIMEx_BreakCallback
 .text.HAL_TIMEx_Break2Callback
                0x08006788       0x14 cmake/stm32cubemx/CMakeFiles/STM32_Drivers.dir/__/__/Drivers/STM32G4xx_HAL_Driver/Src/stm32g4xx_hal_tim_ex.c.obj
                0x08006788                HAL_TIMEx_Break2Callback
 .text.HAL_TIMEx_EncoderIndexCallback
                0x0800679c       0x14 cmake/stm32cubemx/CMakeFiles/STM32_Drivers.dir/__/__/Drivers/STM32G4xx_HAL_Driver/Src/stm32g4xx_hal_tim_ex.c.obj
                0x0800679c                HAL_TIMEx_EncoderIndexCallback
 .text.HAL_TIMEx_DirectionChangeCallback
                0x080067b0       0x14 cmake/stm32cubemx/CMakeFiles/STM32_Drivers.dir/__/__/Drivers/STM32G4xx_HAL_Driver/Src/stm32g4xx_hal_tim_ex.c.obj
                0x080067b0                HAL_TIMEx_DirectionChangeCallback
 .text.HAL_TIMEx_IndexErrorCallback
                0x080067c4       0x14 cmake/stm32cubemx/CMakeFiles/STM32_Drivers.dir/__/__/Drivers/STM32G4xx_HAL_Driver/Src/stm32g4xx_hal_tim_ex.c.obj
                0x080067c4                HAL_TIMEx_IndexErrorCallback
 .text.HAL_TIMEx_TransitionErrorCallback
                0x080067d8       0x14 cmake/stm32cubemx/CMakeFiles/STM32_Drivers.dir/__/__/Drivers/STM32G4xx_HAL_Driver/Src/stm32g4xx_hal_tim_ex.c.obj
                0x080067d8                HAL_TIMEx_TransitionErrorCallback
 .text.TIM_CCxNChannelCmd
                0x080067ec       0x4a cmake/stm32cubemx/CMakeFiles/STM32_Drivers.dir/__/__/Drivers/STM32G4xx_HAL_Driver/Src/stm32g4xx_hal_tim_ex.c.obj
 .text.HAL_UART_Init
                0x08006836       0xa0 cmake/stm32cubemx/CMakeFiles/STM32_Drivers.dir/__/__/Drivers/STM32G4xx_HAL_Driver/Src/stm32g4xx_hal_uart.c.obj
                0x08006836                HAL_UART_Init
 *fill*         0x080068d6        0x2 
 .text.HAL_UART_IRQHandler
                0x080068d8      0x684 cmake/stm32cubemx/CMakeFiles/STM32_Drivers.dir/__/__/Drivers/STM32G4xx_HAL_Driver/Src/stm32g4xx_hal_uart.c.obj
                0x080068d8                HAL_UART_IRQHandler
 .text.HAL_UART_TxCpltCallback
                0x08006f5c       0x14 cmake/stm32cubemx/CMakeFiles/STM32_Drivers.dir/__/__/Drivers/STM32G4xx_HAL_Driver/Src/stm32g4xx_hal_uart.c.obj
                0x08006f5c                HAL_UART_TxCpltCallback
 .text.HAL_UART_ErrorCallback
                0x08006f70       0x14 cmake/stm32cubemx/CMakeFiles/STM32_Drivers.dir/__/__/Drivers/STM32G4xx_HAL_Driver/Src/stm32g4xx_hal_uart.c.obj
                0x08006f70                HAL_UART_ErrorCallback
 .text.HAL_UARTEx_RxEventCallback
                0x08006f84       0x18 cmake/stm32cubemx/CMakeFiles/STM32_Drivers.dir/__/__/Drivers/STM32G4xx_HAL_Driver/Src/stm32g4xx_hal_uart.c.obj
                0x08006f84                HAL_UARTEx_RxEventCallback
 .text.UART_SetConfig
                0x08006f9c      0x598 cmake/stm32cubemx/CMakeFiles/STM32_Drivers.dir/__/__/Drivers/STM32G4xx_HAL_Driver/Src/stm32g4xx_hal_uart.c.obj
                0x08006f9c                UART_SetConfig
 .text.UART_AdvFeatureConfig
                0x08007534      0x144 cmake/stm32cubemx/CMakeFiles/STM32_Drivers.dir/__/__/Drivers/STM32G4xx_HAL_Driver/Src/stm32g4xx_hal_uart.c.obj
                0x08007534                UART_AdvFeatureConfig
 .text.UART_CheckIdleState
                0x08007678      0x154 cmake/stm32cubemx/CMakeFiles/STM32_Drivers.dir/__/__/Drivers/STM32G4xx_HAL_Driver/Src/stm32g4xx_hal_uart.c.obj
                0x08007678                UART_CheckIdleState
 .text.UART_WaitOnFlagUntilTimeout
                0x080077cc       0xda cmake/stm32cubemx/CMakeFiles/STM32_Drivers.dir/__/__/Drivers/STM32G4xx_HAL_Driver/Src/stm32g4xx_hal_uart.c.obj
                0x080077cc                UART_WaitOnFlagUntilTimeout
 .text.UART_EndRxTransfer
                0x080078a6       0xcc cmake/stm32cubemx/CMakeFiles/STM32_Drivers.dir/__/__/Drivers/STM32G4xx_HAL_Driver/Src/stm32g4xx_hal_uart.c.obj
 .text.UART_DMAAbortOnError
                0x08007972       0x24 cmake/stm32cubemx/CMakeFiles/STM32_Drivers.dir/__/__/Drivers/STM32G4xx_HAL_Driver/Src/stm32g4xx_hal_uart.c.obj
 .text.UART_EndTransmit_IT
                0x08007996       0x56 cmake/stm32cubemx/CMakeFiles/STM32_Drivers.dir/__/__/Drivers/STM32G4xx_HAL_Driver/Src/stm32g4xx_hal_uart.c.obj
 .text.HAL_RS485Ex_Init
                0x080079ec       0xd2 cmake/stm32cubemx/CMakeFiles/STM32_Drivers.dir/__/__/Drivers/STM32G4xx_HAL_Driver/Src/stm32g4xx_hal_uart_ex.c.obj
                0x080079ec                HAL_RS485Ex_Init
 .text.HAL_UARTEx_WakeupCallback
                0x08007abe       0x14 cmake/stm32cubemx/CMakeFiles/STM32_Drivers.dir/__/__/Drivers/STM32G4xx_HAL_Driver/Src/stm32g4xx_hal_uart_ex.c.obj
                0x08007abe                HAL_UARTEx_WakeupCallback
 .text.HAL_UARTEx_RxFifoFullCallback
                0x08007ad2       0x14 cmake/stm32cubemx/CMakeFiles/STM32_Drivers.dir/__/__/Drivers/STM32G4xx_HAL_Driver/Src/stm32g4xx_hal_uart_ex.c.obj
                0x08007ad2                HAL_UARTEx_RxFifoFullCallback
 .text.HAL_UARTEx_TxFifoEmptyCallback
                0x08007ae6       0x14 cmake/stm32cubemx/CMakeFiles/STM32_Drivers.dir/__/__/Drivers/STM32G4xx_HAL_Driver/Src/stm32g4xx_hal_uart_ex.c.obj
                0x08007ae6                HAL_UARTEx_TxFifoEmptyCallback
 .text.HAL_UARTEx_DisableFifoMode
                0x08007afa       0x72 cmake/stm32cubemx/CMakeFiles/STM32_Drivers.dir/__/__/Drivers/STM32G4xx_HAL_Driver/Src/stm32g4xx_hal_uart_ex.c.obj
                0x08007afa                HAL_UARTEx_DisableFifoMode
 .text.HAL_UARTEx_SetTxFifoThreshold
                0x08007b6c       0x7c cmake/stm32cubemx/CMakeFiles/STM32_Drivers.dir/__/__/Drivers/STM32G4xx_HAL_Driver/Src/stm32g4xx_hal_uart_ex.c.obj
                0x08007b6c                HAL_UARTEx_SetTxFifoThreshold
 .text.HAL_UARTEx_SetRxFifoThreshold
                0x08007be8       0x7c cmake/stm32cubemx/CMakeFiles/STM32_Drivers.dir/__/__/Drivers/STM32G4xx_HAL_Driver/Src/stm32g4xx_hal_uart_ex.c.obj
                0x08007be8                HAL_UARTEx_SetRxFifoThreshold
 .text.UARTEx_SetNbDataToProcess
                0x08007c64       0x9c cmake/stm32cubemx/CMakeFiles/STM32_Drivers.dir/__/__/Drivers/STM32G4xx_HAL_Driver/Src/stm32g4xx_hal_uart_ex.c.obj
 .text.xEventGroupCreateStatic
                0x08007d00       0x72 cmake/stm32cubemx/CMakeFiles/FreeRTOS.dir/__/__/Middlewares/Third_Party/FreeRTOS/Source/event_groups.c.obj
                0x08007d00                xEventGroupCreateStatic
 .text.xEventGroupCreate
                0x08007d72       0x34 cmake/stm32cubemx/CMakeFiles/FreeRTOS.dir/__/__/Middlewares/Third_Party/FreeRTOS/Source/event_groups.c.obj
                0x08007d72                xEventGroupCreate
 *fill*         0x08007da6        0x2 
 .text.xEventGroupWaitBits
                0x08007da8      0x1a4 cmake/stm32cubemx/CMakeFiles/FreeRTOS.dir/__/__/Middlewares/Third_Party/FreeRTOS/Source/event_groups.c.obj
                0x08007da8                xEventGroupWaitBits
 .text.xEventGroupClearBits
                0x08007f4c       0x72 cmake/stm32cubemx/CMakeFiles/FreeRTOS.dir/__/__/Middlewares/Third_Party/FreeRTOS/Source/event_groups.c.obj
                0x08007f4c                xEventGroupClearBits
 *fill*         0x08007fbe        0x2 
 .text.xEventGroupClearBitsFromISR
                0x08007fc0       0x28 cmake/stm32cubemx/CMakeFiles/FreeRTOS.dir/__/__/Middlewares/Third_Party/FreeRTOS/Source/event_groups.c.obj
                0x08007fc0                xEventGroupClearBitsFromISR
 .text.xEventGroupGetBitsFromISR
                0x08007fe8       0x48 cmake/stm32cubemx/CMakeFiles/FreeRTOS.dir/__/__/Middlewares/Third_Party/FreeRTOS/Source/event_groups.c.obj
                0x08007fe8                xEventGroupGetBitsFromISR
 .text.xEventGroupSetBits
                0x08008030      0x118 cmake/stm32cubemx/CMakeFiles/FreeRTOS.dir/__/__/Middlewares/Third_Party/FreeRTOS/Source/event_groups.c.obj
                0x08008030                xEventGroupSetBits
 .text.vEventGroupSetBitsCallback
                0x08008148       0x1a cmake/stm32cubemx/CMakeFiles/FreeRTOS.dir/__/__/Middlewares/Third_Party/FreeRTOS/Source/event_groups.c.obj
                0x08008148                vEventGroupSetBitsCallback
 .text.vEventGroupClearBitsCallback
                0x08008162       0x1a cmake/stm32cubemx/CMakeFiles/FreeRTOS.dir/__/__/Middlewares/Third_Party/FreeRTOS/Source/event_groups.c.obj
                0x08008162                vEventGroupClearBitsCallback
 .text.prvTestWaitCondition
                0x0800817c       0x44 cmake/stm32cubemx/CMakeFiles/FreeRTOS.dir/__/__/Middlewares/Third_Party/FreeRTOS/Source/event_groups.c.obj
 .text.xEventGroupSetBitsFromISR
                0x080081c0       0x28 cmake/stm32cubemx/CMakeFiles/FreeRTOS.dir/__/__/Middlewares/Third_Party/FreeRTOS/Source/event_groups.c.obj
                0x080081c0                xEventGroupSetBitsFromISR
 .text.vListInitialise
                0x080081e8       0x40 cmake/stm32cubemx/CMakeFiles/FreeRTOS.dir/__/__/Middlewares/Third_Party/FreeRTOS/Source/list.c.obj
                0x080081e8                vListInitialise
 .text.vListInitialiseItem
                0x08008228       0x1a cmake/stm32cubemx/CMakeFiles/FreeRTOS.dir/__/__/Middlewares/Third_Party/FreeRTOS/Source/list.c.obj
                0x08008228                vListInitialiseItem
 .text.vListInsertEnd
                0x08008242       0x48 cmake/stm32cubemx/CMakeFiles/FreeRTOS.dir/__/__/Middlewares/Third_Party/FreeRTOS/Source/list.c.obj
                0x08008242                vListInsertEnd
 .text.vListInsert
                0x0800828a       0x72 cmake/stm32cubemx/CMakeFiles/FreeRTOS.dir/__/__/Middlewares/Third_Party/FreeRTOS/Source/list.c.obj
                0x0800828a                vListInsert
 .text.uxListRemove
                0x080082fc       0x54 cmake/stm32cubemx/CMakeFiles/FreeRTOS.dir/__/__/Middlewares/Third_Party/FreeRTOS/Source/list.c.obj
                0x080082fc                uxListRemove
 .text.xQueueGenericReset
                0x08008350       0xd4 cmake/stm32cubemx/CMakeFiles/FreeRTOS.dir/__/__/Middlewares/Third_Party/FreeRTOS/Source/queue.c.obj
                0x08008350                xQueueGenericReset
 .text.xQueueGenericCreateStatic
                0x08008424       0xfa cmake/stm32cubemx/CMakeFiles/FreeRTOS.dir/__/__/Middlewares/Third_Party/FreeRTOS/Source/queue.c.obj
                0x08008424                xQueueGenericCreateStatic
 .text.prvInitialiseNewQueue
                0x0800851e       0x46 cmake/stm32cubemx/CMakeFiles/FreeRTOS.dir/__/__/Middlewares/Third_Party/FreeRTOS/Source/queue.c.obj
 .text.xQueueGenericSend
                0x08008564      0x204 cmake/stm32cubemx/CMakeFiles/FreeRTOS.dir/__/__/Middlewares/Third_Party/FreeRTOS/Source/queue.c.obj
                0x08008564                xQueueGenericSend
 .text.xQueueGenericSendFromISR
                0x08008768      0x13c cmake/stm32cubemx/CMakeFiles/FreeRTOS.dir/__/__/Middlewares/Third_Party/FreeRTOS/Source/queue.c.obj
                0x08008768                xQueueGenericSendFromISR
 .text.xQueueReceive
                0x080088a4      0x1c4 cmake/stm32cubemx/CMakeFiles/FreeRTOS.dir/__/__/Middlewares/Third_Party/FreeRTOS/Source/queue.c.obj
                0x080088a4                xQueueReceive
 .text.prvCopyDataToQueue
                0x08008a68       0xd4 cmake/stm32cubemx/CMakeFiles/FreeRTOS.dir/__/__/Middlewares/Third_Party/FreeRTOS/Source/queue.c.obj
 .text.prvCopyDataFromQueue
                0x08008b3c       0x4c cmake/stm32cubemx/CMakeFiles/FreeRTOS.dir/__/__/Middlewares/Third_Party/FreeRTOS/Source/queue.c.obj
 .text.prvUnlockQueue
                0x08008b88       0xa4 cmake/stm32cubemx/CMakeFiles/FreeRTOS.dir/__/__/Middlewares/Third_Party/FreeRTOS/Source/queue.c.obj
 .text.prvIsQueueEmpty
                0x08008c2c       0x2c cmake/stm32cubemx/CMakeFiles/FreeRTOS.dir/__/__/Middlewares/Third_Party/FreeRTOS/Source/queue.c.obj
 .text.prvIsQueueFull
                0x08008c58       0x30 cmake/stm32cubemx/CMakeFiles/FreeRTOS.dir/__/__/Middlewares/Third_Party/FreeRTOS/Source/queue.c.obj
 .text.vQueueAddToRegistry
                0x08008c88       0x54 cmake/stm32cubemx/CMakeFiles/FreeRTOS.dir/__/__/Middlewares/Third_Party/FreeRTOS/Source/queue.c.obj
                0x08008c88                vQueueAddToRegistry
 .text.vQueueWaitForMessageRestricted
                0x08008cdc       0x68 cmake/stm32cubemx/CMakeFiles/FreeRTOS.dir/__/__/Middlewares/Third_Party/FreeRTOS/Source/queue.c.obj
                0x08008cdc                vQueueWaitForMessageRestricted
 .text.xTaskCreateStatic
                0x08008d44       0xc0 cmake/stm32cubemx/CMakeFiles/FreeRTOS.dir/__/__/Middlewares/Third_Party/FreeRTOS/Source/tasks.c.obj
                0x08008d44                xTaskCreateStatic
 .text.xTaskCreate
                0x08008e04       0x8a cmake/stm32cubemx/CMakeFiles/FreeRTOS.dir/__/__/Middlewares/Third_Party/FreeRTOS/Source/tasks.c.obj
                0x08008e04                xTaskCreate
 .text.prvInitialiseNewTask
                0x08008e8e      0x120 cmake/stm32cubemx/CMakeFiles/FreeRTOS.dir/__/__/Middlewares/Third_Party/FreeRTOS/Source/tasks.c.obj
 *fill*         0x08008fae        0x2 
 .text.prvAddNewTaskToReadyList
                0x08008fb0       0xe0 cmake/stm32cubemx/CMakeFiles/FreeRTOS.dir/__/__/Middlewares/Third_Party/FreeRTOS/Source/tasks.c.obj
 .text.vTaskDelay
                0x08009090       0x6c cmake/stm32cubemx/CMakeFiles/FreeRTOS.dir/__/__/Middlewares/Third_Party/FreeRTOS/Source/tasks.c.obj
                0x08009090                vTaskDelay
 .text.vTaskStartScheduler
                0x080090fc       0xd0 cmake/stm32cubemx/CMakeFiles/FreeRTOS.dir/__/__/Middlewares/Third_Party/FreeRTOS/Source/tasks.c.obj
                0x080090fc                vTaskStartScheduler
 .text.vTaskSuspendAll
                0x080091cc       0x1c cmake/stm32cubemx/CMakeFiles/FreeRTOS.dir/__/__/Middlewares/Third_Party/FreeRTOS/Source/tasks.c.obj
                0x080091cc                vTaskSuspendAll
 .text.xTaskResumeAll
                0x080091e8      0x13c cmake/stm32cubemx/CMakeFiles/FreeRTOS.dir/__/__/Middlewares/Third_Party/FreeRTOS/Source/tasks.c.obj
                0x080091e8                xTaskResumeAll
 .text.xTaskGetTickCount
                0x08009324       0x20 cmake/stm32cubemx/CMakeFiles/FreeRTOS.dir/__/__/Middlewares/Third_Party/FreeRTOS/Source/tasks.c.obj
                0x08009324                xTaskGetTickCount
 .text.xTaskIncrementTick
                0x08009344      0x174 cmake/stm32cubemx/CMakeFiles/FreeRTOS.dir/__/__/Middlewares/Third_Party/FreeRTOS/Source/tasks.c.obj
                0x08009344                xTaskIncrementTick
 .text.vTaskSwitchContext
                0x080094b8       0xbc cmake/stm32cubemx/CMakeFiles/FreeRTOS.dir/__/__/Middlewares/Third_Party/FreeRTOS/Source/tasks.c.obj
                0x080094b8                vTaskSwitchContext
 .text.vTaskPlaceOnEventList
                0x08009574       0x4c cmake/stm32cubemx/CMakeFiles/FreeRTOS.dir/__/__/Middlewares/Third_Party/FreeRTOS/Source/tasks.c.obj
                0x08009574                vTaskPlaceOnEventList
 .text.vTaskPlaceOnUnorderedEventList
                0x080095c0       0x7c cmake/stm32cubemx/CMakeFiles/FreeRTOS.dir/__/__/Middlewares/Third_Party/FreeRTOS/Source/tasks.c.obj
                0x080095c0                vTaskPlaceOnUnorderedEventList
 .text.vTaskPlaceOnEventListRestricted
                0x0800963c       0x58 cmake/stm32cubemx/CMakeFiles/FreeRTOS.dir/__/__/Middlewares/Third_Party/FreeRTOS/Source/tasks.c.obj
                0x0800963c                vTaskPlaceOnEventListRestricted
 .text.xTaskRemoveFromEventList
                0x08009694       0xc8 cmake/stm32cubemx/CMakeFiles/FreeRTOS.dir/__/__/Middlewares/Third_Party/FreeRTOS/Source/tasks.c.obj
                0x08009694                xTaskRemoveFromEventList
 .text.vTaskRemoveFromUnorderedEventList
                0x0800975c       0xc8 cmake/stm32cubemx/CMakeFiles/FreeRTOS.dir/__/__/Middlewares/Third_Party/FreeRTOS/Source/tasks.c.obj
                0x0800975c                vTaskRemoveFromUnorderedEventList
 .text.vTaskInternalSetTimeOutState
                0x08009824       0x2c cmake/stm32cubemx/CMakeFiles/FreeRTOS.dir/__/__/Middlewares/Third_Party/FreeRTOS/Source/tasks.c.obj
                0x08009824                vTaskInternalSetTimeOutState
 .text.xTaskCheckForTimeOut
                0x08009850       0xc8 cmake/stm32cubemx/CMakeFiles/FreeRTOS.dir/__/__/Middlewares/Third_Party/FreeRTOS/Source/tasks.c.obj
                0x08009850                xTaskCheckForTimeOut
 .text.vTaskMissedYield
                0x08009918       0x18 cmake/stm32cubemx/CMakeFiles/FreeRTOS.dir/__/__/Middlewares/Third_Party/FreeRTOS/Source/tasks.c.obj
                0x08009918                vTaskMissedYield
 .text.prvIdleTask
                0x08009930       0x30 cmake/stm32cubemx/CMakeFiles/FreeRTOS.dir/__/__/Middlewares/Third_Party/FreeRTOS/Source/tasks.c.obj
 .text.prvInitialiseTaskLists
                0x08009960       0x80 cmake/stm32cubemx/CMakeFiles/FreeRTOS.dir/__/__/Middlewares/Third_Party/FreeRTOS/Source/tasks.c.obj
 .text.prvCheckTasksWaitingTermination
                0x080099e0       0x5c cmake/stm32cubemx/CMakeFiles/FreeRTOS.dir/__/__/Middlewares/Third_Party/FreeRTOS/Source/tasks.c.obj
 .text.prvDeleteTCB
                0x08009a3c       0x60 cmake/stm32cubemx/CMakeFiles/FreeRTOS.dir/__/__/Middlewares/Third_Party/FreeRTOS/Source/tasks.c.obj
 .text.prvResetNextTaskUnblockTime
                0x08009a9c       0x40 cmake/stm32cubemx/CMakeFiles/FreeRTOS.dir/__/__/Middlewares/Third_Party/FreeRTOS/Source/tasks.c.obj
 .text.xTaskGetSchedulerState
                0x08009adc       0x3c cmake/stm32cubemx/CMakeFiles/FreeRTOS.dir/__/__/Middlewares/Third_Party/FreeRTOS/Source/tasks.c.obj
                0x08009adc                xTaskGetSchedulerState
 .text.xTaskPriorityDisinherit
                0x08009b18       0xe0 cmake/stm32cubemx/CMakeFiles/FreeRTOS.dir/__/__/Middlewares/Third_Party/FreeRTOS/Source/tasks.c.obj
                0x08009b18                xTaskPriorityDisinherit
 .text.uxTaskResetEventItemValue
                0x08009bf8       0x30 cmake/stm32cubemx/CMakeFiles/FreeRTOS.dir/__/__/Middlewares/Third_Party/FreeRTOS/Source/tasks.c.obj
                0x08009bf8                uxTaskResetEventItemValue
 .text.prvAddCurrentTaskToDelayedList
                0x08009c28       0xa8 cmake/stm32cubemx/CMakeFiles/FreeRTOS.dir/__/__/Middlewares/Third_Party/FreeRTOS/Source/tasks.c.obj
 .text.xTimerCreateTimerTask
                0x08009cd0       0x94 cmake/stm32cubemx/CMakeFiles/FreeRTOS.dir/__/__/Middlewares/Third_Party/FreeRTOS/Source/timers.c.obj
                0x08009cd0                xTimerCreateTimerTask
 .text.xTimerGenericCommand
                0x08009d64       0x9c cmake/stm32cubemx/CMakeFiles/FreeRTOS.dir/__/__/Middlewares/Third_Party/FreeRTOS/Source/timers.c.obj
                0x08009d64                xTimerGenericCommand
 .text.prvProcessExpiredTimer
                0x08009e00       0x9c cmake/stm32cubemx/CMakeFiles/FreeRTOS.dir/__/__/Middlewares/Third_Party/FreeRTOS/Source/timers.c.obj
 .text.prvTimerTask
                0x08009e9c       0x26 cmake/stm32cubemx/CMakeFiles/FreeRTOS.dir/__/__/Middlewares/Third_Party/FreeRTOS/Source/timers.c.obj
 *fill*         0x08009ec2        0x2 
 .text.prvProcessTimerOrBlockTask
                0x08009ec4       0x9c cmake/stm32cubemx/CMakeFiles/FreeRTOS.dir/__/__/Middlewares/Third_Party/FreeRTOS/Source/timers.c.obj
 .text.prvGetNextExpireTime
                0x08009f60       0x48 cmake/stm32cubemx/CMakeFiles/FreeRTOS.dir/__/__/Middlewares/Third_Party/FreeRTOS/Source/timers.c.obj
 .text.prvSampleTimeNow
                0x08009fa8       0x40 cmake/stm32cubemx/CMakeFiles/FreeRTOS.dir/__/__/Middlewares/Third_Party/FreeRTOS/Source/timers.c.obj
 .text.prvInsertTimerInActiveList
                0x08009fe8       0x84 cmake/stm32cubemx/CMakeFiles/FreeRTOS.dir/__/__/Middlewares/Third_Party/FreeRTOS/Source/timers.c.obj
 .text.prvProcessReceivedCommands
                0x0800a06c      0x1cc cmake/stm32cubemx/CMakeFiles/FreeRTOS.dir/__/__/Middlewares/Third_Party/FreeRTOS/Source/timers.c.obj
 .text.prvSwitchTimerLists
                0x0800a238       0xcc cmake/stm32cubemx/CMakeFiles/FreeRTOS.dir/__/__/Middlewares/Third_Party/FreeRTOS/Source/timers.c.obj
 .text.prvCheckForValidListAndQueue
                0x0800a304       0x80 cmake/stm32cubemx/CMakeFiles/FreeRTOS.dir/__/__/Middlewares/Third_Party/FreeRTOS/Source/timers.c.obj
 .text.xTimerPendFunctionCallFromISR
                0x0800a384       0x40 cmake/stm32cubemx/CMakeFiles/FreeRTOS.dir/__/__/Middlewares/Third_Party/FreeRTOS/Source/timers.c.obj
                0x0800a384                xTimerPendFunctionCallFromISR
 .text.__NVIC_SetPriority
                0x0800a3c4       0x54 cmake/stm32cubemx/CMakeFiles/FreeRTOS.dir/__/__/Middlewares/Third_Party/FreeRTOS/Source/CMSIS_RTOS_V2/cmsis_os2.c.obj
 .text.SVC_Setup
                0x0800a418       0x12 cmake/stm32cubemx/CMakeFiles/FreeRTOS.dir/__/__/Middlewares/Third_Party/FreeRTOS/Source/CMSIS_RTOS_V2/cmsis_os2.c.obj
 *fill*         0x0800a42a        0x2 
 .text.osKernelInitialize
                0x0800a42c       0x48 cmake/stm32cubemx/CMakeFiles/FreeRTOS.dir/__/__/Middlewares/Third_Party/FreeRTOS/Source/CMSIS_RTOS_V2/cmsis_os2.c.obj
                0x0800a42c                osKernelInitialize
 .text.osKernelStart
                0x0800a474       0x4c cmake/stm32cubemx/CMakeFiles/FreeRTOS.dir/__/__/Middlewares/Third_Party/FreeRTOS/Source/CMSIS_RTOS_V2/cmsis_os2.c.obj
                0x0800a474                osKernelStart
 .text.osThreadNew
                0x0800a4c0      0x124 cmake/stm32cubemx/CMakeFiles/FreeRTOS.dir/__/__/Middlewares/Third_Party/FreeRTOS/Source/CMSIS_RTOS_V2/cmsis_os2.c.obj
                0x0800a4c0                osThreadNew
 .text.osDelay  0x0800a5e4       0x36 cmake/stm32cubemx/CMakeFiles/FreeRTOS.dir/__/__/Middlewares/Third_Party/FreeRTOS/Source/CMSIS_RTOS_V2/cmsis_os2.c.obj
                0x0800a5e4                osDelay
 .text.osEventFlagsNew
                0x0800a61a       0x7e cmake/stm32cubemx/CMakeFiles/FreeRTOS.dir/__/__/Middlewares/Third_Party/FreeRTOS/Source/CMSIS_RTOS_V2/cmsis_os2.c.obj
                0x0800a61a                osEventFlagsNew
 .text.osEventFlagsSet
                0x0800a698       0x84 cmake/stm32cubemx/CMakeFiles/FreeRTOS.dir/__/__/Middlewares/Third_Party/FreeRTOS/Source/CMSIS_RTOS_V2/cmsis_os2.c.obj
                0x0800a698                osEventFlagsSet
 .text.osEventFlagsClear
                0x0800a71c       0x62 cmake/stm32cubemx/CMakeFiles/FreeRTOS.dir/__/__/Middlewares/Third_Party/FreeRTOS/Source/CMSIS_RTOS_V2/cmsis_os2.c.obj
                0x0800a71c                osEventFlagsClear
 .text.osEventFlagsWait
                0x0800a77e       0xca cmake/stm32cubemx/CMakeFiles/FreeRTOS.dir/__/__/Middlewares/Third_Party/FreeRTOS/Source/CMSIS_RTOS_V2/cmsis_os2.c.obj
                0x0800a77e                osEventFlagsWait
 .text.vApplicationGetIdleTaskMemory
                0x0800a848       0x34 cmake/stm32cubemx/CMakeFiles/FreeRTOS.dir/__/__/Middlewares/Third_Party/FreeRTOS/Source/CMSIS_RTOS_V2/cmsis_os2.c.obj
                0x0800a848                vApplicationGetIdleTaskMemory
 .text.vApplicationGetTimerTaskMemory
                0x0800a87c       0x34 cmake/stm32cubemx/CMakeFiles/FreeRTOS.dir/__/__/Middlewares/Third_Party/FreeRTOS/Source/CMSIS_RTOS_V2/cmsis_os2.c.obj
                0x0800a87c                vApplicationGetTimerTaskMemory
 .text.pvPortMalloc
                0x0800a8b0      0x19c cmake/stm32cubemx/CMakeFiles/FreeRTOS.dir/__/__/Middlewares/Third_Party/FreeRTOS/Source/portable/MemMang/heap_4.c.obj
                0x0800a8b0                pvPortMalloc
 .text.vPortFree
                0x0800aa4c       0xc8 cmake/stm32cubemx/CMakeFiles/FreeRTOS.dir/__/__/Middlewares/Third_Party/FreeRTOS/Source/portable/MemMang/heap_4.c.obj
                0x0800aa4c                vPortFree
 .text.prvHeapInit
                0x0800ab14       0xc4 cmake/stm32cubemx/CMakeFiles/FreeRTOS.dir/__/__/Middlewares/Third_Party/FreeRTOS/Source/portable/MemMang/heap_4.c.obj
 .text.prvInsertBlockIntoFreeList
                0x0800abd8       0xb4 cmake/stm32cubemx/CMakeFiles/FreeRTOS.dir/__/__/Middlewares/Third_Party/FreeRTOS/Source/portable/MemMang/heap_4.c.obj
 .text.pxPortInitialiseStack
                0x0800ac8c       0x68 cmake/stm32cubemx/CMakeFiles/FreeRTOS.dir/__/__/Middlewares/Third_Party/FreeRTOS/Source/portable/GCC/ARM_CM4F/port.c.obj
                0x0800ac8c                pxPortInitialiseStack
 .text.prvTaskExitError
                0x0800acf4       0x5c cmake/stm32cubemx/CMakeFiles/FreeRTOS.dir/__/__/Middlewares/Third_Party/FreeRTOS/Source/portable/GCC/ARM_CM4F/port.c.obj
 .text.SVC_Handler
                0x0800ad50       0x28 cmake/stm32cubemx/CMakeFiles/FreeRTOS.dir/__/__/Middlewares/Third_Party/FreeRTOS/Source/portable/GCC/ARM_CM4F/port.c.obj
                0x0800ad50                SVC_Handler
 .text.prvPortStartFirstTask
                0x0800ad78       0x28 cmake/stm32cubemx/CMakeFiles/FreeRTOS.dir/__/__/Middlewares/Third_Party/FreeRTOS/Source/portable/GCC/ARM_CM4F/port.c.obj
 .text.xPortStartScheduler
                0x0800ada0      0x148 cmake/stm32cubemx/CMakeFiles/FreeRTOS.dir/__/__/Middlewares/Third_Party/FreeRTOS/Source/portable/GCC/ARM_CM4F/port.c.obj
                0x0800ada0                xPortStartScheduler
 .text.vPortEnterCritical
                0x0800aee8       0x64 cmake/stm32cubemx/CMakeFiles/FreeRTOS.dir/__/__/Middlewares/Third_Party/FreeRTOS/Source/portable/GCC/ARM_CM4F/port.c.obj
                0x0800aee8                vPortEnterCritical
 .text.vPortExitCritical
                0x0800af4c       0x54 cmake/stm32cubemx/CMakeFiles/FreeRTOS.dir/__/__/Middlewares/Third_Party/FreeRTOS/Source/portable/GCC/ARM_CM4F/port.c.obj
                0x0800af4c                vPortExitCritical
 .text.PendSV_Handler
                0x0800afa0       0x68 cmake/stm32cubemx/CMakeFiles/FreeRTOS.dir/__/__/Middlewares/Third_Party/FreeRTOS/Source/portable/GCC/ARM_CM4F/port.c.obj
                0x0800afa0                PendSV_Handler
 .text.xPortSysTickHandler
                0x0800b008       0x44 cmake/stm32cubemx/CMakeFiles/FreeRTOS.dir/__/__/Middlewares/Third_Party/FreeRTOS/Source/portable/GCC/ARM_CM4F/port.c.obj
                0x0800b008                xPortSysTickHandler
 .text.vPortSetupTimerInterrupt
                0x0800b04c       0x48 cmake/stm32cubemx/CMakeFiles/FreeRTOS.dir/__/__/Middlewares/Third_Party/FreeRTOS/Source/portable/GCC/ARM_CM4F/port.c.obj
                0x0800b04c                vPortSetupTimerInterrupt
 .text.vPortEnableVFP
                0x0800b094       0x14 cmake/stm32cubemx/CMakeFiles/FreeRTOS.dir/__/__/Middlewares/Third_Party/FreeRTOS/Source/portable/GCC/ARM_CM4F/port.c.obj
 .text.vPortValidateInterruptPriority
                0x0800b0a8       0x84 cmake/stm32cubemx/CMakeFiles/FreeRTOS.dir/__/__/Middlewares/Third_Party/FreeRTOS/Source/portable/GCC/ARM_CM4F/port.c.obj
                0x0800b0a8                vPortValidateInterruptPriority
 .text.HAL_TIM_PeriodElapsedCallback
                0x0800b12c       0x14 CMakeFiles/ESC_G4.dir/Core/Src/main.c.obj
                0x0800b12c                HAL_TIM_PeriodElapsedCallback
 .text.main     0x0800b140       0x6c CMakeFiles/ESC_G4.dir/Core/Src/main.c.obj
                0x0800b140                main
 .text.SystemClock_Config
                0x0800b1ac       0x92 CMakeFiles/ESC_G4.dir/Core/Src/main.c.obj
                0x0800b1ac                SystemClock_Config
 .text.Error_Handler
                0x0800b23e        0xc CMakeFiles/ESC_G4.dir/Core/Src/main.c.obj
                0x0800b23e                Error_Handler
 *fill*         0x0800b24a        0x2 
 .text.MX_GPIO_Init
                0x0800b24c      0x144 CMakeFiles/ESC_G4.dir/Core/Src/gpio.c.obj
                0x0800b24c                MX_GPIO_Init
 .text.MX_FREERTOS_Init
                0x0800b390       0x9c CMakeFiles/ESC_G4.dir/Core/Src/app_freertos.c.obj
                0x0800b390                MX_FREERTOS_Init
 .text.StartDefaultTask
                0x0800b42c       0x10 CMakeFiles/ESC_G4.dir/Core/Src/app_freertos.c.obj
                0x0800b42c                StartDefaultTask
 .text.MX_ADC1_Init
                0x0800b43c      0x194 CMakeFiles/ESC_G4.dir/Core/Src/adc.c.obj
                0x0800b43c                MX_ADC1_Init
 .text.MX_ADC2_Init
                0x0800b5d0       0xd0 CMakeFiles/ESC_G4.dir/Core/Src/adc.c.obj
                0x0800b5d0                MX_ADC2_Init
 .text.HAL_ADC_MspInit
                0x0800b6a0      0x1fc CMakeFiles/ESC_G4.dir/Core/Src/adc.c.obj
                0x0800b6a0                HAL_ADC_MspInit
 .text.MX_DMA_Init
                0x0800b89c       0x84 CMakeFiles/ESC_G4.dir/Core/Src/dma.c.obj
                0x0800b89c                MX_DMA_Init
 .text.MX_FDCAN1_Init
                0x0800b920       0x8c CMakeFiles/ESC_G4.dir/Core/Src/fdcan.c.obj
                0x0800b920                MX_FDCAN1_Init
 .text.HAL_FDCAN_MspInit
                0x0800b9ac       0xb4 CMakeFiles/ESC_G4.dir/Core/Src/fdcan.c.obj
                0x0800b9ac                HAL_FDCAN_MspInit
 .text.MX_SPI1_Init
                0x0800ba60       0x7c CMakeFiles/ESC_G4.dir/Core/Src/spi.c.obj
                0x0800ba60                MX_SPI1_Init
 .text.HAL_SPI_MspInit
                0x0800badc       0x84 CMakeFiles/ESC_G4.dir/Core/Src/spi.c.obj
                0x0800badc                HAL_SPI_MspInit
 .text.MX_TIM1_Init
                0x0800bb60      0x190 CMakeFiles/ESC_G4.dir/Core/Src/tim.c.obj
                0x0800bb60                MX_TIM1_Init
 .text.MX_TIM2_Init
                0x0800bcf0       0xec CMakeFiles/ESC_G4.dir/Core/Src/tim.c.obj
                0x0800bcf0                MX_TIM2_Init
 .text.MX_TIM3_Init
                0x0800bddc       0xec CMakeFiles/ESC_G4.dir/Core/Src/tim.c.obj
                0x0800bddc                MX_TIM3_Init
 .text.MX_TIM6_Init
                0x0800bec8       0x6c CMakeFiles/ESC_G4.dir/Core/Src/tim.c.obj
                0x0800bec8                MX_TIM6_Init
 .text.MX_TIM8_Init
                0x0800bf34       0xec CMakeFiles/ESC_G4.dir/Core/Src/tim.c.obj
                0x0800bf34                MX_TIM8_Init
 .text.MX_TIM15_Init
                0x0800c020       0xa4 CMakeFiles/ESC_G4.dir/Core/Src/tim.c.obj
                0x0800c020                MX_TIM15_Init
 .text.MX_TIM16_Init
                0x0800c0c4       0x4c CMakeFiles/ESC_G4.dir/Core/Src/tim.c.obj
                0x0800c0c4                MX_TIM16_Init
 .text.HAL_TIM_Base_MspInit
                0x0800c110      0x1f0 CMakeFiles/ESC_G4.dir/Core/Src/tim.c.obj
                0x0800c110                HAL_TIM_Base_MspInit
 .text.HAL_TIM_MspPostInit
                0x0800c300      0x15c CMakeFiles/ESC_G4.dir/Core/Src/tim.c.obj
                0x0800c300                HAL_TIM_MspPostInit
 .text.MX_UART4_Init
                0x0800c45c       0xa0 CMakeFiles/ESC_G4.dir/Core/Src/usart.c.obj
                0x0800c45c                MX_UART4_Init
 .text.MX_USART1_UART_Init
                0x0800c4fc       0x9c CMakeFiles/ESC_G4.dir/Core/Src/usart.c.obj
                0x0800c4fc                MX_USART1_UART_Init
 .text.MX_USART2_UART_Init
                0x0800c598       0x9c CMakeFiles/ESC_G4.dir/Core/Src/usart.c.obj
                0x0800c598                MX_USART2_UART_Init
 .text.HAL_UART_MspInit
                0x0800c634      0x2c4 CMakeFiles/ESC_G4.dir/Core/Src/usart.c.obj
                0x0800c634                HAL_UART_MspInit
 .text.NMI_Handler
                0x0800c8f8        0x8 CMakeFiles/ESC_G4.dir/Core/Src/stm32g4xx_it.c.obj
                0x0800c8f8                NMI_Handler
 .text.HardFault_Handler
                0x0800c900        0x8 CMakeFiles/ESC_G4.dir/Core/Src/stm32g4xx_it.c.obj
                0x0800c900                HardFault_Handler
 .text.MemManage_Handler
                0x0800c908        0x8 CMakeFiles/ESC_G4.dir/Core/Src/stm32g4xx_it.c.obj
                0x0800c908                MemManage_Handler
 .text.BusFault_Handler
                0x0800c910        0x8 CMakeFiles/ESC_G4.dir/Core/Src/stm32g4xx_it.c.obj
                0x0800c910                BusFault_Handler
 .text.UsageFault_Handler
                0x0800c918        0x8 CMakeFiles/ESC_G4.dir/Core/Src/stm32g4xx_it.c.obj
                0x0800c918                UsageFault_Handler
 .text.DebugMon_Handler
                0x0800c920        0xe CMakeFiles/ESC_G4.dir/Core/Src/stm32g4xx_it.c.obj
                0x0800c920                DebugMon_Handler
 .text.SysTick_Handler
                0x0800c92e       0x1a CMakeFiles/ESC_G4.dir/Core/Src/stm32g4xx_it.c.obj
                0x0800c92e                SysTick_Handler
 .text.EXTI4_IRQHandler
                0x0800c948        0xe CMakeFiles/ESC_G4.dir/Core/Src/stm32g4xx_it.c.obj
                0x0800c948                EXTI4_IRQHandler
 *fill*         0x0800c956        0x2 
 .text.DMA1_Channel1_IRQHandler
                0x0800c958       0x14 CMakeFiles/ESC_G4.dir/Core/Src/stm32g4xx_it.c.obj
                0x0800c958                DMA1_Channel1_IRQHandler
 .text.DMA1_Channel2_IRQHandler
                0x0800c96c       0x14 CMakeFiles/ESC_G4.dir/Core/Src/stm32g4xx_it.c.obj
                0x0800c96c                DMA1_Channel2_IRQHandler
 .text.DMA1_Channel3_IRQHandler
                0x0800c980       0x14 CMakeFiles/ESC_G4.dir/Core/Src/stm32g4xx_it.c.obj
                0x0800c980                DMA1_Channel3_IRQHandler
 .text.DMA1_Channel4_IRQHandler
                0x0800c994       0x14 CMakeFiles/ESC_G4.dir/Core/Src/stm32g4xx_it.c.obj
                0x0800c994                DMA1_Channel4_IRQHandler
 .text.ADC1_2_IRQHandler
                0x0800c9a8       0x1c CMakeFiles/ESC_G4.dir/Core/Src/stm32g4xx_it.c.obj
                0x0800c9a8                ADC1_2_IRQHandler
 .text.TIM2_IRQHandler
                0x0800c9c4       0x14 CMakeFiles/ESC_G4.dir/Core/Src/stm32g4xx_it.c.obj
                0x0800c9c4                TIM2_IRQHandler
 .text.USART1_IRQHandler
                0x0800c9d8       0x14 CMakeFiles/ESC_G4.dir/Core/Src/stm32g4xx_it.c.obj
                0x0800c9d8                USART1_IRQHandler
 .text.USART2_IRQHandler
                0x0800c9ec       0x14 CMakeFiles/ESC_G4.dir/Core/Src/stm32g4xx_it.c.obj
                0x0800c9ec                USART2_IRQHandler
 .text.TIM6_DAC_IRQHandler
                0x0800ca00       0x14 CMakeFiles/ESC_G4.dir/Core/Src/stm32g4xx_it.c.obj
                0x0800ca00                TIM6_DAC_IRQHandler
 .text.HAL_MspInit
                0x0800ca14       0x54 CMakeFiles/ESC_G4.dir/Core/Src/stm32g4xx_hal_msp.c.obj
                0x0800ca14                HAL_MspInit
 .text.Reset_Handler
                0x0800ca68       0x50 CMakeFiles/ESC_G4.dir/startup_stm32g431xx.s.obj
                0x0800ca68                Reset_Handler
 .text.Default_Handler
                0x0800cab8        0x2 CMakeFiles/ESC_G4.dir/startup_stm32g431xx.s.obj
                0x0800cab8                RTC_Alarm_IRQHandler
                0x0800cab8                EXTI2_IRQHandler
                0x0800cab8                TIM8_TRG_COM_IRQHandler
                0x0800cab8                TIM8_CC_IRQHandler
                0x0800cab8                TIM1_CC_IRQHandler
                0x0800cab8                USB_HP_IRQHandler
                0x0800cab8                CORDIC_IRQHandler
                0x0800cab8                EXTI3_IRQHandler
                0x0800cab8                I2C3_ER_IRQHandler
                0x0800cab8                EXTI0_IRQHandler
                0x0800cab8                I2C2_EV_IRQHandler
                0x0800cab8                FPU_IRQHandler
                0x0800cab8                FDCAN1_IT1_IRQHandler
                0x0800cab8                TIM1_UP_TIM16_IRQHandler
                0x0800cab8                SPI1_IRQHandler
                0x0800cab8                TIM8_UP_IRQHandler
                0x0800cab8                DMA2_Channel2_IRQHandler
                0x0800cab8                USART3_IRQHandler
                0x0800cab8                TIM4_IRQHandler
                0x0800cab8                DMA2_Channel1_IRQHandler
                0x0800cab8                I2C1_EV_IRQHandler
                0x0800cab8                DMA1_Channel6_IRQHandler
                0x0800cab8                UART4_IRQHandler
                0x0800cab8                DMA2_Channel4_IRQHandler
                0x0800cab8                TIM3_IRQHandler
                0x0800cab8                RCC_IRQHandler
                0x0800cab8                Default_Handler
                0x0800cab8                RTC_TAMP_LSECSS_IRQHandler
                0x0800cab8                FMAC_IRQHandler
                0x0800cab8                EXTI15_10_IRQHandler
                0x0800cab8                TIM7_IRQHandler
                0x0800cab8                UCPD1_IRQHandler
                0x0800cab8                I2C3_EV_IRQHandler
                0x0800cab8                EXTI9_5_IRQHandler
                0x0800cab8                RTC_WKUP_IRQHandler
                0x0800cab8                PVD_PVM_IRQHandler
                0x0800cab8                SPI2_IRQHandler
                0x0800cab8                DMA2_Channel5_IRQHandler
                0x0800cab8                CRS_IRQHandler
                0x0800cab8                DMA1_Channel5_IRQHandler
                0x0800cab8                USB_LP_IRQHandler
                0x0800cab8                RNG_IRQHandler
                0x0800cab8                TIM1_TRG_COM_TIM17_IRQHandler
                0x0800cab8                WWDG_IRQHandler
                0x0800cab8                LPUART1_IRQHandler
                0x0800cab8                DMA2_Channel6_IRQHandler
                0x0800cab8                FDCAN1_IT0_IRQHandler
                0x0800cab8                COMP1_2_3_IRQHandler
                0x0800cab8                EXTI1_IRQHandler
                0x0800cab8                I2C2_ER_IRQHandler
                0x0800cab8                TIM8_BRK_IRQHandler
                0x0800cab8                FLASH_IRQHandler
                0x0800cab8                SPI3_IRQHandler
                0x0800cab8                I2C1_ER_IRQHandler
                0x0800cab8                LPTIM1_IRQHandler
                0x0800cab8                DMAMUX_OVR_IRQHandler
                0x0800cab8                USBWakeUp_IRQHandler
                0x0800cab8                SAI1_IRQHandler
                0x0800cab8                DMA2_Channel3_IRQHandler
                0x0800cab8                COMP4_IRQHandler
                0x0800cab8                TIM1_BRK_TIM15_IRQHandler
 .text.Anti_Park_Transform
                0x0800caba       0x7a CMakeFiles/ESC_G4.dir/Library/Src/FOC.c.obj
                0x0800caba                Anti_Park_Transform
 .text.SVPWM    0x0800cb34      0x3f4 CMakeFiles/ESC_G4.dir/Library/Src/FOC.c.obj
                0x0800cb34                SVPWM
 .text.Three_Phase_Inverter_Start
                0x0800cf28       0x44 CMakeFiles/ESC_G4.dir/Library/Src/FOC_Portable.c.obj
                0x0800cf28                Three_Phase_Inverter_Start
 .text.Three_Phase_Inverter_Stop
                0x0800cf6c       0x44 CMakeFiles/ESC_G4.dir/Library/Src/FOC_Portable.c.obj
                0x0800cf6c                Three_Phase_Inverter_Stop
 .text.LIVE_Light_On
                0x0800cfb0       0x18 CMakeFiles/ESC_G4.dir/Library/Src/FOC_Portable.c.obj
                0x0800cfb0                LIVE_Light_On
 .text.LIVE_Light_Off
                0x0800cfc8       0x18 CMakeFiles/ESC_G4.dir/Library/Src/FOC_Portable.c.obj
                0x0800cfc8                LIVE_Light_Off
 .text.OS_Init  0x0800cfe0       0x38 CMakeFiles/ESC_G4.dir/Library/Src/OS_Support.c.obj
                0x0800cfe0                OS_Init
 .text.Live_Task
                0x0800d018       0x4c CMakeFiles/ESC_G4.dir/OS_App/LIVE_task.c.obj
                0x0800d018                Live_Task
 .text.BTN_Set_Task
                0x0800d064       0x50 CMakeFiles/ESC_G4.dir/OS_App/BTN_Set_task.c.obj
                0x0800d064                BTN_Set_Task
 .text.FOC_Task
                0x0800d0b4      0x150 CMakeFiles/ESC_G4.dir/OS_App/FOC_task.c.obj
                0x0800d0b4                FOC_Task
 .text.BusBar_Task
                0x0800d204       0xec CMakeFiles/ESC_G4.dir/OS_App/BusBar_task.c.obj
                0x0800d204                BusBar_Task
 .text.HAL_GPIO_EXTI_Callback
                0x0800d2f0       0x30 CMakeFiles/ESC_G4.dir/OS_App/ISR_Proc.c.obj
                0x0800d2f0                HAL_GPIO_EXTI_Callback
 .text.HAL_ADCEx_InjectedConvCpltCallback
                0x0800d320       0x14 CMakeFiles/ESC_G4.dir/OS_App/ISR_Proc.c.obj
                0x0800d320                HAL_ADCEx_InjectedConvCpltCallback
 .text.HAL_ADC_ConvCpltCallback
                0x0800d334       0x38 CMakeFiles/ESC_G4.dir/OS_App/ISR_Proc.c.obj
                0x0800d334                HAL_ADC_ConvCpltCallback
 .text.cosf     0x0800d36c       0x70 C:/Software/EMBEDD~1/ARM_GCC/142BCE~1.3RE/bin/../lib/gcc/arm-none-eabi/14.3.1/../../../../arm-none-eabi/lib/thumb/v7e-m+fp/hard\libm.a(libm_a-sf_cos.o)
                0x0800d36c                cosf
 .text.sinf     0x0800d3dc       0x74 C:/Software/EMBEDD~1/ARM_GCC/142BCE~1.3RE/bin/../lib/gcc/arm-none-eabi/14.3.1/../../../../arm-none-eabi/lib/thumb/v7e-m+fp/hard\libm.a(libm_a-sf_sin.o)
                0x0800d3dc                sinf
 .text.__kernel_cosf
                0x0800d450      0x104 C:/Software/EMBEDD~1/ARM_GCC/142BCE~1.3RE/bin/../lib/gcc/arm-none-eabi/14.3.1/../../../../arm-none-eabi/lib/thumb/v7e-m+fp/hard\libm.a(libm_a-kf_cos.o)
                0x0800d450                __kernel_cosf
 .text.__kernel_sinf
                0x0800d554       0x90 C:/Software/EMBEDD~1/ARM_GCC/142BCE~1.3RE/bin/../lib/gcc/arm-none-eabi/14.3.1/../../../../arm-none-eabi/lib/thumb/v7e-m+fp/hard\libm.a(libm_a-kf_sin.o)
                0x0800d554                __kernel_sinf
 .text.__ieee754_rem_pio2f
                0x0800d5e4      0x26c C:/Software/EMBEDD~1/ARM_GCC/142BCE~1.3RE/bin/../lib/gcc/arm-none-eabi/14.3.1/../../../../arm-none-eabi/lib/thumb/v7e-m+fp/hard\libm.a(libm_a-ef_rem_pio2.o)
                0x0800d5e4                __ieee754_rem_pio2f
 .text.fabsf    0x0800d850       0x10 C:/Software/EMBEDD~1/ARM_GCC/142BCE~1.3RE/bin/../lib/gcc/arm-none-eabi/14.3.1/../../../../arm-none-eabi/lib/thumb/v7e-m+fp/hard\libm.a(libm_a-sf_fabs.o)
                0x0800d850                fabsf
 .text.__kernel_rem_pio2f
                0x0800d860      0x68c C:/Software/EMBEDD~1/ARM_GCC/142BCE~1.3RE/bin/../lib/gcc/arm-none-eabi/14.3.1/../../../../arm-none-eabi/lib/thumb/v7e-m+fp/hard\libm.a(libm_a-kf_rem_pio2.o)
                0x0800d860                __kernel_rem_pio2f
 .text.scalbnf  0x0800deec       0xdc C:/Software/EMBEDD~1/ARM_GCC/142BCE~1.3RE/bin/../lib/gcc/arm-none-eabi/14.3.1/../../../../arm-none-eabi/lib/thumb/v7e-m+fp/hard\libm.a(libm_a-sf_scalbn.o)
                0x0800deec                scalbnf
 .text.floorf   0x0800dfc8       0x94 C:/Software/EMBEDD~1/ARM_GCC/142BCE~1.3RE/bin/../lib/gcc/arm-none-eabi/14.3.1/../../../../arm-none-eabi/lib/thumb/v7e-m+fp/hard\libm.a(libm_a-sf_floor.o)
                0x0800dfc8                floorf
 .text.__udivmoddi4
                0x0800e05c      0x2f8 C:/Software/EMBEDD~1/ARM_GCC/142BCE~1.3RE/bin/../lib/gcc/arm-none-eabi/14.3.1/thumb/v7e-m+fp/hard\libgcc.a(_udivmoddi4.o)
                0x0800e05c                __udivmoddi4
 .text.memset   0x0800e354       0x10 C:/Software/EMBEDD~1/ARM_GCC/142BCE~1.3RE/bin/../lib/gcc/arm-none-eabi/14.3.1/../../../../arm-none-eabi/lib/thumb/v7e-m+fp/hard\libg_nano.a(libc_a-memset.o)
                0x0800e354                memset
 .text.__libc_init_array
                0x0800e364       0x48 C:/Software/EMBEDD~1/ARM_GCC/142BCE~1.3RE/bin/../lib/gcc/arm-none-eabi/14.3.1/../../../../arm-none-eabi/lib/thumb/v7e-m+fp/hard\libg_nano.a(libc_a-init.o)
                0x0800e364                __libc_init_array
 .text.memcpy   0x0800e3ac       0x1c C:/Software/EMBEDD~1/ARM_GCC/142BCE~1.3RE/bin/../lib/gcc/arm-none-eabi/14.3.1/../../../../arm-none-eabi/lib/thumb/v7e-m+fp/hard\libg_nano.a(libc_a-memcpy-stub.o)
                0x0800e3ac                memcpy
 *(.glue_7)
 .glue_7        0x0800e3c8        0x0 linker stubs
 *(.glue_7t)
 .glue_7t       0x0800e3c8        0x0 linker stubs
 *(.eh_frame)
 .eh_frame      0x0800e3c8        0x0 C:/Software/EMBEDD~1/ARM_GCC/142BCE~1.3RE/bin/../lib/gcc/arm-none-eabi/14.3.1/thumb/v7e-m+fp/hard/crtbegin.o
 *(.init)
 .init          0x0800e3c8        0x4 C:/Software/EMBEDD~1/ARM_GCC/142BCE~1.3RE/bin/../lib/gcc/arm-none-eabi/14.3.1/thumb/v7e-m+fp/hard/crti.o
                0x0800e3c8                _init
 .init          0x0800e3cc        0x8 C:/Software/EMBEDD~1/ARM_GCC/142BCE~1.3RE/bin/../lib/gcc/arm-none-eabi/14.3.1/thumb/v7e-m+fp/hard/crtn.o
 *(.fini)
 .fini          0x0800e3d4        0x4 C:/Software/EMBEDD~1/ARM_GCC/142BCE~1.3RE/bin/../lib/gcc/arm-none-eabi/14.3.1/thumb/v7e-m+fp/hard/crti.o
                0x0800e3d4                _fini
 .fini          0x0800e3d8        0x8 C:/Software/EMBEDD~1/ARM_GCC/142BCE~1.3RE/bin/../lib/gcc/arm-none-eabi/14.3.1/thumb/v7e-m+fp/hard/crtn.o
                0x0800e3e0                        . = ALIGN (0x4)
                0x0800e3e0                        _etext = .

.vfp11_veneer   0x0800e3e0        0x0
 .vfp11_veneer  0x0800e3e0        0x0 linker stubs

.v4_bx          0x0800e3e0        0x0
 .v4_bx         0x0800e3e0        0x0 linker stubs

.iplt           0x0800e3e0        0x0
 .iplt          0x0800e3e0        0x0 C:/Software/EMBEDD~1/ARM_GCC/142BCE~1.3RE/bin/../lib/gcc/arm-none-eabi/14.3.1/thumb/v7e-m+fp/hard/crtbegin.o

.rodata         0x0800e3e0      0x4d4
                0x0800e3e0                        . = ALIGN (0x4)
 *(.rodata)
 .rodata        0x0800e3e0        0x5 cmake/stm32cubemx/CMakeFiles/FreeRTOS.dir/__/__/Middlewares/Third_Party/FreeRTOS/Source/tasks.c.obj
 *fill*         0x0800e3e5        0x3 
 .rodata        0x0800e3e8        0xd cmake/stm32cubemx/CMakeFiles/FreeRTOS.dir/__/__/Middlewares/Third_Party/FreeRTOS/Source/timers.c.obj
 *fill*         0x0800e3f5        0x3 
 .rodata        0x0800e3f8       0x40 CMakeFiles/ESC_G4.dir/Core/Src/app_freertos.c.obj
 .rodata        0x0800e438       0x24 CMakeFiles/ESC_G4.dir/Library/Src/OS_Support.c.obj
 *(.rodata*)
 .rodata.AHBPrescTable
                0x0800e45c       0x10 cmake/stm32cubemx/CMakeFiles/STM32_Drivers.dir/__/__/Core/Src/system_stm32g4xx.c.obj
                0x0800e45c                AHBPrescTable
 .rodata.APBPrescTable
                0x0800e46c        0x8 cmake/stm32cubemx/CMakeFiles/STM32_Drivers.dir/__/__/Core/Src/system_stm32g4xx.c.obj
                0x0800e46c                APBPrescTable
 .rodata.UARTPrescTable
                0x0800e474       0x18 cmake/stm32cubemx/CMakeFiles/STM32_Drivers.dir/__/__/Drivers/STM32G4xx_HAL_Driver/Src/stm32g4xx_hal_uart.c.obj
                0x0800e474                UARTPrescTable
 .rodata.numerator.1
                0x0800e48c        0x8 cmake/stm32cubemx/CMakeFiles/STM32_Drivers.dir/__/__/Drivers/STM32G4xx_HAL_Driver/Src/stm32g4xx_hal_uart_ex.c.obj
 .rodata.denominator.0
                0x0800e494        0x8 cmake/stm32cubemx/CMakeFiles/STM32_Drivers.dir/__/__/Drivers/STM32G4xx_HAL_Driver/Src/stm32g4xx_hal_uart_ex.c.obj
 .rodata.defaultTask_attributes
                0x0800e49c       0x24 CMakeFiles/ESC_G4.dir/Core/Src/app_freertos.c.obj
                0x0800e49c                defaultTask_attributes
 .rodata.sqrt3.0
                0x0800e4c0        0x4 CMakeFiles/ESC_G4.dir/Library/Src/FOC.c.obj
 .rodata.EXTI_event_Group_attributes
                0x0800e4c4       0x10 CMakeFiles/ESC_G4.dir/Library/Src/OS_Support.c.obj
                0x0800e4c4                EXTI_event_Group_attributes
 .rodata.ADC_event_Group_attributes
                0x0800e4d4       0x10 CMakeFiles/ESC_G4.dir/Library/Src/OS_Support.c.obj
                0x0800e4d4                ADC_event_Group_attributes
 .rodata.npio2_hw
                0x0800e4e4       0x80 C:/Software/EMBEDD~1/ARM_GCC/142BCE~1.3RE/bin/../lib/gcc/arm-none-eabi/14.3.1/../../../../arm-none-eabi/lib/thumb/v7e-m+fp/hard\libm.a(libm_a-ef_rem_pio2.o)
 .rodata.two_over_pi
                0x0800e564      0x318 C:/Software/EMBEDD~1/ARM_GCC/142BCE~1.3RE/bin/../lib/gcc/arm-none-eabi/14.3.1/../../../../arm-none-eabi/lib/thumb/v7e-m+fp/hard\libm.a(libm_a-ef_rem_pio2.o)
 .rodata.PIo2   0x0800e87c       0x2c C:/Software/EMBEDD~1/ARM_GCC/142BCE~1.3RE/bin/../lib/gcc/arm-none-eabi/14.3.1/../../../../arm-none-eabi/lib/thumb/v7e-m+fp/hard\libm.a(libm_a-kf_rem_pio2.o)
 .rodata.init_jk
                0x0800e8a8        0xc C:/Software/EMBEDD~1/ARM_GCC/142BCE~1.3RE/bin/../lib/gcc/arm-none-eabi/14.3.1/../../../../arm-none-eabi/lib/thumb/v7e-m+fp/hard\libm.a(libm_a-kf_rem_pio2.o)
                0x0800e8b4                        . = ALIGN (0x4)

.ARM.extab      0x0800e8b4        0x0
                0x0800e8b4                        . = ALIGN (0x4)
 *(.ARM.extab* .gnu.linkonce.armextab.*)
                0x0800e8b4                        . = ALIGN (0x4)

.ARM            0x0800e8b4        0x8
                0x0800e8b4                        . = ALIGN (0x4)
                0x0800e8b4                        __exidx_start = .
 *(.ARM.exidx*)
 .ARM.exidx.text.__udivmoddi4
                0x0800e8b4        0x8 C:/Software/EMBEDD~1/ARM_GCC/142BCE~1.3RE/bin/../lib/gcc/arm-none-eabi/14.3.1/thumb/v7e-m+fp/hard\libgcc.a(_udivmoddi4.o)
                0x0800e8bc                        __exidx_end = .
                0x0800e8bc                        . = ALIGN (0x4)

.preinit_array  0x0800e8bc        0x0
                0x0800e8bc                        . = ALIGN (0x4)
                0x0800e8bc                        PROVIDE (__preinit_array_start = .)
 *(.preinit_array*)
                0x0800e8bc                        PROVIDE (__preinit_array_end = .)
                0x0800e8bc                        . = ALIGN (0x4)

.init_array     0x0800e8bc        0x4
                0x0800e8bc                        . = ALIGN (0x4)
                0x0800e8bc                        PROVIDE (__init_array_start = .)
 *(SORT_BY_NAME(.init_array.*))
 *(.init_array*)
 .init_array    0x0800e8bc        0x4 C:/Software/EMBEDD~1/ARM_GCC/142BCE~1.3RE/bin/../lib/gcc/arm-none-eabi/14.3.1/thumb/v7e-m+fp/hard/crtbegin.o
                0x0800e8c0                        PROVIDE (__init_array_end = .)
                0x0800e8c0                        . = ALIGN (0x4)

.fini_array     0x0800e8c0        0x4
                0x0800e8c0                        . = ALIGN (0x4)
                [!provide]                        PROVIDE (__fini_array_start = .)
 *(SORT_BY_NAME(.fini_array.*))
 *(.fini_array*)
 .fini_array    0x0800e8c0        0x4 C:/Software/EMBEDD~1/ARM_GCC/142BCE~1.3RE/bin/../lib/gcc/arm-none-eabi/14.3.1/thumb/v7e-m+fp/hard/crtbegin.o
                [!provide]                        PROVIDE (__fini_array_end = .)
                0x0800e8c4                        . = ALIGN (0x4)
                0x0800e8c4                        _sidata = LOADADDR (.data)

.rel.dyn        0x0800e8c4        0x0
 .rel.iplt      0x0800e8c4        0x0 C:/Software/EMBEDD~1/ARM_GCC/142BCE~1.3RE/bin/../lib/gcc/arm-none-eabi/14.3.1/thumb/v7e-m+fp/hard/crtbegin.o

.data           0x20000000       0x14 load address 0x0800e8c4
                0x20000000                        . = ALIGN (0x4)
                0x20000000                        _sdata = .
 *(.data)
 *(.data*)
 .data.SystemCoreClock
                0x20000000        0x4 cmake/stm32cubemx/CMakeFiles/STM32_Drivers.dir/__/__/Core/Src/system_stm32g4xx.c.obj
                0x20000000                SystemCoreClock
 .data.uwTickPrio
                0x20000004        0x4 cmake/stm32cubemx/CMakeFiles/STM32_Drivers.dir/__/__/Drivers/STM32G4xx_HAL_Driver/Src/stm32g4xx_hal.c.obj
                0x20000004                uwTickPrio
 .data.uwTickFreq
                0x20000008        0x4 cmake/stm32cubemx/CMakeFiles/STM32_Drivers.dir/__/__/Drivers/STM32G4xx_HAL_Driver/Src/stm32g4xx_hal.c.obj
                0x20000008                uwTickFreq
 .data.uxCriticalNesting
                0x2000000c        0x4 cmake/stm32cubemx/CMakeFiles/FreeRTOS.dir/__/__/Middlewares/Third_Party/FreeRTOS/Source/portable/GCC/ARM_CM4F/port.c.obj
 .data.VBarbus  0x20000010        0x4 CMakeFiles/ESC_G4.dir/OS_App/FOC_task.c.obj
                0x20000010                VBarbus
 *(.RamFunc)
 *(.RamFunc*)
                0x20000014                        . = ALIGN (0x4)

.tm_clone_table
                0x20000014        0x0 load address 0x0800e8d8
 .tm_clone_table
                0x20000014        0x0 C:/Software/EMBEDD~1/ARM_GCC/142BCE~1.3RE/bin/../lib/gcc/arm-none-eabi/14.3.1/thumb/v7e-m+fp/hard/crtbegin.o
 .tm_clone_table
                0x20000014        0x0 C:/Software/EMBEDD~1/ARM_GCC/142BCE~1.3RE/bin/../lib/gcc/arm-none-eabi/14.3.1/thumb/v7e-m+fp/hard/crtend.o

.igot.plt       0x20000014        0x0 load address 0x0800e8d8
 .igot.plt      0x20000014        0x0 C:/Software/EMBEDD~1/ARM_GCC/142BCE~1.3RE/bin/../lib/gcc/arm-none-eabi/14.3.1/thumb/v7e-m+fp/hard/crtbegin.o

.tdata          0x20000014        0x0 load address 0x0800e8d8
 *(.tdata .tdata.* .gnu.linkonce.td.*)
                0x20000014                        . = ALIGN (0x4)
                0x20000014                        _edata = .
                [!provide]                        PROVIDE (__data_end = .)
                [!provide]                        PROVIDE (__tdata_end = .)
                [!provide]                        PROVIDE (__tdata_start = ADDR (.tdata))
                [!provide]                        PROVIDE (__tdata_size = (__tdata_end - __tdata_start))
                [!provide]                        PROVIDE (__data_start = ADDR (.data))
                [!provide]                        PROVIDE (__data_size = (__data_end - __data_start))
                [!provide]                        PROVIDE (__tdata_source = LOADADDR (.tdata))
                [!provide]                        PROVIDE (__tdata_source_end = (LOADADDR (.tdata) + SIZEOF (.tdata)))
                [!provide]                        PROVIDE (__tdata_source_size = (__tdata_source_end - __tdata_source))
                [!provide]                        PROVIDE (__data_source = LOADADDR (.data))
                [!provide]                        PROVIDE (__data_source_end = __tdata_source_end)
                [!provide]                        PROVIDE (__data_source_size = (__data_source_end - __data_source))

.tbss           0x20000014        0x0 load address 0x0800e8d8
                0x20000014                        _sbss = .
                0x20000014                        __bss_start__ = _sbss
 *(.tbss .tbss.*)
                0x20000014                        . = ALIGN (0x4)
                [!provide]                        PROVIDE (__tbss_end = .)
                [!provide]                        PROVIDE (__tbss_start = ADDR (.tbss))
                [!provide]                        PROVIDE (__tbss_size = (__tbss_end - __tbss_start))
                [!provide]                        PROVIDE (__tbss_offset = (ADDR (.tbss) - ADDR (.tdata)))
                [!provide]                        PROVIDE (__tls_base = __tdata_start)
                [!provide]                        PROVIDE (__tls_end = __tbss_end)
                [!provide]                        PROVIDE (__tls_size = (__tls_end - __tls_base))
                [!provide]                        PROVIDE (__tls_align = MAX (ALIGNOF (.tdata), ALIGNOF (.tbss)))
                [!provide]                        PROVIDE (__tls_size_align = (((__tls_size + __tls_align) - 0x1) & ~ ((__tls_align - 0x1))))
                [!provide]                        PROVIDE (__arm32_tls_tcb_offset = MAX (0x8, __tls_align))
                [!provide]                        PROVIDE (__arm64_tls_tcb_offset = MAX (0x10, __tls_align))

.bss            0x20000014     0x38a8 load address 0x0800e8d8
 *(.bss)
 *(.bss*)
 .bss.completed.1
                0x20000014        0x1 C:/Software/EMBEDD~1/ARM_GCC/142BCE~1.3RE/bin/../lib/gcc/arm-none-eabi/14.3.1/thumb/v7e-m+fp/hard/crtbegin.o
 *fill*         0x20000015        0x3 
 .bss.object.0  0x20000018       0x18 C:/Software/EMBEDD~1/ARM_GCC/142BCE~1.3RE/bin/../lib/gcc/arm-none-eabi/14.3.1/thumb/v7e-m+fp/hard/crtbegin.o
 .bss.uwTick    0x20000030        0x4 cmake/stm32cubemx/CMakeFiles/STM32_Drivers.dir/__/__/Drivers/STM32G4xx_HAL_Driver/Src/stm32g4xx_hal.c.obj
                0x20000030                uwTick
 .bss.xQueueRegistry
                0x20000034       0x40 cmake/stm32cubemx/CMakeFiles/FreeRTOS.dir/__/__/Middlewares/Third_Party/FreeRTOS/Source/queue.c.obj
                0x20000034                xQueueRegistry
 .bss.pxCurrentTCB
                0x20000074        0x4 cmake/stm32cubemx/CMakeFiles/FreeRTOS.dir/__/__/Middlewares/Third_Party/FreeRTOS/Source/tasks.c.obj
                0x20000074                pxCurrentTCB
 .bss.pxReadyTasksLists